Archive member included to satisfy reference by file (symbol)

c:/progra~2/gnuarm~1/102021~1.10/bin/../lib/gcc/arm-none-eabi/10.3.1/thumb/v7e-m/nofp\libgcc.a(_arm_mulsf3.o)
                              CMakeFiles/750XBH6_LVGL.elf.dir/Core/Src/system_stm32h7xx.c.obj (__aeabi_fmul)
c:/progra~2/gnuarm~1/102021~1.10/bin/../lib/gcc/arm-none-eabi/10.3.1/thumb/v7e-m/nofp\libgcc.a(_arm_addsubsf3.o)
                              CMakeFiles/750XBH6_LVGL.elf.dir/Core/Src/system_stm32h7xx.c.obj (__aeabi_fadd)
c:/progra~2/gnuarm~1/102021~1.10/bin/../lib/gcc/arm-none-eabi/10.3.1/thumb/v7e-m/nofp\libgcc.a(_arm_muldivsf3.o)
                              CMakeFiles/750XBH6_LVGL.elf.dir/Core/Src/system_stm32h7xx.c.obj (__aeabi_fdiv)
c:/progra~2/gnuarm~1/102021~1.10/bin/../lib/gcc/arm-none-eabi/10.3.1/thumb/v7e-m/nofp\libgcc.a(_arm_fixunssfsi.o)
                              CMakeFiles/750XBH6_LVGL.elf.dir/Core/Src/system_stm32h7xx.c.obj (__aeabi_f2uiz)
c:/progra~2/gnuarm~1/102021~1.10/bin/../lib/gcc/arm-none-eabi/10.3.1/thumb/v7e-m/nofp\libgcc.a(_aeabi_uldivmod.o)
                              CMakeFiles/750XBH6_LVGL.elf.dir/Drivers/STM32H7xx_HAL_Driver/Src/stm32h7xx_hal_uart.c.obj (__aeabi_uldivmod)
c:/progra~2/gnuarm~1/102021~1.10/bin/../lib/gcc/arm-none-eabi/10.3.1/thumb/v7e-m/nofp\libgcc.a(_udivmoddi4.o)
                              c:/progra~2/gnuarm~1/102021~1.10/bin/../lib/gcc/arm-none-eabi/10.3.1/thumb/v7e-m/nofp\libgcc.a(_aeabi_uldivmod.o) (__udivmoddi4)
c:/progra~2/gnuarm~1/102021~1.10/bin/../lib/gcc/arm-none-eabi/10.3.1/thumb/v7e-m/nofp\libgcc.a(_dvmd_tls.o)
                              c:/progra~2/gnuarm~1/102021~1.10/bin/../lib/gcc/arm-none-eabi/10.3.1/thumb/v7e-m/nofp\libgcc.a(_aeabi_uldivmod.o) (__aeabi_ldiv0)
c:/progra~2/gnuarm~1/102021~1.10/bin/../lib/gcc/arm-none-eabi/10.3.1/../../../../arm-none-eabi/lib/thumb/v7e-m/nofp\libg.a(lib_a-errno.o)
                              CMakeFiles/750XBH6_LVGL.elf.dir/Core/Src/syscalls.c.obj (__errno)
c:/progra~2/gnuarm~1/102021~1.10/bin/../lib/gcc/arm-none-eabi/10.3.1/../../../../arm-none-eabi/lib/thumb/v7e-m/nofp\libg.a(lib_a-exit.o)
                              c:/progra~2/gnuarm~1/102021~1.10/bin/../lib/gcc/arm-none-eabi/10.3.1/../../../../arm-none-eabi/lib/thumb/v7e-m/nofp/crt0.o (exit)
c:/progra~2/gnuarm~1/102021~1.10/bin/../lib/gcc/arm-none-eabi/10.3.1/../../../../arm-none-eabi/lib/thumb/v7e-m/nofp\libg.a(lib_a-impure.o)
                              c:/progra~2/gnuarm~1/102021~1.10/bin/../lib/gcc/arm-none-eabi/10.3.1/../../../../arm-none-eabi/lib/thumb/v7e-m/nofp\libg.a(lib_a-exit.o) (_global_impure_ptr)
c:/progra~2/gnuarm~1/102021~1.10/bin/../lib/gcc/arm-none-eabi/10.3.1/../../../../arm-none-eabi/lib/thumb/v7e-m/nofp\libg.a(lib_a-init.o)
                              c:/progra~2/gnuarm~1/102021~1.10/bin/../lib/gcc/arm-none-eabi/10.3.1/../../../../arm-none-eabi/lib/thumb/v7e-m/nofp/crt0.o (__libc_init_array)
c:/progra~2/gnuarm~1/102021~1.10/bin/../lib/gcc/arm-none-eabi/10.3.1/../../../../arm-none-eabi/lib/thumb/v7e-m/nofp\libg.a(lib_a-memset.o)
                              c:/progra~2/gnuarm~1/102021~1.10/bin/../lib/gcc/arm-none-eabi/10.3.1/../../../../arm-none-eabi/lib/thumb/v7e-m/nofp/crt0.o (memset)
c:/progra~2/gnuarm~1/102021~1.10/bin/../lib/gcc/arm-none-eabi/10.3.1/../../../../arm-none-eabi/lib/thumb/v7e-m/nofp\libg.a(lib_a-__call_atexit.o)
                              c:/progra~2/gnuarm~1/102021~1.10/bin/../lib/gcc/arm-none-eabi/10.3.1/../../../../arm-none-eabi/lib/thumb/v7e-m/nofp\libg.a(lib_a-exit.o) (__call_exitprocs)
c:/progra~2/gnuarm~1/102021~1.10/bin/../lib/gcc/arm-none-eabi/10.3.1/../../../../arm-none-eabi/lib/thumb/v7e-m/nofp\libg.a(lib_a-atexit.o)
                              c:/progra~2/gnuarm~1/102021~1.10/bin/../lib/gcc/arm-none-eabi/10.3.1/../../../../arm-none-eabi/lib/thumb/v7e-m/nofp\libg.a(lib_a-__call_atexit.o) (atexit)
c:/progra~2/gnuarm~1/102021~1.10/bin/../lib/gcc/arm-none-eabi/10.3.1/../../../../arm-none-eabi/lib/thumb/v7e-m/nofp\libg.a(lib_a-fini.o)
                              c:/progra~2/gnuarm~1/102021~1.10/bin/../lib/gcc/arm-none-eabi/10.3.1/../../../../arm-none-eabi/lib/thumb/v7e-m/nofp\libg.a(lib_a-__call_atexit.o) (__libc_fini_array)
c:/progra~2/gnuarm~1/102021~1.10/bin/../lib/gcc/arm-none-eabi/10.3.1/../../../../arm-none-eabi/lib/thumb/v7e-m/nofp\libg.a(lib_a-lock.o)
                              c:/progra~2/gnuarm~1/102021~1.10/bin/../lib/gcc/arm-none-eabi/10.3.1/../../../../arm-none-eabi/lib/thumb/v7e-m/nofp\libg.a(lib_a-__call_atexit.o) (__retarget_lock_acquire_recursive)
c:/progra~2/gnuarm~1/102021~1.10/bin/../lib/gcc/arm-none-eabi/10.3.1/../../../../arm-none-eabi/lib/thumb/v7e-m/nofp\libg.a(lib_a-__atexit.o)
                              c:/progra~2/gnuarm~1/102021~1.10/bin/../lib/gcc/arm-none-eabi/10.3.1/../../../../arm-none-eabi/lib/thumb/v7e-m/nofp\libg.a(lib_a-atexit.o) (__register_exitproc)

Discarded input sections

[...]
Memory Configuration

Name             Origin             Length             Attributes
FLASH            0x08000000         0x00020000         xr
DTCMRAM          0x20000000         0x00020000         xrw
RAM_D1           0x24000000         0x00080000         xrw
RAM_D2           0x30000000         0x00048000         xrw
RAM_D3           0x38000000         0x00010000         xrw
ITCMRAM          0x00000000         0x00010000         xrw
*default*        0x00000000         0xffffffff

Linker script and memory map

LOAD c:/progra~2/gnuarm~1/102021~1.10/bin/../lib/gcc/arm-none-eabi/10.3.1/thumb/v7e-m/nofp/crti.o
LOAD c:/progra~2/gnuarm~1/102021~1.10/bin/../lib/gcc/arm-none-eabi/10.3.1/thumb/v7e-m/nofp/crtbegin.o
LOAD c:/progra~2/gnuarm~1/102021~1.10/bin/../lib/gcc/arm-none-eabi/10.3.1/../../../../arm-none-eabi/lib/thumb/v7e-m/nofp/crt0.o
LOAD CMakeFiles/750XBH6_LVGL.elf.dir/Core/Src/gpio.c.obj
LOAD CMakeFiles/750XBH6_LVGL.elf.dir/Core/Src/main.c.obj
LOAD CMakeFiles/750XBH6_LVGL.elf.dir/Core/Src/stm32h7xx_hal_msp.c.obj
LOAD CMakeFiles/750XBH6_LVGL.elf.dir/Core/Src/stm32h7xx_it.c.obj
LOAD CMakeFiles/750XBH6_LVGL.elf.dir/Core/Src/syscalls.c.obj
LOAD CMakeFiles/750XBH6_LVGL.elf.dir/Core/Src/sysmem.c.obj
LOAD CMakeFiles/750XBH6_LVGL.elf.dir/Core/Src/system_stm32h7xx.c.obj
LOAD CMakeFiles/750XBH6_LVGL.elf.dir/Core/Src/usart.c.obj
LOAD CMakeFiles/750XBH6_LVGL.elf.dir/Core/Startup/startup_stm32h750xbhx.s.obj
LOAD CMakeFiles/750XBH6_LVGL.elf.dir/Drivers/STM32H7xx_HAL_Driver/Src/stm32h7xx_hal.c.obj
LOAD CMakeFiles/750XBH6_LVGL.elf.dir/Drivers/STM32H7xx_HAL_Driver/Src/stm32h7xx_hal_cortex.c.obj
LOAD CMakeFiles/750XBH6_LVGL.elf.dir/Drivers/STM32H7xx_HAL_Driver/Src/stm32h7xx_hal_dma.c.obj
LOAD CMakeFiles/750XBH6_LVGL.elf.dir/Drivers/STM32H7xx_HAL_Driver/Src/stm32h7xx_hal_dma_ex.c.obj
LOAD CMakeFiles/750XBH6_LVGL.elf.dir/Drivers/STM32H7xx_HAL_Driver/Src/stm32h7xx_hal_exti.c.obj
LOAD CMakeFiles/750XBH6_LVGL.elf.dir/Drivers/STM32H7xx_HAL_Driver/Src/stm32h7xx_hal_flash.c.obj
LOAD CMakeFiles/750XBH6_LVGL.elf.dir/Drivers/STM32H7xx_HAL_Driver/Src/stm32h7xx_hal_flash_ex.c.obj
LOAD CMakeFiles/750XBH6_LVGL.elf.dir/Drivers/STM32H7xx_HAL_Driver/Src/stm32h7xx_hal_gpio.c.obj
LOAD CMakeFiles/750XBH6_LVGL.elf.dir/Drivers/STM32H7xx_HAL_Driver/Src/stm32h7xx_hal_hsem.c.obj
LOAD CMakeFiles/750XBH6_LVGL.elf.dir/Drivers/STM32H7xx_HAL_Driver/Src/stm32h7xx_hal_i2c.c.obj
LOAD CMakeFiles/750XBH6_LVGL.elf.dir/Drivers/STM32H7xx_HAL_Driver/Src/stm32h7xx_hal_i2c_ex.c.obj
LOAD CMakeFiles/750XBH6_LVGL.elf.dir/Drivers/STM32H7xx_HAL_Driver/Src/stm32h7xx_hal_mdma.c.obj
LOAD CMakeFiles/750XBH6_LVGL.elf.dir/Drivers/STM32H7xx_HAL_Driver/Src/stm32h7xx_hal_pwr.c.obj
LOAD CMakeFiles/750XBH6_LVGL.elf.dir/Drivers/STM32H7xx_HAL_Driver/Src/stm32h7xx_hal_pwr_ex.c.obj
LOAD CMakeFiles/750XBH6_LVGL.elf.dir/Drivers/STM32H7xx_HAL_Driver/Src/stm32h7xx_hal_rcc.c.obj
LOAD CMakeFiles/750XBH6_LVGL.elf.dir/Drivers/STM32H7xx_HAL_Driver/Src/stm32h7xx_hal_rcc_ex.c.obj
LOAD CMakeFiles/750XBH6_LVGL.elf.dir/Drivers/STM32H7xx_HAL_Driver/Src/stm32h7xx_hal_tim.c.obj
LOAD CMakeFiles/750XBH6_LVGL.elf.dir/Drivers/STM32H7xx_HAL_Driver/Src/stm32h7xx_hal_tim_ex.c.obj
LOAD CMakeFiles/750XBH6_LVGL.elf.dir/Drivers/STM32H7xx_HAL_Driver/Src/stm32h7xx_hal_uart.c.obj
LOAD CMakeFiles/750XBH6_LVGL.elf.dir/Drivers/STM32H7xx_HAL_Driver/Src/stm32h7xx_hal_uart_ex.c.obj
START GROUP
LOAD c:/progra~2/gnuarm~1/102021~1.10/bin/../lib/gcc/arm-none-eabi/10.3.1/thumb/v7e-m/nofp\libgcc.a
LOAD c:/progra~2/gnuarm~1/102021~1.10/bin/../lib/gcc/arm-none-eabi/10.3.1/../../../../arm-none-eabi/lib/thumb/v7e-m/nofp\libg.a
LOAD c:/progra~2/gnuarm~1/102021~1.10/bin/../lib/gcc/arm-none-eabi/10.3.1/../../../../arm-none-eabi/lib/thumb/v7e-m/nofp\libc.a
END GROUP
LOAD c:/progra~2/gnuarm~1/102021~1.10/bin/../lib/gcc/arm-none-eabi/10.3.1/thumb/v7e-m/nofp/crtend.o
LOAD c:/progra~2/gnuarm~1/102021~1.10/bin/../lib/gcc/arm-none-eabi/10.3.1/thumb/v7e-m/nofp/crtn.o
                0x24080000                _estack = (ORIGIN (RAM_D1) + LENGTH (RAM_D1))
                0x00001000                _Min_Heap_Size = 0x1000
                0x00000400                _Min_Stack_Size = 0x400

.isr_vector     0x08000000      0x298
                0x08000000                . = ALIGN (0x4)
 *(.isr_vector)
 .isr_vector    0x08000000      0x298 CMakeFiles/750XBH6_LVGL.elf.dir/Core/Startup/startup_stm32h750xbhx.s.obj
                0x08000000                g_pfnVectors
                0x08000298                . = ALIGN (0x4)

.text           0x08000298     0x38c8
                0x08000298                . = ALIGN (0x4)
 *(.text)
 .text          0x08000298       0x40 c:/progra~2/gnuarm~1/102021~1.10/bin/../lib/gcc/arm-none-eabi/10.3.1/thumb/v7e-m/nofp/crtbegin.o
 .text          0x080002d8      0x21c c:/progra~2/gnuarm~1/102021~1.10/bin/../lib/gcc/arm-none-eabi/10.3.1/thumb/v7e-m/nofp\libgcc.a(_arm_addsubsf3.o)
                0x080002d8                __aeabi_frsub
                0x080002e0                __subsf3
                0x080002e0                __aeabi_fsub
                0x080002e4                __aeabi_fadd
                0x080002e4                __addsf3
                0x08000444                __aeabi_ui2f
                0x08000444                __floatunsisf
                0x0800044c                __aeabi_i2f
                0x0800044c                __floatsisf
                0x08000468                __aeabi_ul2f
                0x08000468                __floatundisf
                0x08000478                __aeabi_l2f
                0x08000478                __floatdisf
 .text          0x080004f4      0x2a0 c:/progra~2/gnuarm~1/102021~1.10/bin/../lib/gcc/arm-none-eabi/10.3.1/thumb/v7e-m/nofp\libgcc.a(_arm_muldivsf3.o)
                0x080004f4                __mulsf3
                0x080004f4                __aeabi_fmul
                0x0800065c                __aeabi_fdiv
                0x0800065c                __divsf3
 .text          0x08000794       0x40 c:/progra~2/gnuarm~1/102021~1.10/bin/../lib/gcc/arm-none-eabi/10.3.1/thumb/v7e-m/nofp\libgcc.a(_arm_fixunssfsi.o)
                0x08000794                __fixunssfsi
                0x08000794                __aeabi_f2uiz
 .text          0x080007d4       0x30 c:/progra~2/gnuarm~1/102021~1.10/bin/../lib/gcc/arm-none-eabi/10.3.1/thumb/v7e-m/nofp\libgcc.a(_aeabi_uldivmod.o)
                0x080007d4                __aeabi_uldivmod
 .text          0x08000804      0x2d0 c:/progra~2/gnuarm~1/102021~1.10/bin/../lib/gcc/arm-none-eabi/10.3.1/thumb/v7e-m/nofp\libgcc.a(_udivmoddi4.o)
                0x08000804                __udivmoddi4
 .text          0x08000ad4        0x4 c:/progra~2/gnuarm~1/102021~1.10/bin/../lib/gcc/arm-none-eabi/10.3.1/thumb/v7e-m/nofp\libgcc.a(_dvmd_tls.o)
                0x08000ad4                __aeabi_idiv0
                0x08000ad4                __aeabi_ldiv0
 *(.text*)
 .text.MX_GPIO_Init
                0x08000ad8       0x54 CMakeFiles/750XBH6_LVGL.elf.dir/Core/Src/gpio.c.obj
                0x08000ad8                MX_GPIO_Init
 .text.Error_Handler
                0x08000b2c        0x4 CMakeFiles/750XBH6_LVGL.elf.dir/Core/Src/main.c.obj
                0x08000b2c                Error_Handler
 .text.SystemClock_Config
                0x08000b30       0xc0 CMakeFiles/750XBH6_LVGL.elf.dir/Core/Src/main.c.obj
                0x08000b30                SystemClock_Config
 .text.main     0x08000bf0       0x14 CMakeFiles/750XBH6_LVGL.elf.dir/Core/Src/main.c.obj
                0x08000bf0                main
 .text.HAL_MspInit
                0x08000c04       0x24 CMakeFiles/750XBH6_LVGL.elf.dir/Core/Src/stm32h7xx_hal_msp.c.obj
                0x08000c04                HAL_MspInit
 .text.NMI_Handler
                0x08000c28        0x2 CMakeFiles/750XBH6_LVGL.elf.dir/Core/Src/stm32h7xx_it.c.obj
                0x08000c28                NMI_Handler
 .text.HardFault_Handler
                0x08000c2a        0x2 CMakeFiles/750XBH6_LVGL.elf.dir/Core/Src/stm32h7xx_it.c.obj
                0x08000c2a                HardFault_Handler
 .text.MemManage_Handler
                0x08000c2c        0x2 CMakeFiles/750XBH6_LVGL.elf.dir/Core/Src/stm32h7xx_it.c.obj
                0x08000c2c                MemManage_Handler
 .text.BusFault_Handler
                0x08000c2e        0x2 CMakeFiles/750XBH6_LVGL.elf.dir/Core/Src/stm32h7xx_it.c.obj
                0x08000c2e                BusFault_Handler
 .text.UsageFault_Handler
                0x08000c30        0x2 CMakeFiles/750XBH6_LVGL.elf.dir/Core/Src/stm32h7xx_it.c.obj
                0x08000c30                UsageFault_Handler
 .text.SVC_Handler
                0x08000c32        0x2 CMakeFiles/750XBH6_LVGL.elf.dir/Core/Src/stm32h7xx_it.c.obj
                0x08000c32                SVC_Handler
 .text.DebugMon_Handler
                0x08000c34        0x2 CMakeFiles/750XBH6_LVGL.elf.dir/Core/Src/stm32h7xx_it.c.obj
                0x08000c34                DebugMon_Handler
 .text.PendSV_Handler
                0x08000c36        0x2 CMakeFiles/750XBH6_LVGL.elf.dir/Core/Src/stm32h7xx_it.c.obj
                0x08000c36                PendSV_Handler
 .text.SysTick_Handler
                0x08000c38        0x8 CMakeFiles/750XBH6_LVGL.elf.dir/Core/Src/stm32h7xx_it.c.obj
                0x08000c38                SysTick_Handler
 .text.SystemInit
                0x08000c40       0xbc CMakeFiles/750XBH6_LVGL.elf.dir/Core/Src/system_stm32h7xx.c.obj
                0x08000c40                SystemInit
 .text.MX_UART4_Init
                0x08000cfc       0x68 CMakeFiles/750XBH6_LVGL.elf.dir/Core/Src/usart.c.obj
                0x08000cfc                MX_UART4_Init
 .text.HAL_UART_MspInit
                0x08000d64       0x98 CMakeFiles/750XBH6_LVGL.elf.dir/Core/Src/usart.c.obj
                0x08000d64                HAL_UART_MspInit
 .text.Reset_Handler
                0x08000dfc       0x50 CMakeFiles/750XBH6_LVGL.elf.dir/Core/Startup/startup_stm32h750xbhx.s.obj
                0x08000dfc                Reset_Handler
 .text.Default_Handler
                0x08000e4c        0x2 CMakeFiles/750XBH6_LVGL.elf.dir/Core/Startup/startup_stm32h750xbhx.s.obj
                0x08000e4c                RTC_Alarm_IRQHandler
                0x08000e4c                HASH_RNG_IRQHandler
                0x08000e4c                EXTI2_IRQHandler
                0x08000e4c                TIM8_CC_IRQHandler
                0x08000e4c                HRTIM1_Master_IRQHandler
                0x08000e4c                UART8_IRQHandler
                0x08000e4c                SPI4_IRQHandler
                0x08000e4c                TIM1_CC_IRQHandler
                0x08000e4c                BDMA_Channel6_IRQHandler
                0x08000e4c                DMA2_Stream5_IRQHandler
                0x08000e4c                HRTIM1_FLT_IRQHandler
                0x08000e4c                JPEG_IRQHandler
                0x08000e4c                DMA1_Stream5_IRQHandler
                0x08000e4c                BDMA_Channel1_IRQHandler
                0x08000e4c                HRTIM1_TIMD_IRQHandler
                0x08000e4c                TAMP_STAMP_IRQHandler
                0x08000e4c                EXTI3_IRQHandler
                0x08000e4c                LPTIM4_IRQHandler
                0x08000e4c                TIM8_TRG_COM_TIM14_IRQHandler
                0x08000e4c                LPTIM2_IRQHandler
                0x08000e4c                DFSDM1_FLT1_IRQHandler
                0x08000e4c                DMAMUX2_OVR_IRQHandler
                0x08000e4c                TIM8_UP_TIM13_IRQHandler
                0x08000e4c                I2C3_ER_IRQHandler
                0x08000e4c                DFSDM1_FLT2_IRQHandler
                0x08000e4c                MDMA_IRQHandler
                0x08000e4c                LPTIM3_IRQHandler
                0x08000e4c                HSEM1_IRQHandler
                0x08000e4c                EXTI0_IRQHandler
                0x08000e4c                I2C2_EV_IRQHandler
                0x08000e4c                DMA1_Stream2_IRQHandler
                0x08000e4c                FPU_IRQHandler
                0x08000e4c                OTG_HS_WKUP_IRQHandler
                0x08000e4c                FDCAN1_IT1_IRQHandler
                0x08000e4c                LTDC_ER_IRQHandler
                0x08000e4c                DMA2_Stream2_IRQHandler
                0x08000e4c                HRTIM1_TIME_IRQHandler
                0x08000e4c                SPI1_IRQHandler
                0x08000e4c                TIM6_DAC_IRQHandler
                0x08000e4c                DCMI_IRQHandler
                0x08000e4c                HRTIM1_TIMC_IRQHandler
                0x08000e4c                DMA2_Stream3_IRQHandler
                0x08000e4c                SAI2_IRQHandler
                0x08000e4c                DFSDM1_FLT3_IRQHandler
                0x08000e4c                USART6_IRQHandler
                0x08000e4c                TIM17_IRQHandler
                0x08000e4c                USART3_IRQHandler
                0x08000e4c                BDMA_Channel7_IRQHandler
                0x08000e4c                CRYP_IRQHandler
                0x08000e4c                LPTIM5_IRQHandler
                0x08000e4c                UART5_IRQHandler
                0x08000e4c                ADC3_IRQHandler
                0x08000e4c                DMA2_Stream0_IRQHandler
                0x08000e4c                TIM4_IRQHandler
                0x08000e4c                BDMA_Channel2_IRQHandler
                0x08000e4c                QUADSPI_IRQHandler
                0x08000e4c                I2C1_EV_IRQHandler
                0x08000e4c                DMA1_Stream6_IRQHandler
                0x08000e4c                DMAMUX1_OVR_IRQHandler
                0x08000e4c                DMA1_Stream1_IRQHandler
                0x08000e4c                TIM16_IRQHandler
                0x08000e4c                UART4_IRQHandler
                0x08000e4c                BDMA_Channel5_IRQHandler
                0x08000e4c                TIM3_IRQHandler
                0x08000e4c                RCC_IRQHandler
                0x08000e4c                TIM8_BRK_TIM12_IRQHandler
                0x08000e4c                TIM1_TRG_COM_IRQHandler
                0x08000e4c                Default_Handler
                0x08000e4c                ECC_IRQHandler
                0x08000e4c                CEC_IRQHandler
                0x08000e4c                EXTI15_10_IRQHandler
                0x08000e4c                BDMA_Channel0_IRQHandler
                0x08000e4c                ADC_IRQHandler
                0x08000e4c                DMA1_Stream7_IRQHandler
                0x08000e4c                HRTIM1_TIMA_IRQHandler
                0x08000e4c                SPI5_IRQHandler
                0x08000e4c                TIM7_IRQHandler
                0x08000e4c                SDMMC1_IRQHandler
                0x08000e4c                TIM5_IRQHandler
                0x08000e4c                DMA2_Stream7_IRQHandler
                0x08000e4c                TIM15_IRQHandler
                0x08000e4c                PVD_AVD_IRQHandler
                0x08000e4c                I2C3_EV_IRQHandler
                0x08000e4c                EXTI9_5_IRQHandler
                0x08000e4c                RTC_WKUP_IRQHandler
                0x08000e4c                LTDC_IRQHandler
                0x08000e4c                SAI3_IRQHandler
                0x08000e4c                ETH_WKUP_IRQHandler
                0x08000e4c                SPDIF_RX_IRQHandler
                0x08000e4c                SPI2_IRQHandler
                0x08000e4c                OTG_HS_EP1_IN_IRQHandler
                0x08000e4c                DMA1_Stream0_IRQHandler
                0x08000e4c                CRS_IRQHandler
                0x08000e4c                EXTI4_IRQHandler
                0x08000e4c                HRTIM1_TIMB_IRQHandler
                0x08000e4c                FDCAN2_IT1_IRQHandler
                0x08000e4c                ETH_IRQHandler
                0x08000e4c                TIM1_UP_IRQHandler
                0x08000e4c                BDMA_Channel4_IRQHandler
                0x08000e4c                OTG_HS_EP1_OUT_IRQHandler
                0x08000e4c                WWDG_IRQHandler
                0x08000e4c                SPI6_IRQHandler
                0x08000e4c                MDIOS_IRQHandler
                0x08000e4c                I2C4_EV_IRQHandler
                0x08000e4c                FDCAN2_IT0_IRQHandler
                0x08000e4c                LPUART1_IRQHandler
                0x08000e4c                FDCAN1_IT0_IRQHandler
                0x08000e4c                TIM2_IRQHandler
                0x08000e4c                OTG_FS_WKUP_IRQHandler
                0x08000e4c                OTG_HS_IRQHandler
                0x08000e4c                DMA2D_IRQHandler
                0x08000e4c                TIM1_BRK_IRQHandler
                0x08000e4c                EXTI1_IRQHandler
                0x08000e4c                SDMMC2_IRQHandler
                0x08000e4c                OTG_FS_EP1_OUT_IRQHandler
                0x08000e4c                BDMA_Channel3_IRQHandler
                0x08000e4c                UART7_IRQHandler
                0x08000e4c                MDIOS_WKUP_IRQHandler
                0x08000e4c                USART2_IRQHandler
                0x08000e4c                DFSDM1_FLT0_IRQHandler
                0x08000e4c                SAI4_IRQHandler
                0x08000e4c                I2C2_ER_IRQHandler
                0x08000e4c                DMA2_Stream1_IRQHandler
                0x08000e4c                FLASH_IRQHandler
                0x08000e4c                DMA2_Stream4_IRQHandler
                0x08000e4c                USART1_IRQHandler
                0x08000e4c                OTG_FS_IRQHandler
                0x08000e4c                SPI3_IRQHandler
                0x08000e4c                WAKEUP_PIN_IRQHandler
                0x08000e4c                DMA1_Stream4_IRQHandler
                0x08000e4c                OTG_FS_EP1_IN_IRQHandler
                0x08000e4c                I2C1_ER_IRQHandler
                0x08000e4c                FMC_IRQHandler
                0x08000e4c                FDCAN_CAL_IRQHandler
                0x08000e4c                SWPMI1_IRQHandler
                0x08000e4c                COMP1_IRQHandler
                0x08000e4c                LPTIM1_IRQHandler
                0x08000e4c                I2C4_ER_IRQHandler
                0x08000e4c                DMA2_Stream6_IRQHandler
                0x08000e4c                SAI1_IRQHandler
                0x08000e4c                DMA1_Stream3_IRQHandler
 *fill*         0x08000e4e        0x2 
 .text.HAL_InitTick
                0x08000e50       0x50 CMakeFiles/750XBH6_LVGL.elf.dir/Drivers/STM32H7xx_HAL_Driver/Src/stm32h7xx_hal.c.obj
                0x08000e50                HAL_InitTick
 .text.HAL_Init
                0x08000ea0       0x5c CMakeFiles/750XBH6_LVGL.elf.dir/Drivers/STM32H7xx_HAL_Driver/Src/stm32h7xx_hal.c.obj
                0x08000ea0                HAL_Init
 .text.HAL_IncTick
                0x08000efc       0x18 CMakeFiles/750XBH6_LVGL.elf.dir/Drivers/STM32H7xx_HAL_Driver/Src/stm32h7xx_hal.c.obj
                0x08000efc                HAL_IncTick
 .text.HAL_GetTick
                0x08000f14        0xc CMakeFiles/750XBH6_LVGL.elf.dir/Drivers/STM32H7xx_HAL_Driver/Src/stm32h7xx_hal.c.obj
                0x08000f14                HAL_GetTick
 .text.HAL_GetREVID
                0x08000f20        0xc CMakeFiles/750XBH6_LVGL.elf.dir/Drivers/STM32H7xx_HAL_Driver/Src/stm32h7xx_hal.c.obj
                0x08000f20                HAL_GetREVID
 .text.HAL_NVIC_SetPriorityGrouping
                0x08000f2c       0x24 CMakeFiles/750XBH6_LVGL.elf.dir/Drivers/STM32H7xx_HAL_Driver/Src/stm32h7xx_hal_cortex.c.obj
                0x08000f2c                HAL_NVIC_SetPriorityGrouping
 .text.HAL_NVIC_SetPriority
                0x08000f50       0x6c CMakeFiles/750XBH6_LVGL.elf.dir/Drivers/STM32H7xx_HAL_Driver/Src/stm32h7xx_hal_cortex.c.obj
                0x08000f50                HAL_NVIC_SetPriority
 .text.HAL_SYSTICK_Config
                0x08000fbc       0x28 CMakeFiles/750XBH6_LVGL.elf.dir/Drivers/STM32H7xx_HAL_Driver/Src/stm32h7xx_hal_cortex.c.obj
                0x08000fbc                HAL_SYSTICK_Config
 .text.HAL_GPIO_Init
                0x08000fe4      0x228 CMakeFiles/750XBH6_LVGL.elf.dir/Drivers/STM32H7xx_HAL_Driver/Src/stm32h7xx_hal_gpio.c.obj
                0x08000fe4                HAL_GPIO_Init
 .text.HAL_PWREx_ConfigSupply
                0x0800120c       0x54 CMakeFiles/750XBH6_LVGL.elf.dir/Drivers/STM32H7xx_HAL_Driver/Src/stm32h7xx_hal_pwr_ex.c.obj
                0x0800120c                HAL_PWREx_ConfigSupply
 .text.HAL_RCC_OscConfig
                0x08001260      0x6b4 CMakeFiles/750XBH6_LVGL.elf.dir/Drivers/STM32H7xx_HAL_Driver/Src/stm32h7xx_hal_rcc.c.obj
                0x08001260                HAL_RCC_OscConfig
 .text.HAL_RCC_GetSysClockFreq
                0x08001914      0x218 CMakeFiles/750XBH6_LVGL.elf.dir/Drivers/STM32H7xx_HAL_Driver/Src/stm32h7xx_hal_rcc.c.obj
                0x08001914                HAL_RCC_GetSysClockFreq
 .text.HAL_RCC_ClockConfig
                0x08001b2c      0x294 CMakeFiles/750XBH6_LVGL.elf.dir/Drivers/STM32H7xx_HAL_Driver/Src/stm32h7xx_hal_rcc.c.obj
                0x08001b2c                HAL_RCC_ClockConfig
 .text.HAL_RCC_GetHCLKFreq
                0x08001dc0       0x44 CMakeFiles/750XBH6_LVGL.elf.dir/Drivers/STM32H7xx_HAL_Driver/Src/stm32h7xx_hal_rcc.c.obj
                0x08001dc0                HAL_RCC_GetHCLKFreq
 .text.HAL_RCC_GetPCLK1Freq
                0x08001e04       0x24 CMakeFiles/750XBH6_LVGL.elf.dir/Drivers/STM32H7xx_HAL_Driver/Src/stm32h7xx_hal_rcc.c.obj
                0x08001e04                HAL_RCC_GetPCLK1Freq
 .text.HAL_RCC_GetPCLK2Freq
                0x08001e28       0x24 CMakeFiles/750XBH6_LVGL.elf.dir/Drivers/STM32H7xx_HAL_Driver/Src/stm32h7xx_hal_rcc.c.obj
                0x08001e28                HAL_RCC_GetPCLK2Freq
 .text.RCCEx_PLL2_Config
                0x08001e4c      0x10c CMakeFiles/750XBH6_LVGL.elf.dir/Drivers/STM32H7xx_HAL_Driver/Src/stm32h7xx_hal_rcc_ex.c.obj
 .text.RCCEx_PLL3_Config
                0x08001f58      0x10c CMakeFiles/750XBH6_LVGL.elf.dir/Drivers/STM32H7xx_HAL_Driver/Src/stm32h7xx_hal_rcc_ex.c.obj
 .text.HAL_RCCEx_PeriphCLKConfig
                0x08002064      0xa8c CMakeFiles/750XBH6_LVGL.elf.dir/Drivers/STM32H7xx_HAL_Driver/Src/stm32h7xx_hal_rcc_ex.c.obj
                0x08002064                HAL_RCCEx_PeriphCLKConfig
 .text.HAL_RCCEx_GetD3PCLK1Freq
                0x08002af0       0x24 CMakeFiles/750XBH6_LVGL.elf.dir/Drivers/STM32H7xx_HAL_Driver/Src/stm32h7xx_hal_rcc_ex.c.obj
                0x08002af0                HAL_RCCEx_GetD3PCLK1Freq
 .text.HAL_RCCEx_GetPLL2ClockFreq
                0x08002b14      0x234 CMakeFiles/750XBH6_LVGL.elf.dir/Drivers/STM32H7xx_HAL_Driver/Src/stm32h7xx_hal_rcc_ex.c.obj
                0x08002b14                HAL_RCCEx_GetPLL2ClockFreq
 .text.HAL_RCCEx_GetPLL3ClockFreq
                0x08002d48      0x234 CMakeFiles/750XBH6_LVGL.elf.dir/Drivers/STM32H7xx_HAL_Driver/Src/stm32h7xx_hal_rcc_ex.c.obj
                0x08002d48                HAL_RCCEx_GetPLL3ClockFreq
 .text.UART_EndRxTransfer
                0x08002f7c       0x58 CMakeFiles/750XBH6_LVGL.elf.dir/Drivers/STM32H7xx_HAL_Driver/Src/stm32h7xx_hal_uart.c.obj
 .text.UART_SetConfig
                0x08002fd4      0x5f4 CMakeFiles/750XBH6_LVGL.elf.dir/Drivers/STM32H7xx_HAL_Driver/Src/stm32h7xx_hal_uart.c.obj
                0x08002fd4                UART_SetConfig
 .text.UART_AdvFeatureConfig
                0x080035c8       0xca CMakeFiles/750XBH6_LVGL.elf.dir/Drivers/STM32H7xx_HAL_Driver/Src/stm32h7xx_hal_uart.c.obj
                0x080035c8                UART_AdvFeatureConfig
 .text.UART_WaitOnFlagUntilTimeout
                0x08003692       0x9a CMakeFiles/750XBH6_LVGL.elf.dir/Drivers/STM32H7xx_HAL_Driver/Src/stm32h7xx_hal_uart.c.obj
                0x08003692                UART_WaitOnFlagUntilTimeout
 .text.UART_CheckIdleState
                0x0800372c       0xca CMakeFiles/750XBH6_LVGL.elf.dir/Drivers/STM32H7xx_HAL_Driver/Src/stm32h7xx_hal_uart.c.obj
                0x0800372c                UART_CheckIdleState
 .text.HAL_UART_Init
                0x080037f6       0x66 CMakeFiles/750XBH6_LVGL.elf.dir/Drivers/STM32H7xx_HAL_Driver/Src/stm32h7xx_hal_uart.c.obj
                0x080037f6                HAL_UART_Init
 .text.UARTEx_SetNbDataToProcess
                0x0800385c       0x4c CMakeFiles/750XBH6_LVGL.elf.dir/Drivers/STM32H7xx_HAL_Driver/Src/stm32h7xx_hal_uart_ex.c.obj
 .text.HAL_UARTEx_DisableFifoMode
                0x080038a8       0x3e CMakeFiles/750XBH6_LVGL.elf.dir/Drivers/STM32H7xx_HAL_Driver/Src/stm32h7xx_hal_uart_ex.c.obj
                0x080038a8                HAL_UARTEx_DisableFifoMode
 .text.HAL_UARTEx_SetTxFifoThreshold
                0x080038e6       0x4a CMakeFiles/750XBH6_LVGL.elf.dir/Drivers/STM32H7xx_HAL_Driver/Src/stm32h7xx_hal_uart_ex.c.obj
                0x080038e6                HAL_UARTEx_SetTxFifoThreshold
 .text.HAL_UARTEx_SetRxFifoThreshold
                0x08003930       0x4a CMakeFiles/750XBH6_LVGL.elf.dir/Drivers/STM32H7xx_HAL_Driver/Src/stm32h7xx_hal_uart_ex.c.obj
                0x08003930                HAL_UARTEx_SetRxFifoThreshold
 *fill*         0x0800397a        0x2 
 .text.__libc_init_array
                0x0800397c       0x48 c:/progra~2/gnuarm~1/102021~1.10/bin/../lib/gcc/arm-none-eabi/10.3.1/../../../../arm-none-eabi/lib/thumb/v7e-m/nofp\libg.a(lib_a-init.o)
                0x0800397c                __libc_init_array
 .text.memset   0x080039c4       0xa4 c:/progra~2/gnuarm~1/102021~1.10/bin/../lib/gcc/arm-none-eabi/10.3.1/../../../../arm-none-eabi/lib/thumb/v7e-m/nofp\libg.a(lib_a-memset.o)
                0x080039c4                memset
 .text.startup.register_fini
                0x08003a68       0x14 c:/progra~2/gnuarm~1/102021~1.10/bin/../lib/gcc/arm-none-eabi/10.3.1/../../../../arm-none-eabi/lib/thumb/v7e-m/nofp\libg.a(lib_a-__call_atexit.o)
 .text.atexit   0x08003a7c        0xc c:/progra~2/gnuarm~1/102021~1.10/bin/../lib/gcc/arm-none-eabi/10.3.1/../../../../arm-none-eabi/lib/thumb/v7e-m/nofp\libg.a(lib_a-atexit.o)
                0x08003a7c                atexit
 .text.__libc_fini_array
                0x08003a88       0x2c c:/progra~2/gnuarm~1/102021~1.10/bin/../lib/gcc/arm-none-eabi/10.3.1/../../../../arm-none-eabi/lib/thumb/v7e-m/nofp\libg.a(lib_a-fini.o)
                0x08003a88                __libc_fini_array
 .text.__retarget_lock_acquire_recursive
                0x08003ab4        0x4 c:/progra~2/gnuarm~1/102021~1.10/bin/../lib/gcc/arm-none-eabi/10.3.1/../../../../arm-none-eabi/lib/thumb/v7e-m/nofp\libg.a(lib_a-lock.o)
                0x08003ab4                __retarget_lock_acquire_recursive
 .text.__retarget_lock_release_recursive
                0x08003ab8        0x4 c:/progra~2/gnuarm~1/102021~1.10/bin/../lib/gcc/arm-none-eabi/10.3.1/../../../../arm-none-eabi/lib/thumb/v7e-m/nofp\libg.a(lib_a-lock.o)
                0x08003ab8                __retarget_lock_release_recursive
 .text.__register_exitproc
                0x08003abc       0x8c c:/progra~2/gnuarm~1/102021~1.10/bin/../lib/gcc/arm-none-eabi/10.3.1/../../../../arm-none-eabi/lib/thumb/v7e-m/nofp\libg.a(lib_a-__atexit.o)
                0x08003abc                __register_exitproc
 *(.glue_7)
 .glue_7        0x08003b48        0x0 linker stubs
 *(.glue_7t)
 .glue_7t       0x08003b48        0x0 linker stubs
 *(.eh_frame)
 .eh_frame      0x08003b48        0x0 c:/progra~2/gnuarm~1/102021~1.10/bin/../lib/gcc/arm-none-eabi/10.3.1/thumb/v7e-m/nofp/crtbegin.o
 *(.init)
 .init          0x08003b48        0x4 c:/progra~2/gnuarm~1/102021~1.10/bin/../lib/gcc/arm-none-eabi/10.3.1/thumb/v7e-m/nofp/crti.o
                0x08003b48                _init
 .init          0x08003b4c        0x8 c:/progra~2/gnuarm~1/102021~1.10/bin/../lib/gcc/arm-none-eabi/10.3.1/thumb/v7e-m/nofp/crtn.o
 *(.fini)
 .fini          0x08003b54        0x4 c:/progra~2/gnuarm~1/102021~1.10/bin/../lib/gcc/arm-none-eabi/10.3.1/thumb/v7e-m/nofp/crti.o
                0x08003b54                _fini
 .fini          0x08003b58        0x8 c:/progra~2/gnuarm~1/102021~1.10/bin/../lib/gcc/arm-none-eabi/10.3.1/thumb/v7e-m/nofp/crtn.o
                0x08003b60                . = ALIGN (0x4)
                0x08003b60                _etext = .

.vfp11_veneer   0x08003b60        0x0
 .vfp11_veneer  0x08003b60        0x0 linker stubs

.v4_bx          0x08003b60        0x0
 .v4_bx         0x08003b60        0x0 linker stubs

.iplt           0x08003b60        0x0
 .iplt          0x08003b60        0x0 c:/progra~2/gnuarm~1/102021~1.10/bin/../lib/gcc/arm-none-eabi/10.3.1/thumb/v7e-m/nofp/crtbegin.o

.rodata         0x08003b60       0x3c
                0x08003b60                . = ALIGN (0x4)
 *(.rodata)
 *(.rodata*)
 .rodata.D1CorePrescTable
                0x08003b60       0x10 CMakeFiles/750XBH6_LVGL.elf.dir/Core/Src/system_stm32h7xx.c.obj
                0x08003b60                D1CorePrescTable
 .rodata.UARTPrescTable
                0x08003b70       0x18 CMakeFiles/750XBH6_LVGL.elf.dir/Drivers/STM32H7xx_HAL_Driver/Src/stm32h7xx_hal_uart.c.obj
                0x08003b70                UARTPrescTable
 .rodata.denominator.0
                0x08003b88        0x8 CMakeFiles/750XBH6_LVGL.elf.dir/Drivers/STM32H7xx_HAL_Driver/Src/stm32h7xx_hal_uart_ex.c.obj
 .rodata.numerator.1
                0x08003b90        0x8 CMakeFiles/750XBH6_LVGL.elf.dir/Drivers/STM32H7xx_HAL_Driver/Src/stm32h7xx_hal_uart_ex.c.obj
 .rodata._global_impure_ptr
                0x08003b98        0x4 c:/progra~2/gnuarm~1/102021~1.10/bin/../lib/gcc/arm-none-eabi/10.3.1/../../../../arm-none-eabi/lib/thumb/v7e-m/nofp\libg.a(lib_a-impure.o)
                0x08003b98                _global_impure_ptr
                0x08003b9c                . = ALIGN (0x4)

.ARM.extab
 *(.ARM.extab* .gnu.linkonce.armextab.*)

.ARM            0x08003b9c        0x8
                0x08003b9c                __exidx_start = .
 *(.ARM.exidx*)
 .ARM.exidx     0x08003b9c        0x8 c:/progra~2/gnuarm~1/102021~1.10/bin/../lib/gcc/arm-none-eabi/10.3.1/thumb/v7e-m/nofp\libgcc.a(_udivmoddi4.o)
                0x08003ba4                __exidx_end = .

.rel.dyn        0x08003ba4        0x0
 .rel.iplt      0x08003ba4        0x0 c:/progra~2/gnuarm~1/102021~1.10/bin/../lib/gcc/arm-none-eabi/10.3.1/thumb/v7e-m/nofp/crtbegin.o

.preinit_array  0x08003ba4        0x0
                0x08003ba4                PROVIDE (__preinit_array_start = .)
 *(.preinit_array*)
                0x08003ba4                PROVIDE (__preinit_array_end = .)

.init_array     0x08003ba4        0x8
                0x08003ba4                PROVIDE (__init_array_start = .)
 *(SORT_BY_NAME(.init_array.*))
 .init_array.00000
                0x08003ba4        0x4 c:/progra~2/gnuarm~1/102021~1.10/bin/../lib/gcc/arm-none-eabi/10.3.1/../../../../arm-none-eabi/lib/thumb/v7e-m/nofp\libg.a(lib_a-__call_atexit.o)
 *(.init_array*)
 .init_array    0x08003ba8        0x4 c:/progra~2/gnuarm~1/102021~1.10/bin/../lib/gcc/arm-none-eabi/10.3.1/thumb/v7e-m/nofp/crtbegin.o
                0x08003bac                PROVIDE (__init_array_end = .)

.fini_array     0x08003bac        0x4
                0x08003bac                PROVIDE (__fini_array_start = .)
 *(SORT_BY_NAME(.fini_array.*))
 *(.fini_array*)
 .fini_array    0x08003bac        0x4 c:/progra~2/gnuarm~1/102021~1.10/bin/../lib/gcc/arm-none-eabi/10.3.1/thumb/v7e-m/nofp/crtbegin.o
                0x08003bb0                PROVIDE (__fini_array_end = .)
                0x08003bb0                _sidata = LOADADDR (.data)

.data           0x24000000      0x43c load address 0x08003bb0
                0x24000000                . = ALIGN (0x4)
                0x24000000                _sdata = .
 *(.data)
 *(.data*)
 .data.SystemCoreClock
                0x24000000        0x4 CMakeFiles/750XBH6_LVGL.elf.dir/Core/Src/system_stm32h7xx.c.obj
                0x24000000                SystemCoreClock
 .data.SystemD2Clock
                0x24000004        0x4 CMakeFiles/750XBH6_LVGL.elf.dir/Core/Src/system_stm32h7xx.c.obj
                0x24000004                SystemD2Clock
 .data.uwTickFreq
                0x24000008        0x1 CMakeFiles/750XBH6_LVGL.elf.dir/Drivers/STM32H7xx_HAL_Driver/Src/stm32h7xx_hal.c.obj
                0x24000008                uwTickFreq
 *fill*         0x24000009        0x3 
 .data.uwTickPrio
                0x2400000c        0x4 CMakeFiles/750XBH6_LVGL.elf.dir/Drivers/STM32H7xx_HAL_Driver/Src/stm32h7xx_hal.c.obj
                0x2400000c                uwTickPrio
 .data.impure_data
                0x24000010      0x428 c:/progra~2/gnuarm~1/102021~1.10/bin/../lib/gcc/arm-none-eabi/10.3.1/../../../../arm-none-eabi/lib/thumb/v7e-m/nofp\libg.a(lib_a-impure.o)
 .data.__atexit_recursive_mutex
                0x24000438        0x4 c:/progra~2/gnuarm~1/102021~1.10/bin/../lib/gcc/arm-none-eabi/10.3.1/../../../../arm-none-eabi/lib/thumb/v7e-m/nofp\libg.a(lib_a-__call_atexit.o)
                0x24000438                __atexit_recursive_mutex
 *(.RamFunc)
 *(.RamFunc*)
                0x2400043c                . = ALIGN (0x4)
                0x2400043c                _edata = .

.igot.plt       0x2400043c        0x0 load address 0x08003fec
 .igot.plt      0x2400043c        0x0 c:/progra~2/gnuarm~1/102021~1.10/bin/../lib/gcc/arm-none-eabi/10.3.1/thumb/v7e-m/nofp/crtbegin.o
                0x2400043c                . = ALIGN (0x4)

.bss            0x2400043c       0xb8 load address 0x08003fec
                0x2400043c                _sbss = .
                0x2400043c                __bss_start__ = _sbss
 *(.bss)
 .bss           0x2400043c       0x1c c:/progra~2/gnuarm~1/102021~1.10/bin/../lib/gcc/arm-none-eabi/10.3.1/thumb/v7e-m/nofp/crtbegin.o
 *(.bss*)
 .bss.huart4    0x24000458       0x94 CMakeFiles/750XBH6_LVGL.elf.dir/Core/Src/usart.c.obj
                0x24000458                huart4
 .bss.uwTick    0x240004ec        0x4 CMakeFiles/750XBH6_LVGL.elf.dir/Drivers/STM32H7xx_HAL_Driver/Src/stm32h7xx_hal.c.obj
                0x240004ec                uwTick
 .bss.__lock___atexit_recursive_mutex
                0x240004f0        0x1 c:/progra~2/gnuarm~1/102021~1.10/bin/../lib/gcc/arm-none-eabi/10.3.1/../../../../arm-none-eabi/lib/thumb/v7e-m/nofp\libg.a(lib_a-lock.o)
                0x240004f0                __lock___atexit_recursive_mutex
 *(COMMON)
                0x240004f4                . = ALIGN (0x4)
 *fill*         0x240004f1        0x3 
                0x240004f4                _ebss = .
                0x240004f4                __bss_end__ = _ebss

._user_heap_stack
                0x240004f4     0x1404 load address 0x08003fec
                0x240004f8                . = ALIGN (0x8)
 *fill*         0x240004f4        0x4 
                [!provide]                PROVIDE (end = .)
                0x240004f8                PROVIDE (_end = .)
                0x240014f8                . = (. + _Min_Heap_Size)
 *fill*         0x240004f8     0x1000 
                0x240018f8                . = (. + _Min_Stack_Size)
 *fill*         0x240014f8      0x400 
                0x240018f8                . = ALIGN (0x8)

/DISCARD/
 libc.a(*)
 libm.a(*)
 libgcc.a(*)

.ARM.attributes
                0x00000000       0x2a
 *(.ARM.attributes)
 .ARM.attributes
                0x00000000       0x1e c:/progra~2/gnuarm~1/102021~1.10/bin/../lib/gcc/arm-none-eabi/10.3.1/thumb/v7e-m/nofp/crti.o
 .ARM.attributes
                0x0000001e       0x2e c:/progra~2/gnuarm~1/102021~1.10/bin/../lib/gcc/arm-none-eabi/10.3.1/thumb/v7e-m/nofp/crtbegin.o
 .ARM.attributes
                0x0000004c       0x2e CMakeFiles/750XBH6_LVGL.elf.dir/Core/Src/gpio.c.obj
 .ARM.attributes
                0x0000007a       0x2e CMakeFiles/750XBH6_LVGL.elf.dir/Core/Src/main.c.obj
 .ARM.attributes
                0x000000a8       0x2e CMakeFiles/750XBH6_LVGL.elf.dir/Core/Src/stm32h7xx_hal_msp.c.obj
 .ARM.attributes
                0x000000d6       0x2e CMakeFiles/750XBH6_LVGL.elf.dir/Core/Src/stm32h7xx_it.c.obj
 .ARM.attributes
                0x00000104       0x2e CMakeFiles/750XBH6_LVGL.elf.dir/Core/Src/system_stm32h7xx.c.obj
 .ARM.attributes
                0x00000132       0x2e CMakeFiles/750XBH6_LVGL.elf.dir/Core/Src/usart.c.obj
 .ARM.attributes
                0x00000160       0x21 CMakeFiles/750XBH6_LVGL.elf.dir/Core/Startup/startup_stm32h750xbhx.s.obj
 .ARM.attributes
                0x00000181       0x2e CMakeFiles/750XBH6_LVGL.elf.dir/Drivers/STM32H7xx_HAL_Driver/Src/stm32h7xx_hal.c.obj
 .ARM.attributes
                0x000001af       0x2e CMakeFiles/750XBH6_LVGL.elf.dir/Drivers/STM32H7xx_HAL_Driver/Src/stm32h7xx_hal_cortex.c.obj
 .ARM.attributes
                0x000001dd       0x2e CMakeFiles/750XBH6_LVGL.elf.dir/Drivers/STM32H7xx_HAL_Driver/Src/stm32h7xx_hal_gpio.c.obj
 .ARM.attributes
                0x0000020b       0x2e CMakeFiles/750XBH6_LVGL.elf.dir/Drivers/STM32H7xx_HAL_Driver/Src/stm32h7xx_hal_pwr_ex.c.obj
 .ARM.attributes
                0x00000239       0x2e CMakeFiles/750XBH6_LVGL.elf.dir/Drivers/STM32H7xx_HAL_Driver/Src/stm32h7xx_hal_rcc.c.obj
 .ARM.attributes
                0x00000267       0x2e CMakeFiles/750XBH6_LVGL.elf.dir/Drivers/STM32H7xx_HAL_Driver/Src/stm32h7xx_hal_rcc_ex.c.obj
 .ARM.attributes
                0x00000295       0x2e CMakeFiles/750XBH6_LVGL.elf.dir/Drivers/STM32H7xx_HAL_Driver/Src/stm32h7xx_hal_uart.c.obj
 .ARM.attributes
                0x000002c3       0x2e CMakeFiles/750XBH6_LVGL.elf.dir/Drivers/STM32H7xx_HAL_Driver/Src/stm32h7xx_hal_uart_ex.c.obj
 .ARM.attributes
                0x000002f1       0x1e c:/progra~2/gnuarm~1/102021~1.10/bin/../lib/gcc/arm-none-eabi/10.3.1/thumb/v7e-m/nofp\libgcc.a(_arm_addsubsf3.o)
 .ARM.attributes
                0x0000030f       0x1e c:/progra~2/gnuarm~1/102021~1.10/bin/../lib/gcc/arm-none-eabi/10.3.1/thumb/v7e-m/nofp\libgcc.a(_arm_muldivsf3.o)
 .ARM.attributes
                0x0000032d       0x1e c:/progra~2/gnuarm~1/102021~1.10/bin/../lib/gcc/arm-none-eabi/10.3.1/thumb/v7e-m/nofp\libgcc.a(_arm_fixunssfsi.o)
 .ARM.attributes
                0x0000034b       0x1e c:/progra~2/gnuarm~1/102021~1.10/bin/../lib/gcc/arm-none-eabi/10.3.1/thumb/v7e-m/nofp\libgcc.a(_aeabi_uldivmod.o)
 .ARM.attributes
                0x00000369       0x2e c:/progra~2/gnuarm~1/102021~1.10/bin/../lib/gcc/arm-none-eabi/10.3.1/thumb/v7e-m/nofp\libgcc.a(_udivmoddi4.o)
 .ARM.attributes
                0x00000397       0x1e c:/progra~2/gnuarm~1/102021~1.10/bin/../lib/gcc/arm-none-eabi/10.3.1/thumb/v7e-m/nofp\libgcc.a(_dvmd_tls.o)
 .ARM.attributes
                0x000003b5       0x2e c:/progra~2/gnuarm~1/102021~1.10/bin/../lib/gcc/arm-none-eabi/10.3.1/../../../../arm-none-eabi/lib/thumb/v7e-m/nofp\libg.a(lib_a-impure.o)
 .ARM.attributes
                0x000003e3       0x2e c:/progra~2/gnuarm~1/102021~1.10/bin/../lib/gcc/arm-none-eabi/10.3.1/../../../../arm-none-eabi/lib/thumb/v7e-m/nofp\libg.a(lib_a-init.o)
 .ARM.attributes
                0x00000411       0x2e c:/progra~2/gnuarm~1/102021~1.10/bin/../lib/gcc/arm-none-eabi/10.3.1/../../../../arm-none-eabi/lib/thumb/v7e-m/nofp\libg.a(lib_a-memset.o)
 .ARM.attributes
                0x0000043f       0x2e c:/progra~2/gnuarm~1/102021~1.10/bin/../lib/gcc/arm-none-eabi/10.3.1/../../../../arm-none-eabi/lib/thumb/v7e-m/nofp\libg.a(lib_a-__call_atexit.o)
 .ARM.attributes
                0x0000046d       0x2e c:/progra~2/gnuarm~1/102021~1.10/bin/../lib/gcc/arm-none-eabi/10.3.1/../../../../arm-none-eabi/lib/thumb/v7e-m/nofp\libg.a(lib_a-atexit.o)
 .ARM.attributes
                0x0000049b       0x2e c:/progra~2/gnuarm~1/102021~1.10/bin/../lib/gcc/arm-none-eabi/10.3.1/../../../../arm-none-eabi/lib/thumb/v7e-m/nofp\libg.a(lib_a-fini.o)
 .ARM.attributes
                0x000004c9       0x2e c:/progra~2/gnuarm~1/102021~1.10/bin/../lib/gcc/arm-none-eabi/10.3.1/../../../../arm-none-eabi/lib/thumb/v7e-m/nofp\libg.a(lib_a-lock.o)
 .ARM.attributes
                0x000004f7       0x2e c:/progra~2/gnuarm~1/102021~1.10/bin/../lib/gcc/arm-none-eabi/10.3.1/../../../../arm-none-eabi/lib/thumb/v7e-m/nofp\libg.a(lib_a-__atexit.o)
 .ARM.attributes
                0x00000525       0x1e c:/progra~2/gnuarm~1/102021~1.10/bin/../lib/gcc/arm-none-eabi/10.3.1/thumb/v7e-m/nofp/crtn.o
OUTPUT(750XBH6_LVGL.elf elf32-littlearm)
LOAD linker stubs
LOAD c:/progra~2/gnuarm~1/102021~1.10/bin/../lib/gcc/arm-none-eabi/10.3.1/../../../../arm-none-eabi/lib/thumb/v7e-m/nofp\libc.a
LOAD c:/progra~2/gnuarm~1/102021~1.10/bin/../lib/gcc/arm-none-eabi/10.3.1/../../../../arm-none-eabi/lib/thumb/v7e-m/nofp\libm.a
LOAD c:/progra~2/gnuarm~1/102021~1.10/bin/../lib/gcc/arm-none-eabi/10.3.1/thumb/v7e-m/nofp\libgcc.a

.debug_info     0x00000000    0x12631
 .debug_info    0x00000000      0x4da CMakeFiles/750XBH6_LVGL.elf.dir/Core/Src/gpio.c.obj
 .debug_info    0x000004da      0x6e6 CMakeFiles/750XBH6_LVGL.elf.dir/Core/Src/main.c.obj
 .debug_info    0x00000bc0      0x4a0 CMakeFiles/750XBH6_LVGL.elf.dir/Core/Src/stm32h7xx_hal_msp.c.obj
 .debug_info    0x00001060      0x145 CMakeFiles/750XBH6_LVGL.elf.dir/Core/Src/stm32h7xx_it.c.obj
 .debug_info    0x000011a5      0xaf5 CMakeFiles/750XBH6_LVGL.elf.dir/Core/Src/system_stm32h7xx.c.obj
 .debug_info    0x00001c9a     0x11b5 CMakeFiles/750XBH6_LVGL.elf.dir/Core/Src/usart.c.obj
 .debug_info    0x00002e4f       0x22 CMakeFiles/750XBH6_LVGL.elf.dir/Core/Startup/startup_stm32h750xbhx.s.obj
 .debug_info    0x00002e71     0x16a6 CMakeFiles/750XBH6_LVGL.elf.dir/Drivers/STM32H7xx_HAL_Driver/Src/stm32h7xx_hal.c.obj
 .debug_info    0x00004517     0x13f0 CMakeFiles/750XBH6_LVGL.elf.dir/Drivers/STM32H7xx_HAL_Driver/Src/stm32h7xx_hal_cortex.c.obj
 .debug_info    0x00005907      0xd66 CMakeFiles/750XBH6_LVGL.elf.dir/Drivers/STM32H7xx_HAL_Driver/Src/stm32h7xx_hal_gpio.c.obj
 .debug_info    0x0000666d     0x122e CMakeFiles/750XBH6_LVGL.elf.dir/Drivers/STM32H7xx_HAL_Driver/Src/stm32h7xx_hal_pwr_ex.c.obj
 .debug_info    0x0000789b     0x13c5 CMakeFiles/750XBH6_LVGL.elf.dir/Drivers/STM32H7xx_HAL_Driver/Src/stm32h7xx_hal_rcc.c.obj
 .debug_info    0x00008c60     0x2034 CMakeFiles/750XBH6_LVGL.elf.dir/Drivers/STM32H7xx_HAL_Driver/Src/stm32h7xx_hal_rcc_ex.c.obj
 .debug_info    0x0000ac94     0x674e CMakeFiles/750XBH6_LVGL.elf.dir/Drivers/STM32H7xx_HAL_Driver/Src/stm32h7xx_hal_uart.c.obj
 .debug_info    0x000113e2     0x124f CMakeFiles/750XBH6_LVGL.elf.dir/Drivers/STM32H7xx_HAL_Driver/Src/stm32h7xx_hal_uart_ex.c.obj

.debug_abbrev   0x00000000     0x1d82
 .debug_abbrev  0x00000000       0xe2 CMakeFiles/750XBH6_LVGL.elf.dir/Core/Src/gpio.c.obj
 .debug_abbrev  0x000000e2      0x1e8 CMakeFiles/750XBH6_LVGL.elf.dir/Core/Src/main.c.obj
 .debug_abbrev  0x000002ca       0xd7 CMakeFiles/750XBH6_LVGL.elf.dir/Core/Src/stm32h7xx_hal_msp.c.obj
 .debug_abbrev  0x000003a1       0x7e CMakeFiles/750XBH6_LVGL.elf.dir/Core/Src/stm32h7xx_it.c.obj
 .debug_abbrev  0x0000041f      0x162 CMakeFiles/750XBH6_LVGL.elf.dir/Core/Src/system_stm32h7xx.c.obj
 .debug_abbrev  0x00000581      0x20b CMakeFiles/750XBH6_LVGL.elf.dir/Core/Src/usart.c.obj
 .debug_abbrev  0x0000078c       0x12 CMakeFiles/750XBH6_LVGL.elf.dir/Core/Startup/startup_stm32h750xbhx.s.obj
 .debug_abbrev  0x0000079e      0x264 CMakeFiles/750XBH6_LVGL.elf.dir/Drivers/STM32H7xx_HAL_Driver/Src/stm32h7xx_hal.c.obj
 .debug_abbrev  0x00000a02      0x37d CMakeFiles/750XBH6_LVGL.elf.dir/Drivers/STM32H7xx_HAL_Driver/Src/stm32h7xx_hal_cortex.c.obj
 .debug_abbrev  0x00000d7f      0x239 CMakeFiles/750XBH6_LVGL.elf.dir/Drivers/STM32H7xx_HAL_Driver/Src/stm32h7xx_hal_gpio.c.obj
 .debug_abbrev  0x00000fb8      0x29b CMakeFiles/750XBH6_LVGL.elf.dir/Drivers/STM32H7xx_HAL_Driver/Src/stm32h7xx_hal_pwr_ex.c.obj
 .debug_abbrev  0x00001253      0x28c CMakeFiles/750XBH6_LVGL.elf.dir/Drivers/STM32H7xx_HAL_Driver/Src/stm32h7xx_hal_rcc.c.obj
 .debug_abbrev  0x000014df      0x285 CMakeFiles/750XBH6_LVGL.elf.dir/Drivers/STM32H7xx_HAL_Driver/Src/stm32h7xx_hal_rcc_ex.c.obj
 .debug_abbrev  0x00001764      0x337 CMakeFiles/750XBH6_LVGL.elf.dir/Drivers/STM32H7xx_HAL_Driver/Src/stm32h7xx_hal_uart.c.obj
 .debug_abbrev  0x00001a9b      0x2e7 CMakeFiles/750XBH6_LVGL.elf.dir/Drivers/STM32H7xx_HAL_Driver/Src/stm32h7xx_hal_uart_ex.c.obj

.debug_aranges  0x00000000      0x9b8
 .debug_aranges
                0x00000000       0x20 CMakeFiles/750XBH6_LVGL.elf.dir/Core/Src/gpio.c.obj
 .debug_aranges
                0x00000020       0x30 CMakeFiles/750XBH6_LVGL.elf.dir/Core/Src/main.c.obj
 .debug_aranges
                0x00000050       0x20 CMakeFiles/750XBH6_LVGL.elf.dir/Core/Src/stm32h7xx_hal_msp.c.obj
 .debug_aranges
                0x00000070       0x60 CMakeFiles/750XBH6_LVGL.elf.dir/Core/Src/stm32h7xx_it.c.obj
 .debug_aranges
                0x000000d0       0x28 CMakeFiles/750XBH6_LVGL.elf.dir/Core/Src/system_stm32h7xx.c.obj
 .debug_aranges
                0x000000f8       0x30 CMakeFiles/750XBH6_LVGL.elf.dir/Core/Src/usart.c.obj
 .debug_aranges
                0x00000128       0x28 CMakeFiles/750XBH6_LVGL.elf.dir/Core/Startup/startup_stm32h750xbhx.s.obj
 .debug_aranges
                0x00000150      0x198 CMakeFiles/750XBH6_LVGL.elf.dir/Drivers/STM32H7xx_HAL_Driver/Src/stm32h7xx_hal.c.obj
 .debug_aranges
                0x000002e8       0xb0 CMakeFiles/750XBH6_LVGL.elf.dir/Drivers/STM32H7xx_HAL_Driver/Src/stm32h7xx_hal_cortex.c.obj
 .debug_aranges
                0x00000398       0x58 CMakeFiles/750XBH6_LVGL.elf.dir/Drivers/STM32H7xx_HAL_Driver/Src/stm32h7xx_hal_gpio.c.obj
 .debug_aranges
                0x000003f0      0x158 CMakeFiles/750XBH6_LVGL.elf.dir/Drivers/STM32H7xx_HAL_Driver/Src/stm32h7xx_hal_pwr_ex.c.obj
 .debug_aranges
                0x00000548       0x88 CMakeFiles/750XBH6_LVGL.elf.dir/Drivers/STM32H7xx_HAL_Driver/Src/stm32h7xx_hal_rcc.c.obj
 .debug_aranges
                0x000005d0       0xf8 CMakeFiles/750XBH6_LVGL.elf.dir/Drivers/STM32H7xx_HAL_Driver/Src/stm32h7xx_hal_rcc_ex.c.obj
 .debug_aranges
                0x000006c8      0x248 CMakeFiles/750XBH6_LVGL.elf.dir/Drivers/STM32H7xx_HAL_Driver/Src/stm32h7xx_hal_uart.c.obj
 .debug_aranges
                0x00000910       0xa8 CMakeFiles/750XBH6_LVGL.elf.dir/Drivers/STM32H7xx_HAL_Driver/Src/stm32h7xx_hal_uart_ex.c.obj

.debug_ranges   0x00000000      0xa00
 .debug_ranges  0x00000000       0x10 CMakeFiles/750XBH6_LVGL.elf.dir/Core/Src/gpio.c.obj
 .debug_ranges  0x00000010       0x20 CMakeFiles/750XBH6_LVGL.elf.dir/Core/Src/main.c.obj
 .debug_ranges  0x00000030       0x10 CMakeFiles/750XBH6_LVGL.elf.dir/Core/Src/stm32h7xx_hal_msp.c.obj
 .debug_ranges  0x00000040       0x50 CMakeFiles/750XBH6_LVGL.elf.dir/Core/Src/stm32h7xx_it.c.obj
 .debug_ranges  0x00000090       0x18 CMakeFiles/750XBH6_LVGL.elf.dir/Core/Src/system_stm32h7xx.c.obj
 .debug_ranges  0x000000a8       0x20 CMakeFiles/750XBH6_LVGL.elf.dir/Core/Src/usart.c.obj
 .debug_ranges  0x000000c8       0x20 CMakeFiles/750XBH6_LVGL.elf.dir/Core/Startup/startup_stm32h750xbhx.s.obj
 .debug_ranges  0x000000e8      0x188 CMakeFiles/750XBH6_LVGL.elf.dir/Drivers/STM32H7xx_HAL_Driver/Src/stm32h7xx_hal.c.obj
 .debug_ranges  0x00000270      0x100 CMakeFiles/750XBH6_LVGL.elf.dir/Drivers/STM32H7xx_HAL_Driver/Src/stm32h7xx_hal_cortex.c.obj
 .debug_ranges  0x00000370       0x48 CMakeFiles/750XBH6_LVGL.elf.dir/Drivers/STM32H7xx_HAL_Driver/Src/stm32h7xx_hal_gpio.c.obj
 .debug_ranges  0x000003b8      0x1a8 CMakeFiles/750XBH6_LVGL.elf.dir/Drivers/STM32H7xx_HAL_Driver/Src/stm32h7xx_hal_pwr_ex.c.obj
 .debug_ranges  0x00000560       0xe8 CMakeFiles/750XBH6_LVGL.elf.dir/Drivers/STM32H7xx_HAL_Driver/Src/stm32h7xx_hal_rcc.c.obj
 .debug_ranges  0x00000648       0xe8 CMakeFiles/750XBH6_LVGL.elf.dir/Drivers/STM32H7xx_HAL_Driver/Src/stm32h7xx_hal_rcc_ex.c.obj
 .debug_ranges  0x00000730      0x238 CMakeFiles/750XBH6_LVGL.elf.dir/Drivers/STM32H7xx_HAL_Driver/Src/stm32h7xx_hal_uart.c.obj
 .debug_ranges  0x00000968       0x98 CMakeFiles/750XBH6_LVGL.elf.dir/Drivers/STM32H7xx_HAL_Driver/Src/stm32h7xx_hal_uart_ex.c.obj

.debug_line     0x00000000     0xdb25
 .debug_line    0x00000000      0x17d CMakeFiles/750XBH6_LVGL.elf.dir/Core/Src/gpio.c.obj
 .debug_line    0x0000017d      0x40b CMakeFiles/750XBH6_LVGL.elf.dir/Core/Src/main.c.obj
 .debug_line    0x00000588      0x17e CMakeFiles/750XBH6_LVGL.elf.dir/Core/Src/stm32h7xx_hal_msp.c.obj
 .debug_line    0x00000706      0x1c5 CMakeFiles/750XBH6_LVGL.elf.dir/Core/Src/stm32h7xx_it.c.obj
 .debug_line    0x000008cb      0x418 CMakeFiles/750XBH6_LVGL.elf.dir/Core/Src/system_stm32h7xx.c.obj
 .debug_line    0x00000ce3      0x3e6 CMakeFiles/750XBH6_LVGL.elf.dir/Core/Src/usart.c.obj
 .debug_line    0x000010c9       0xac CMakeFiles/750XBH6_LVGL.elf.dir/Core/Startup/startup_stm32h750xbhx.s.obj
 .debug_line    0x00001175      0x934 CMakeFiles/750XBH6_LVGL.elf.dir/Drivers/STM32H7xx_HAL_Driver/Src/stm32h7xx_hal.c.obj
 .debug_line    0x00001aa9      0x7ff CMakeFiles/750XBH6_LVGL.elf.dir/Drivers/STM32H7xx_HAL_Driver/Src/stm32h7xx_hal_cortex.c.obj
 .debug_line    0x000022a8      0x704 CMakeFiles/750XBH6_LVGL.elf.dir/Drivers/STM32H7xx_HAL_Driver/Src/stm32h7xx_hal_gpio.c.obj
 .debug_line    0x000029ac      0xaf4 CMakeFiles/750XBH6_LVGL.elf.dir/Drivers/STM32H7xx_HAL_Driver/Src/stm32h7xx_hal_pwr_ex.c.obj
 .debug_line    0x000034a0     0x12de CMakeFiles/750XBH6_LVGL.elf.dir/Drivers/STM32H7xx_HAL_Driver/Src/stm32h7xx_hal_rcc.c.obj
 .debug_line    0x0000477e     0x1f98 CMakeFiles/750XBH6_LVGL.elf.dir/Drivers/STM32H7xx_HAL_Driver/Src/stm32h7xx_hal_rcc_ex.c.obj
 .debug_line    0x00006716     0x672b CMakeFiles/750XBH6_LVGL.elf.dir/Drivers/STM32H7xx_HAL_Driver/Src/stm32h7xx_hal_uart.c.obj
 .debug_line    0x0000ce41      0xce4 CMakeFiles/750XBH6_LVGL.elf.dir/Drivers/STM32H7xx_HAL_Driver/Src/stm32h7xx_hal_uart_ex.c.obj

.debug_str      0x00000000     0x442c
 .debug_str     0x00000000      0x3de CMakeFiles/750XBH6_LVGL.elf.dir/Core/Src/gpio.c.obj
                                0x42c (size before relaxing)
 .debug_str     0x000003de      0x30c CMakeFiles/750XBH6_LVGL.elf.dir/Core/Src/main.c.obj
                                0x517 (size before relaxing)
 .debug_str     0x000006ea       0x50 CMakeFiles/750XBH6_LVGL.elf.dir/Core/Src/stm32h7xx_hal_msp.c.obj
                                0x438 (size before relaxing)
 .debug_str     0x0000073a       0xdb CMakeFiles/750XBH6_LVGL.elf.dir/Core/Src/stm32h7xx_it.c.obj
                                0x285 (size before relaxing)
 .debug_str     0x00000815      0x2b1 CMakeFiles/750XBH6_LVGL.elf.dir/Core/Src/system_stm32h7xx.c.obj
                                0x6ae (size before relaxing)
 .debug_str     0x00000ac6      0x9d7 CMakeFiles/750XBH6_LVGL.elf.dir/Core/Src/usart.c.obj
                                0xeae (size before relaxing)
 .debug_str     0x0000149d       0x5a CMakeFiles/750XBH6_LVGL.elf.dir/Core/Startup/startup_stm32h750xbhx.s.obj
                                 0x9d (size before relaxing)
 .debug_str     0x000014f7      0xf7b CMakeFiles/750XBH6_LVGL.elf.dir/Drivers/STM32H7xx_HAL_Driver/Src/stm32h7xx_hal.c.obj
                               0x1505 (size before relaxing)
 .debug_str     0x00002472      0x58b CMakeFiles/750XBH6_LVGL.elf.dir/Drivers/STM32H7xx_HAL_Driver/Src/stm32h7xx_hal_cortex.c.obj
                               0x109d (size before relaxing)
 .debug_str     0x000029fd      0x13a CMakeFiles/750XBH6_LVGL.elf.dir/Drivers/STM32H7xx_HAL_Driver/Src/stm32h7xx_hal_gpio.c.obj
                                0x71a (size before relaxing)
 .debug_str     0x00002b37      0x578 CMakeFiles/750XBH6_LVGL.elf.dir/Drivers/STM32H7xx_HAL_Driver/Src/stm32h7xx_hal_pwr_ex.c.obj
                                0xa8f (size before relaxing)
 .debug_str     0x000030af      0x1b6 CMakeFiles/750XBH6_LVGL.elf.dir/Drivers/STM32H7xx_HAL_Driver/Src/stm32h7xx_hal_rcc.c.obj
                                0xaa2 (size before relaxing)
 .debug_str     0x00003265      0x5e9 CMakeFiles/750XBH6_LVGL.elf.dir/Drivers/STM32H7xx_HAL_Driver/Src/stm32h7xx_hal_rcc_ex.c.obj
                                0xfad (size before relaxing)
 .debug_str     0x0000384e      0x971 CMakeFiles/750XBH6_LVGL.elf.dir/Drivers/STM32H7xx_HAL_Driver/Src/stm32h7xx_hal_uart.c.obj
                               0x14f9 (size before relaxing)
 .debug_str     0x000041bf      0x26d CMakeFiles/750XBH6_LVGL.elf.dir/Drivers/STM32H7xx_HAL_Driver/Src/stm32h7xx_hal_uart_ex.c.obj
                                0xbe2 (size before relaxing)

.comment        0x00000000       0x49
 .comment       0x00000000       0x49 CMakeFiles/750XBH6_LVGL.elf.dir/Core/Src/gpio.c.obj
                                 0x4a (size before relaxing)
 .comment       0x00000049       0x4a CMakeFiles/750XBH6_LVGL.elf.dir/Core/Src/main.c.obj
 .comment       0x00000049       0x4a CMakeFiles/750XBH6_LVGL.elf.dir/Core/Src/stm32h7xx_hal_msp.c.obj
 .comment       0x00000049       0x4a CMakeFiles/750XBH6_LVGL.elf.dir/Core/Src/stm32h7xx_it.c.obj
 .comment       0x00000049       0x4a CMakeFiles/750XBH6_LVGL.elf.dir/Core/Src/system_stm32h7xx.c.obj
 .comment       0x00000049       0x4a CMakeFiles/750XBH6_LVGL.elf.dir/Core/Src/usart.c.obj
 .comment       0x00000049       0x4a CMakeFiles/750XBH6_LVGL.elf.dir/Drivers/STM32H7xx_HAL_Driver/Src/stm32h7xx_hal.c.obj
 .comment       0x00000049       0x4a CMakeFiles/750XBH6_LVGL.elf.dir/Drivers/STM32H7xx_HAL_Driver/Src/stm32h7xx_hal_cortex.c.obj
 .comment       0x00000049       0x4a CMakeFiles/750XBH6_LVGL.elf.dir/Drivers/STM32H7xx_HAL_Driver/Src/stm32h7xx_hal_gpio.c.obj
 .comment       0x00000049       0x4a CMakeFiles/750XBH6_LVGL.elf.dir/Drivers/STM32H7xx_HAL_Driver/Src/stm32h7xx_hal_pwr_ex.c.obj
 .comment       0x00000049       0x4a CMakeFiles/750XBH6_LVGL.elf.dir/Drivers/STM32H7xx_HAL_Driver/Src/stm32h7xx_hal_rcc.c.obj
 .comment       0x00000049       0x4a CMakeFiles/750XBH6_LVGL.elf.dir/Drivers/STM32H7xx_HAL_Driver/Src/stm32h7xx_hal_rcc_ex.c.obj
 .comment       0x00000049       0x4a CMakeFiles/750XBH6_LVGL.elf.dir/Drivers/STM32H7xx_HAL_Driver/Src/stm32h7xx_hal_uart.c.obj
 .comment       0x00000049       0x4a CMakeFiles/750XBH6_LVGL.elf.dir/Drivers/STM32H7xx_HAL_Driver/Src/stm32h7xx_hal_uart_ex.c.obj

.debug_frame    0x00000000     0x19b8
 .debug_frame   0x00000000       0x28 CMakeFiles/750XBH6_LVGL.elf.dir/Core/Src/gpio.c.obj
 .debug_frame   0x00000028       0x58 CMakeFiles/750XBH6_LVGL.elf.dir/Core/Src/main.c.obj
 .debug_frame   0x00000080       0x28 CMakeFiles/750XBH6_LVGL.elf.dir/Core/Src/stm32h7xx_hal_msp.c.obj
 .debug_frame   0x000000a8       0xa8 CMakeFiles/750XBH6_LVGL.elf.dir/Core/Src/stm32h7xx_it.c.obj
 .debug_frame   0x00000150       0x40 CMakeFiles/750XBH6_LVGL.elf.dir/Core/Src/system_stm32h7xx.c.obj
 .debug_frame   0x00000190       0x64 CMakeFiles/750XBH6_LVGL.elf.dir/Core/Src/usart.c.obj
 .debug_frame   0x000001f4      0x360 CMakeFiles/750XBH6_LVGL.elf.dir/Drivers/STM32H7xx_HAL_Driver/Src/stm32h7xx_hal.c.obj
 .debug_frame   0x00000554      0x158 CMakeFiles/750XBH6_LVGL.elf.dir/Drivers/STM32H7xx_HAL_Driver/Src/stm32h7xx_hal_cortex.c.obj
 .debug_frame   0x000006ac       0xd0 CMakeFiles/750XBH6_LVGL.elf.dir/Drivers/STM32H7xx_HAL_Driver/Src/stm32h7xx_hal_gpio.c.obj
 .debug_frame   0x0000077c      0x2f4 CMakeFiles/750XBH6_LVGL.elf.dir/Drivers/STM32H7xx_HAL_Driver/Src/stm32h7xx_hal_pwr_ex.c.obj
 .debug_frame   0x00000a70      0x188 CMakeFiles/750XBH6_LVGL.elf.dir/Drivers/STM32H7xx_HAL_Driver/Src/stm32h7xx_hal_rcc.c.obj
 .debug_frame   0x00000bf8      0x284 CMakeFiles/750XBH6_LVGL.elf.dir/Drivers/STM32H7xx_HAL_Driver/Src/stm32h7xx_hal_rcc_ex.c.obj
 .debug_frame   0x00000e7c      0x680 CMakeFiles/750XBH6_LVGL.elf.dir/Drivers/STM32H7xx_HAL_Driver/Src/stm32h7xx_hal_uart.c.obj
 .debug_frame   0x000014fc      0x1c8 CMakeFiles/750XBH6_LVGL.elf.dir/Drivers/STM32H7xx_HAL_Driver/Src/stm32h7xx_hal_uart_ex.c.obj
 .debug_frame   0x000016c4       0x4c c:/progra~2/gnuarm~1/102021~1.10/bin/../lib/gcc/arm-none-eabi/10.3.1/thumb/v7e-m/nofp\libgcc.a(_arm_addsubsf3.o)
 .debug_frame   0x00001710       0x38 c:/progra~2/gnuarm~1/102021~1.10/bin/../lib/gcc/arm-none-eabi/10.3.1/thumb/v7e-m/nofp\libgcc.a(_arm_muldivsf3.o)
 .debug_frame   0x00001748       0x24 c:/progra~2/gnuarm~1/102021~1.10/bin/../lib/gcc/arm-none-eabi/10.3.1/thumb/v7e-m/nofp\libgcc.a(_arm_fixunssfsi.o)
 .debug_frame   0x0000176c       0x2c c:/progra~2/gnuarm~1/102021~1.10/bin/../lib/gcc/arm-none-eabi/10.3.1/thumb/v7e-m/nofp\libgcc.a(_aeabi_uldivmod.o)
 .debug_frame   0x00001798       0x34 c:/progra~2/gnuarm~1/102021~1.10/bin/../lib/gcc/arm-none-eabi/10.3.1/thumb/v7e-m/nofp\libgcc.a(_udivmoddi4.o)
 .debug_frame   0x000017cc       0x2c c:/progra~2/gnuarm~1/102021~1.10/bin/../lib/gcc/arm-none-eabi/10.3.1/../../../../arm-none-eabi/lib/thumb/v7e-m/nofp\libg.a(lib_a-init.o)
 .debug_frame   0x000017f8       0x2c c:/progra~2/gnuarm~1/102021~1.10/bin/../lib/gcc/arm-none-eabi/10.3.1/../../../../arm-none-eabi/lib/thumb/v7e-m/nofp\libg.a(lib_a-memset.o)
 .debug_frame   0x00001824       0x5c c:/progra~2/gnuarm~1/102021~1.10/bin/../lib/gcc/arm-none-eabi/10.3.1/../../../../arm-none-eabi/lib/thumb/v7e-m/nofp\libg.a(lib_a-__call_atexit.o)
 .debug_frame   0x00001880       0x20 c:/progra~2/gnuarm~1/102021~1.10/bin/../lib/gcc/arm-none-eabi/10.3.1/../../../../arm-none-eabi/lib/thumb/v7e-m/nofp\libg.a(lib_a-atexit.o)
 .debug_frame   0x000018a0       0x34 c:/progra~2/gnuarm~1/102021~1.10/bin/../lib/gcc/arm-none-eabi/10.3.1/../../../../arm-none-eabi/lib/thumb/v7e-m/nofp\libg.a(lib_a-fini.o)
 .debug_frame   0x000018d4       0xb0 c:/progra~2/gnuarm~1/102021~1.10/bin/../lib/gcc/arm-none-eabi/10.3.1/../../../../arm-none-eabi/lib/thumb/v7e-m/nofp\libg.a(lib_a-lock.o)
 .debug_frame   0x00001984       0x34 c:/progra~2/gnuarm~1/102021~1.10/bin/../lib/gcc/arm-none-eabi/10.3.1/../../../../arm-none-eabi/lib/thumb/v7e-m/nofp\libg.a(lib_a-__atexit.o)

.debug_loc      0x00000000     0xa88e
 .debug_loc     0x00000000      0x21e CMakeFiles/750XBH6_LVGL.elf.dir/Core/Src/system_stm32h7xx.c.obj
 .debug_loc     0x0000021e       0x64 CMakeFiles/750XBH6_LVGL.elf.dir/Core/Src/usart.c.obj
 .debug_loc     0x00000282      0x3fa CMakeFiles/750XBH6_LVGL.elf.dir/Drivers/STM32H7xx_HAL_Driver/Src/stm32h7xx_hal.c.obj
 .debug_loc     0x0000067c      0x726 CMakeFiles/750XBH6_LVGL.elf.dir/Drivers/STM32H7xx_HAL_Driver/Src/stm32h7xx_hal_cortex.c.obj
 .debug_loc     0x00000da2      0x3c6 CMakeFiles/750XBH6_LVGL.elf.dir/Drivers/STM32H7xx_HAL_Driver/Src/stm32h7xx_hal_gpio.c.obj
 .debug_loc     0x00001168      0x4df CMakeFiles/750XBH6_LVGL.elf.dir/Drivers/STM32H7xx_HAL_Driver/Src/stm32h7xx_hal_pwr_ex.c.obj
 .debug_loc     0x00001647      0x996 CMakeFiles/750XBH6_LVGL.elf.dir/Drivers/STM32H7xx_HAL_Driver/Src/stm32h7xx_hal_rcc.c.obj
 .debug_loc     0x00001fdd     0x1fbe CMakeFiles/750XBH6_LVGL.elf.dir/Drivers/STM32H7xx_HAL_Driver/Src/stm32h7xx_hal_rcc_ex.c.obj
 .debug_loc     0x00003f9b     0x5d4e CMakeFiles/750XBH6_LVGL.elf.dir/Drivers/STM32H7xx_HAL_Driver/Src/stm32h7xx_hal_uart.c.obj
 .debug_loc     0x00009ce9      0xba5 CMakeFiles/750XBH6_LVGL.elf.dir/Drivers/STM32H7xx_HAL_Driver/Src/stm32h7xx_hal_uart_ex.c.obj
