Archive member included to satisfy reference by file (symbol)

c:/progra~2/gnuarm~1/102021~1.10/bin/../lib/gcc/arm-none-eabi/10.3.1/thumb/v7e-m/nofp\libgcc.a(_arm_mulsf3.o)
                              CMakeFiles/750XBH6_LVGL.elf.dir/Core/Src/system_stm32h7xx.c.obj (__aeabi_fmul)
c:/progra~2/gnuarm~1/102021~1.10/bin/../lib/gcc/arm-none-eabi/10.3.1/thumb/v7e-m/nofp\libgcc.a(_arm_addsubsf3.o)
                              CMakeFiles/750XBH6_LVGL.elf.dir/Core/Src/system_stm32h7xx.c.obj (__aeabi_fadd)
c:/progra~2/gnuarm~1/102021~1.10/bin/../lib/gcc/arm-none-eabi/10.3.1/thumb/v7e-m/nofp\libgcc.a(_arm_muldivsf3.o)
                              CMakeFiles/750XBH6_LVGL.elf.dir/Core/Src/system_stm32h7xx.c.obj (__aeabi_fdiv)
c:/progra~2/gnuarm~1/102021~1.10/bin/../lib/gcc/arm-none-eabi/10.3.1/thumb/v7e-m/nofp\libgcc.a(_arm_fixunssfsi.o)
                              CMakeFiles/750XBH6_LVGL.elf.dir/Core/Src/system_stm32h7xx.c.obj (__aeabi_f2uiz)
c:/progra~2/gnuarm~1/102021~1.10/bin/../lib/gcc/arm-none-eabi/10.3.1/thumb/v7e-m/nofp\libgcc.a(_aeabi_uldivmod.o)
                              CMakeFiles/750XBH6_LVGL.elf.dir/Drivers/STM32H7xx_HAL_Driver/Src/stm32h7xx_hal_uart.c.obj (__aeabi_uldivmod)
c:/progra~2/gnuarm~1/102021~1.10/bin/../lib/gcc/arm-none-eabi/10.3.1/thumb/v7e-m/nofp\libgcc.a(_udivmoddi4.o)
                              c:/progra~2/gnuarm~1/102021~1.10/bin/../lib/gcc/arm-none-eabi/10.3.1/thumb/v7e-m/nofp\libgcc.a(_aeabi_uldivmod.o) (__udivmoddi4)
c:/progra~2/gnuarm~1/102021~1.10/bin/../lib/gcc/arm-none-eabi/10.3.1/thumb/v7e-m/nofp\libgcc.a(_dvmd_tls.o)
                              c:/progra~2/gnuarm~1/102021~1.10/bin/../lib/gcc/arm-none-eabi/10.3.1/thumb/v7e-m/nofp\libgcc.a(_aeabi_uldivmod.o) (__aeabi_ldiv0)
c:/progra~2/gnuarm~1/102021~1.10/bin/../lib/gcc/arm-none-eabi/10.3.1/../../../../arm-none-eabi/lib/thumb/v7e-m/nofp\libg.a(lib_a-errno.o)
                              CMakeFiles/750XBH6_LVGL.elf.dir/Core/Src/syscalls.c.obj (__errno)
c:/progra~2/gnuarm~1/102021~1.10/bin/../lib/gcc/arm-none-eabi/10.3.1/../../../../arm-none-eabi/lib/thumb/v7e-m/nofp\libg.a(lib_a-exit.o)
                              c:/progra~2/gnuarm~1/102021~1.10/bin/../lib/gcc/arm-none-eabi/10.3.1/../../../../arm-none-eabi/lib/thumb/v7e-m/nofp/crt0.o (exit)
c:/progra~2/gnuarm~1/102021~1.10/bin/../lib/gcc/arm-none-eabi/10.3.1/../../../../arm-none-eabi/lib/thumb/v7e-m/nofp\libg.a(lib_a-impure.o)
                              c:/progra~2/gnuarm~1/102021~1.10/bin/../lib/gcc/arm-none-eabi/10.3.1/../../../../arm-none-eabi/lib/thumb/v7e-m/nofp\libg.a(lib_a-exit.o) (_global_impure_ptr)
c:/progra~2/gnuarm~1/102021~1.10/bin/../lib/gcc/arm-none-eabi/10.3.1/../../../../arm-none-eabi/lib/thumb/v7e-m/nofp\libg.a(lib_a-init.o)
                              c:/progra~2/gnuarm~1/102021~1.10/bin/../lib/gcc/arm-none-eabi/10.3.1/../../../../arm-none-eabi/lib/thumb/v7e-m/nofp/crt0.o (__libc_init_array)
c:/progra~2/gnuarm~1/102021~1.10/bin/../lib/gcc/arm-none-eabi/10.3.1/../../../../arm-none-eabi/lib/thumb/v7e-m/nofp\libg.a(lib_a-memset.o)
                              c:/progra~2/gnuarm~1/102021~1.10/bin/../lib/gcc/arm-none-eabi/10.3.1/../../../../arm-none-eabi/lib/thumb/v7e-m/nofp/crt0.o (memset)
c:/progra~2/gnuarm~1/102021~1.10/bin/../lib/gcc/arm-none-eabi/10.3.1/../../../../arm-none-eabi/lib/thumb/v7e-m/nofp\libg.a(lib_a-puts.o)
                              CMakeFiles/750XBH6_LVGL.elf.dir/Core/Src/main.c.obj (puts)
c:/progra~2/gnuarm~1/102021~1.10/bin/../lib/gcc/arm-none-eabi/10.3.1/../../../../arm-none-eabi/lib/thumb/v7e-m/nofp\libg.a(lib_a-strlen.o)
                              c:/progra~2/gnuarm~1/102021~1.10/bin/../lib/gcc/arm-none-eabi/10.3.1/../../../../arm-none-eabi/lib/thumb/v7e-m/nofp\libg.a(lib_a-puts.o) (strlen)
c:/progra~2/gnuarm~1/102021~1.10/bin/../lib/gcc/arm-none-eabi/10.3.1/../../../../arm-none-eabi/lib/thumb/v7e-m/nofp\libg.a(lib_a-__call_atexit.o)
                              c:/progra~2/gnuarm~1/102021~1.10/bin/../lib/gcc/arm-none-eabi/10.3.1/../../../../arm-none-eabi/lib/thumb/v7e-m/nofp\libg.a(lib_a-exit.o) (__call_exitprocs)
c:/progra~2/gnuarm~1/102021~1.10/bin/../lib/gcc/arm-none-eabi/10.3.1/../../../../arm-none-eabi/lib/thumb/v7e-m/nofp\libg.a(lib_a-atexit.o)
                              c:/progra~2/gnuarm~1/102021~1.10/bin/../lib/gcc/arm-none-eabi/10.3.1/../../../../arm-none-eabi/lib/thumb/v7e-m/nofp\libg.a(lib_a-__call_atexit.o) (atexit)
c:/progra~2/gnuarm~1/102021~1.10/bin/../lib/gcc/arm-none-eabi/10.3.1/../../../../arm-none-eabi/lib/thumb/v7e-m/nofp\libg.a(lib_a-findfp.o)
                              c:/progra~2/gnuarm~1/102021~1.10/bin/../lib/gcc/arm-none-eabi/10.3.1/../../../../arm-none-eabi/lib/thumb/v7e-m/nofp\libg.a(lib_a-puts.o) (__sinit)
c:/progra~2/gnuarm~1/102021~1.10/bin/../lib/gcc/arm-none-eabi/10.3.1/../../../../arm-none-eabi/lib/thumb/v7e-m/nofp\libg.a(lib_a-fini.o)
[...]
Memory Configuration

Name             Origin             Length             Attributes
FLASH            0x08000000         0x00020000         xr
DTCMRAM          0x20000000         0x00020000         xrw
RAM_D1           0x24000000         0x00080000         xrw
RAM_D2           0x30000000         0x00048000         xrw
RAM_D3           0x38000000         0x00010000         xrw
ITCMRAM          0x00000000         0x00010000         xrw
*default*        0x00000000         0xffffffff

Linker script and memory map

LOAD c:/progra~2/gnuarm~1/102021~1.10/bin/../lib/gcc/arm-none-eabi/10.3.1/thumb/v7e-m/nofp/crti.o
LOAD c:/progra~2/gnuarm~1/102021~1.10/bin/../lib/gcc/arm-none-eabi/10.3.1/thumb/v7e-m/nofp/crtbegin.o
LOAD c:/progra~2/gnuarm~1/102021~1.10/bin/../lib/gcc/arm-none-eabi/10.3.1/../../../../arm-none-eabi/lib/thumb/v7e-m/nofp/crt0.o
LOAD CMakeFiles/750XBH6_LVGL.elf.dir/Core/Src/fmc.c.obj
LOAD CMakeFiles/750XBH6_LVGL.elf.dir/Core/Src/gpio.c.obj
LOAD CMakeFiles/750XBH6_LVGL.elf.dir/Core/Src/main.c.obj
LOAD CMakeFiles/750XBH6_LVGL.elf.dir/Core/Src/stm32h7xx_hal_msp.c.obj
LOAD CMakeFiles/750XBH6_LVGL.elf.dir/Core/Src/stm32h7xx_it.c.obj
LOAD CMakeFiles/750XBH6_LVGL.elf.dir/Core/Src/syscalls.c.obj
LOAD CMakeFiles/750XBH6_LVGL.elf.dir/Core/Src/sysmem.c.obj
LOAD CMakeFiles/750XBH6_LVGL.elf.dir/Core/Src/system_stm32h7xx.c.obj
LOAD CMakeFiles/750XBH6_LVGL.elf.dir/Core/Src/usart.c.obj
LOAD CMakeFiles/750XBH6_LVGL.elf.dir/Core/Startup/startup_stm32h750xbhx.s.obj
LOAD CMakeFiles/750XBH6_LVGL.elf.dir/Drivers/STM32H7xx_HAL_Driver/Src/stm32h7xx_hal.c.obj
LOAD CMakeFiles/750XBH6_LVGL.elf.dir/Drivers/STM32H7xx_HAL_Driver/Src/stm32h7xx_hal_cortex.c.obj
LOAD CMakeFiles/750XBH6_LVGL.elf.dir/Drivers/STM32H7xx_HAL_Driver/Src/stm32h7xx_hal_dma.c.obj
LOAD CMakeFiles/750XBH6_LVGL.elf.dir/Drivers/STM32H7xx_HAL_Driver/Src/stm32h7xx_hal_dma_ex.c.obj
LOAD CMakeFiles/750XBH6_LVGL.elf.dir/Drivers/STM32H7xx_HAL_Driver/Src/stm32h7xx_hal_exti.c.obj
LOAD CMakeFiles/750XBH6_LVGL.elf.dir/Drivers/STM32H7xx_HAL_Driver/Src/stm32h7xx_hal_flash.c.obj
LOAD CMakeFiles/750XBH6_LVGL.elf.dir/Drivers/STM32H7xx_HAL_Driver/Src/stm32h7xx_hal_flash_ex.c.obj
LOAD CMakeFiles/750XBH6_LVGL.elf.dir/Drivers/STM32H7xx_HAL_Driver/Src/stm32h7xx_hal_gpio.c.obj
LOAD CMakeFiles/750XBH6_LVGL.elf.dir/Drivers/STM32H7xx_HAL_Driver/Src/stm32h7xx_hal_hsem.c.obj
LOAD CMakeFiles/750XBH6_LVGL.elf.dir/Drivers/STM32H7xx_HAL_Driver/Src/stm32h7xx_hal_i2c.c.obj
LOAD CMakeFiles/750XBH6_LVGL.elf.dir/Drivers/STM32H7xx_HAL_Driver/Src/stm32h7xx_hal_i2c_ex.c.obj
LOAD CMakeFiles/750XBH6_LVGL.elf.dir/Drivers/STM32H7xx_HAL_Driver/Src/stm32h7xx_hal_mdma.c.obj
LOAD CMakeFiles/750XBH6_LVGL.elf.dir/Drivers/STM32H7xx_HAL_Driver/Src/stm32h7xx_hal_pwr.c.obj
LOAD CMakeFiles/750XBH6_LVGL.elf.dir/Drivers/STM32H7xx_HAL_Driver/Src/stm32h7xx_hal_pwr_ex.c.obj
LOAD CMakeFiles/750XBH6_LVGL.elf.dir/Drivers/STM32H7xx_HAL_Driver/Src/stm32h7xx_hal_rcc.c.obj
LOAD CMakeFiles/750XBH6_LVGL.elf.dir/Drivers/STM32H7xx_HAL_Driver/Src/stm32h7xx_hal_rcc_ex.c.obj
LOAD CMakeFiles/750XBH6_LVGL.elf.dir/Drivers/STM32H7xx_HAL_Driver/Src/stm32h7xx_hal_sdram.c.obj
LOAD CMakeFiles/750XBH6_LVGL.elf.dir/Drivers/STM32H7xx_HAL_Driver/Src/stm32h7xx_hal_tim.c.obj
LOAD CMakeFiles/750XBH6_LVGL.elf.dir/Drivers/STM32H7xx_HAL_Driver/Src/stm32h7xx_hal_tim_ex.c.obj
LOAD CMakeFiles/750XBH6_LVGL.elf.dir/Drivers/STM32H7xx_HAL_Driver/Src/stm32h7xx_hal_uart.c.obj
LOAD CMakeFiles/750XBH6_LVGL.elf.dir/Drivers/STM32H7xx_HAL_Driver/Src/stm32h7xx_hal_uart_ex.c.obj
LOAD CMakeFiles/750XBH6_LVGL.elf.dir/Drivers/STM32H7xx_HAL_Driver/Src/stm32h7xx_ll_fmc.c.obj
START GROUP
LOAD c:/progra~2/gnuarm~1/102021~1.10/bin/../lib/gcc/arm-none-eabi/10.3.1/thumb/v7e-m/nofp\libgcc.a
LOAD c:/progra~2/gnuarm~1/102021~1.10/bin/../lib/gcc/arm-none-eabi/10.3.1/../../../../arm-none-eabi/lib/thumb/v7e-m/nofp\libg.a
LOAD c:/progra~2/gnuarm~1/102021~1.10/bin/../lib/gcc/arm-none-eabi/10.3.1/../../../../arm-none-eabi/lib/thumb/v7e-m/nofp\libc.a
END GROUP
LOAD c:/progra~2/gnuarm~1/102021~1.10/bin/../lib/gcc/arm-none-eabi/10.3.1/thumb/v7e-m/nofp/crtend.o
LOAD c:/progra~2/gnuarm~1/102021~1.10/bin/../lib/gcc/arm-none-eabi/10.3.1/thumb/v7e-m/nofp/crtn.o
                0x24080000                _estack = (ORIGIN (RAM_D1) + LENGTH (RAM_D1))
                0x00002000                _Min_Heap_Size = 0x2000
                0x00002000                _Min_Stack_Size = 0x2000

.isr_vector     0x08000000      0x298
                0x08000000                . = ALIGN (0x4)
 *(.isr_vector)
 .isr_vector    0x08000000      0x298 CMakeFiles/750XBH6_LVGL.elf.dir/Core/Startup/startup_stm32h750xbhx.s.obj
                0x08000000                g_pfnVectors
                0x08000298                . = ALIGN (0x4)

.text           0x080002c0     0x5ad8
                0x080002c0                . = ALIGN (0x4)
 *(.text)
 .text          0x080002c0       0x40 c:/progra~2/gnuarm~1/102021~1.10/bin/../lib/gcc/arm-none-eabi/10.3.1/thumb/v7e-m/nofp/crtbegin.o
 .text          0x08000300      0x21c c:/progra~2/gnuarm~1/102021~1.10/bin/../lib/gcc/arm-none-eabi/10.3.1/thumb/v7e-m/nofp\libgcc.a(_arm_addsubsf3.o)
                0x08000300                __aeabi_frsub
                0x08000308                __subsf3
                0x08000308                __aeabi_fsub
                0x0800030c                __aeabi_fadd
                0x0800030c                __addsf3
                0x0800046c                __aeabi_ui2f
                0x0800046c                __floatunsisf
                0x08000474                __aeabi_i2f
                0x08000474                __floatsisf
                0x08000490                __aeabi_ul2f
                0x08000490                __floatundisf
                0x080004a0                __aeabi_l2f
                0x080004a0                __floatdisf
 .text          0x0800051c      0x2a0 c:/progra~2/gnuarm~1/102021~1.10/bin/../lib/gcc/arm-none-eabi/10.3.1/thumb/v7e-m/nofp\libgcc.a(_arm_muldivsf3.o)
                0x0800051c                __mulsf3
                0x0800051c                __aeabi_fmul
                0x08000684                __aeabi_fdiv
                0x08000684                __divsf3
 .text          0x080007bc       0x40 c:/progra~2/gnuarm~1/102021~1.10/bin/../lib/gcc/arm-none-eabi/10.3.1/thumb/v7e-m/nofp\libgcc.a(_arm_fixunssfsi.o)
                0x080007bc                __fixunssfsi
                0x080007bc                __aeabi_f2uiz
 .text          0x080007fc       0x30 c:/progra~2/gnuarm~1/102021~1.10/bin/../lib/gcc/arm-none-eabi/10.3.1/thumb/v7e-m/nofp\libgcc.a(_aeabi_uldivmod.o)
                0x080007fc                __aeabi_uldivmod
 .text          0x0800082c      0x2d0 c:/progra~2/gnuarm~1/102021~1.10/bin/../lib/gcc/arm-none-eabi/10.3.1/thumb/v7e-m/nofp\libgcc.a(_udivmoddi4.o)
                0x0800082c                __udivmoddi4
 .text          0x08000afc        0x4 c:/progra~2/gnuarm~1/102021~1.10/bin/../lib/gcc/arm-none-eabi/10.3.1/thumb/v7e-m/nofp\libgcc.a(_dvmd_tls.o)
                0x08000afc                __aeabi_idiv0
                0x08000afc                __aeabi_ldiv0
 .text          0x08000b00       0xdc c:/progra~2/gnuarm~1/102021~1.10/bin/../lib/gcc/arm-none-eabi/10.3.1/../../../../arm-none-eabi/lib/thumb/v7e-m/nofp\libg.a(lib_a-strlen.o)
                0x08000b00                strlen
 *fill*         0x08000bdc        0x4 
 .text          0x08000be0       0xa0 c:/progra~2/gnuarm~1/102021~1.10/bin/../lib/gcc/arm-none-eabi/10.3.1/../../../../arm-none-eabi/lib/thumb/v7e-m/nofp\libg.a(lib_a-memchr.o)
                0x08000be0                memchr
 .text          0x08000c80      0x134 c:/progra~2/gnuarm~1/102021~1.10/bin/../lib/gcc/arm-none-eabi/10.3.1/../../../../arm-none-eabi/lib/thumb/v7e-m/nofp\libg.a(lib_a-memcpy.o)
                0x08000c80                memcpy
 *(.text*)
 .text.HAL_FMC_MspInit
                0x08000db4      0x118 CMakeFiles/750XBH6_LVGL.elf.dir/Core/Src/fmc.c.obj
 .text.SDRAM_Send_Cmd
                0x08000ecc       0x38 CMakeFiles/750XBH6_LVGL.elf.dir/Core/Src/fmc.c.obj
                0x08000ecc                SDRAM_Send_Cmd
 .text.SDRAM_Initialization_Sequence
                0x08000f04       0x4c CMakeFiles/750XBH6_LVGL.elf.dir/Core/Src/fmc.c.obj
                0x08000f04                SDRAM_Initialization_Sequence
 .text.bsp_TestExtSDRAM
                0x08000f50       0xc4 CMakeFiles/750XBH6_LVGL.elf.dir/Core/Src/fmc.c.obj
                0x08000f50                bsp_TestExtSDRAM
 .text.MX_FMC_Init
                0x08001014       0x74 CMakeFiles/750XBH6_LVGL.elf.dir/Core/Src/fmc.c.obj
                0x08001014                MX_FMC_Init
 .text.HAL_SDRAM_MspInit
                0x08001088        0x8 CMakeFiles/750XBH6_LVGL.elf.dir/Core/Src/fmc.c.obj
                0x08001088                HAL_SDRAM_MspInit
 .text.MX_GPIO_Init
                0x08001090       0xb4 CMakeFiles/750XBH6_LVGL.elf.dir/Core/Src/gpio.c.obj
                0x08001090                MX_GPIO_Init
 .text.__io_putchar
                0x08001144       0x20 CMakeFiles/750XBH6_LVGL.elf.dir/Core/Src/main.c.obj
                0x08001144                __io_putchar
 .text.Error_Handler
                0x08001164        0x4 CMakeFiles/750XBH6_LVGL.elf.dir/Core/Src/main.c.obj
                0x08001164                Error_Handler
 .text.SystemClock_Config
                0x08001168       0xc0 CMakeFiles/750XBH6_LVGL.elf.dir/Core/Src/main.c.obj
                0x08001168                SystemClock_Config
 .text.main     0x08001228       0x4c CMakeFiles/750XBH6_LVGL.elf.dir/Core/Src/main.c.obj
                0x08001228                main
 .text.HAL_MspInit
                0x08001274       0x24 CMakeFiles/750XBH6_LVGL.elf.dir/Core/Src/stm32h7xx_hal_msp.c.obj
                0x08001274                HAL_MspInit
 .text.NMI_Handler
                0x08001298        0x2 CMakeFiles/750XBH6_LVGL.elf.dir/Core/Src/stm32h7xx_it.c.obj
                0x08001298                NMI_Handler
 .text.HardFault_Handler
                0x0800129a        0x2 CMakeFiles/750XBH6_LVGL.elf.dir/Core/Src/stm32h7xx_it.c.obj
                0x0800129a                HardFault_Handler
 .text.MemManage_Handler
                0x0800129c        0x2 CMakeFiles/750XBH6_LVGL.elf.dir/Core/Src/stm32h7xx_it.c.obj
                0x0800129c                MemManage_Handler
 .text.BusFault_Handler
                0x0800129e        0x2 CMakeFiles/750XBH6_LVGL.elf.dir/Core/Src/stm32h7xx_it.c.obj
                0x0800129e                BusFault_Handler
 .text.UsageFault_Handler
                0x080012a0        0x2 CMakeFiles/750XBH6_LVGL.elf.dir/Core/Src/stm32h7xx_it.c.obj
                0x080012a0                UsageFault_Handler
 .text.SVC_Handler
                0x080012a2        0x2 CMakeFiles/750XBH6_LVGL.elf.dir/Core/Src/stm32h7xx_it.c.obj
                0x080012a2                SVC_Handler
 .text.DebugMon_Handler
                0x080012a4        0x2 CMakeFiles/750XBH6_LVGL.elf.dir/Core/Src/stm32h7xx_it.c.obj
                0x080012a4                DebugMon_Handler
 .text.PendSV_Handler
                0x080012a6        0x2 CMakeFiles/750XBH6_LVGL.elf.dir/Core/Src/stm32h7xx_it.c.obj
                0x080012a6                PendSV_Handler
 .text.SysTick_Handler
                0x080012a8        0x8 CMakeFiles/750XBH6_LVGL.elf.dir/Core/Src/stm32h7xx_it.c.obj
                0x080012a8                SysTick_Handler
 .text.FMC_IRQHandler
                0x080012b0       0x10 CMakeFiles/750XBH6_LVGL.elf.dir/Core/Src/stm32h7xx_it.c.obj
                0x080012b0                FMC_IRQHandler
 .text._read    0x080012c0       0x20 CMakeFiles/750XBH6_LVGL.elf.dir/Core/Src/syscalls.c.obj
                0x080012c0                _read
 .text._write   0x080012e0       0x1c CMakeFiles/750XBH6_LVGL.elf.dir/Core/Src/syscalls.c.obj
                0x080012e0                _write
 .text._close   0x080012fc        0x6 CMakeFiles/750XBH6_LVGL.elf.dir/Core/Src/syscalls.c.obj
                0x080012fc                _close
 .text._fstat   0x08001302        0xa CMakeFiles/750XBH6_LVGL.elf.dir/Core/Src/syscalls.c.obj
                0x08001302                _fstat
 .text._isatty  0x0800130c        0x4 CMakeFiles/750XBH6_LVGL.elf.dir/Core/Src/syscalls.c.obj
                0x0800130c                _isatty
 .text._lseek   0x08001310        0x4 CMakeFiles/750XBH6_LVGL.elf.dir/Core/Src/syscalls.c.obj
                0x08001310                _lseek
 .text._sbrk    0x08001314       0x48 CMakeFiles/750XBH6_LVGL.elf.dir/Core/Src/sysmem.c.obj
                0x08001314                _sbrk
 .text.SystemInit
                0x0800135c       0xbc CMakeFiles/750XBH6_LVGL.elf.dir/Core/Src/system_stm32h7xx.c.obj
                0x0800135c                SystemInit
 .text.MX_UART4_Init
                0x08001418       0x68 CMakeFiles/750XBH6_LVGL.elf.dir/Core/Src/usart.c.obj
                0x08001418                MX_UART4_Init
 .text.HAL_UART_MspInit
                0x08001480       0x98 CMakeFiles/750XBH6_LVGL.elf.dir/Core/Src/usart.c.obj
                0x08001480                HAL_UART_MspInit
 .text.Reset_Handler
                0x08001518       0x50 CMakeFiles/750XBH6_LVGL.elf.dir/Core/Startup/startup_stm32h750xbhx.s.obj
                0x08001518                Reset_Handler
 .text.Default_Handler
                0x08001568        0x2 CMakeFiles/750XBH6_LVGL.elf.dir/Core/Startup/startup_stm32h750xbhx.s.obj
                0x08001568                RTC_Alarm_IRQHandler
                0x08001568                HASH_RNG_IRQHandler
                0x08001568                EXTI2_IRQHandler
                0x08001568                TIM8_CC_IRQHandler
                0x08001568                HRTIM1_Master_IRQHandler
                0x08001568                UART8_IRQHandler
                0x08001568                SPI4_IRQHandler
                0x08001568                TIM1_CC_IRQHandler
                0x08001568                BDMA_Channel6_IRQHandler
                0x08001568                DMA2_Stream5_IRQHandler
                0x08001568                HRTIM1_FLT_IRQHandler
                0x08001568                JPEG_IRQHandler
                0x08001568                DMA1_Stream5_IRQHandler
                0x08001568                BDMA_Channel1_IRQHandler
                0x08001568                HRTIM1_TIMD_IRQHandler
                0x08001568                TAMP_STAMP_IRQHandler
                0x08001568                EXTI3_IRQHandler
                0x08001568                LPTIM4_IRQHandler
                0x08001568                TIM8_TRG_COM_TIM14_IRQHandler
                0x08001568                LPTIM2_IRQHandler
                0x08001568                DFSDM1_FLT1_IRQHandler
                0x08001568                DMAMUX2_OVR_IRQHandler
                0x08001568                TIM8_UP_TIM13_IRQHandler
                0x08001568                I2C3_ER_IRQHandler
                0x08001568                DFSDM1_FLT2_IRQHandler
                0x08001568                MDMA_IRQHandler
                0x08001568                LPTIM3_IRQHandler
                0x08001568                HSEM1_IRQHandler
                0x08001568                EXTI0_IRQHandler
                0x08001568                I2C2_EV_IRQHandler
                0x08001568                DMA1_Stream2_IRQHandler
                0x08001568                FPU_IRQHandler
                0x08001568                OTG_HS_WKUP_IRQHandler
                0x08001568                FDCAN1_IT1_IRQHandler
                0x08001568                LTDC_ER_IRQHandler
                0x08001568                DMA2_Stream2_IRQHandler
                0x08001568                HRTIM1_TIME_IRQHandler
                0x08001568                SPI1_IRQHandler
                0x08001568                TIM6_DAC_IRQHandler
                0x08001568                DCMI_IRQHandler
                0x08001568                HRTIM1_TIMC_IRQHandler
                0x08001568                DMA2_Stream3_IRQHandler
                0x08001568                SAI2_IRQHandler
                0x08001568                DFSDM1_FLT3_IRQHandler
                0x08001568                USART6_IRQHandler
                0x08001568                TIM17_IRQHandler
                0x08001568                USART3_IRQHandler
                0x08001568                BDMA_Channel7_IRQHandler
                0x08001568                CRYP_IRQHandler
                0x08001568                LPTIM5_IRQHandler
                0x08001568                UART5_IRQHandler
                0x08001568                ADC3_IRQHandler
                0x08001568                DMA2_Stream0_IRQHandler
                0x08001568                TIM4_IRQHandler
                0x08001568                BDMA_Channel2_IRQHandler
                0x08001568                QUADSPI_IRQHandler
                0x08001568                I2C1_EV_IRQHandler
                0x08001568                DMA1_Stream6_IRQHandler
                0x08001568                DMAMUX1_OVR_IRQHandler
                0x08001568                DMA1_Stream1_IRQHandler
                0x08001568                TIM16_IRQHandler
                0x08001568                UART4_IRQHandler
                0x08001568                BDMA_Channel5_IRQHandler
                0x08001568                TIM3_IRQHandler
                0x08001568                RCC_IRQHandler
                0x08001568                TIM8_BRK_TIM12_IRQHandler
                0x08001568                TIM1_TRG_COM_IRQHandler
                0x08001568                Default_Handler
                0x08001568                ECC_IRQHandler
                0x08001568                CEC_IRQHandler
                0x08001568                EXTI15_10_IRQHandler
                0x08001568                BDMA_Channel0_IRQHandler
                0x08001568                ADC_IRQHandler
                0x08001568                DMA1_Stream7_IRQHandler
                0x08001568                HRTIM1_TIMA_IRQHandler
                0x08001568                SPI5_IRQHandler
                0x08001568                TIM7_IRQHandler
                0x08001568                SDMMC1_IRQHandler
                0x08001568                TIM5_IRQHandler
                0x08001568                DMA2_Stream7_IRQHandler
                0x08001568                TIM15_IRQHandler
                0x08001568                PVD_AVD_IRQHandler
                0x08001568                I2C3_EV_IRQHandler
                0x08001568                EXTI9_5_IRQHandler
                0x08001568                RTC_WKUP_IRQHandler
                0x08001568                LTDC_IRQHandler
                0x08001568                SAI3_IRQHandler
                0x08001568                ETH_WKUP_IRQHandler
                0x08001568                SPDIF_RX_IRQHandler
                0x08001568                SPI2_IRQHandler
                0x08001568                OTG_HS_EP1_IN_IRQHandler
                0x08001568                DMA1_Stream0_IRQHandler
                0x08001568                CRS_IRQHandler
                0x08001568                EXTI4_IRQHandler
                0x08001568                HRTIM1_TIMB_IRQHandler
                0x08001568                FDCAN2_IT1_IRQHandler
                0x08001568                ETH_IRQHandler
                0x08001568                TIM1_UP_IRQHandler
                0x08001568                BDMA_Channel4_IRQHandler
                0x08001568                OTG_HS_EP1_OUT_IRQHandler
                0x08001568                WWDG_IRQHandler
                0x08001568                SPI6_IRQHandler
                0x08001568                MDIOS_IRQHandler
                0x08001568                I2C4_EV_IRQHandler
                0x08001568                FDCAN2_IT0_IRQHandler
                0x08001568                LPUART1_IRQHandler
                0x08001568                FDCAN1_IT0_IRQHandler
                0x08001568                TIM2_IRQHandler
                0x08001568                OTG_FS_WKUP_IRQHandler
                0x08001568                OTG_HS_IRQHandler
                0x08001568                DMA2D_IRQHandler
                0x08001568                TIM1_BRK_IRQHandler
                0x08001568                EXTI1_IRQHandler
                0x08001568                SDMMC2_IRQHandler
                0x08001568                OTG_FS_EP1_OUT_IRQHandler
                0x08001568                BDMA_Channel3_IRQHandler
                0x08001568                UART7_IRQHandler
                0x08001568                MDIOS_WKUP_IRQHandler
                0x08001568                USART2_IRQHandler
                0x08001568                DFSDM1_FLT0_IRQHandler
                0x08001568                SAI4_IRQHandler
                0x08001568                I2C2_ER_IRQHandler
                0x08001568                DMA2_Stream1_IRQHandler
                0x08001568                FLASH_IRQHandler
                0x08001568                DMA2_Stream4_IRQHandler
                0x08001568                USART1_IRQHandler
                0x08001568                OTG_FS_IRQHandler
                0x08001568                SPI3_IRQHandler
                0x08001568                WAKEUP_PIN_IRQHandler
                0x08001568                DMA1_Stream4_IRQHandler
                0x08001568                OTG_FS_EP1_IN_IRQHandler
                0x08001568                I2C1_ER_IRQHandler
                0x08001568                FDCAN_CAL_IRQHandler
                0x08001568                SWPMI1_IRQHandler
                0x08001568                COMP1_IRQHandler
                0x08001568                LPTIM1_IRQHandler
                0x08001568                I2C4_ER_IRQHandler
                0x08001568                DMA2_Stream6_IRQHandler
                0x08001568                SAI1_IRQHandler
                0x08001568                DMA1_Stream3_IRQHandler
 *fill*         0x0800156a        0x2 
 .text.HAL_InitTick
                0x0800156c       0x50 CMakeFiles/750XBH6_LVGL.elf.dir/Drivers/STM32H7xx_HAL_Driver/Src/stm32h7xx_hal.c.obj
                0x0800156c                HAL_InitTick
 .text.HAL_Init
                0x080015bc       0x5c CMakeFiles/750XBH6_LVGL.elf.dir/Drivers/STM32H7xx_HAL_Driver/Src/stm32h7xx_hal.c.obj
                0x080015bc                HAL_Init
 .text.HAL_IncTick
                0x08001618       0x18 CMakeFiles/750XBH6_LVGL.elf.dir/Drivers/STM32H7xx_HAL_Driver/Src/stm32h7xx_hal.c.obj
                0x08001618                HAL_IncTick
 .text.HAL_GetTick
                0x08001630        0xc CMakeFiles/750XBH6_LVGL.elf.dir/Drivers/STM32H7xx_HAL_Driver/Src/stm32h7xx_hal.c.obj
                0x08001630                HAL_GetTick
 .text.HAL_Delay
                0x0800163c       0x28 CMakeFiles/750XBH6_LVGL.elf.dir/Drivers/STM32H7xx_HAL_Driver/Src/stm32h7xx_hal.c.obj
                0x0800163c                HAL_Delay
 .text.HAL_GetREVID
                0x08001664        0xc CMakeFiles/750XBH6_LVGL.elf.dir/Drivers/STM32H7xx_HAL_Driver/Src/stm32h7xx_hal.c.obj
                0x08001664                HAL_GetREVID
 .text.HAL_NVIC_SetPriorityGrouping
                0x08001670       0x24 CMakeFiles/750XBH6_LVGL.elf.dir/Drivers/STM32H7xx_HAL_Driver/Src/stm32h7xx_hal_cortex.c.obj
                0x08001670                HAL_NVIC_SetPriorityGrouping
 .text.HAL_NVIC_SetPriority
                0x08001694       0x6c CMakeFiles/750XBH6_LVGL.elf.dir/Drivers/STM32H7xx_HAL_Driver/Src/stm32h7xx_hal_cortex.c.obj
                0x08001694                HAL_NVIC_SetPriority
 .text.HAL_NVIC_EnableIRQ
                0x08001700       0x1c CMakeFiles/750XBH6_LVGL.elf.dir/Drivers/STM32H7xx_HAL_Driver/Src/stm32h7xx_hal_cortex.c.obj
                0x08001700                HAL_NVIC_EnableIRQ
 .text.HAL_SYSTICK_Config
                0x0800171c       0x28 CMakeFiles/750XBH6_LVGL.elf.dir/Drivers/STM32H7xx_HAL_Driver/Src/stm32h7xx_hal_cortex.c.obj
                0x0800171c                HAL_SYSTICK_Config
 .text.HAL_GPIO_Init
                0x08001744      0x228 CMakeFiles/750XBH6_LVGL.elf.dir/Drivers/STM32H7xx_HAL_Driver/Src/stm32h7xx_hal_gpio.c.obj
                0x08001744                HAL_GPIO_Init
 .text.HAL_PWREx_ConfigSupply
                0x0800196c       0x54 CMakeFiles/750XBH6_LVGL.elf.dir/Drivers/STM32H7xx_HAL_Driver/Src/stm32h7xx_hal_pwr_ex.c.obj
                0x0800196c                HAL_PWREx_ConfigSupply
 .text.HAL_RCC_OscConfig
                0x080019c0      0x6b4 CMakeFiles/750XBH6_LVGL.elf.dir/Drivers/STM32H7xx_HAL_Driver/Src/stm32h7xx_hal_rcc.c.obj
                0x080019c0                HAL_RCC_OscConfig
 .text.HAL_RCC_GetSysClockFreq
                0x08002074      0x218 CMakeFiles/750XBH6_LVGL.elf.dir/Drivers/STM32H7xx_HAL_Driver/Src/stm32h7xx_hal_rcc.c.obj
                0x08002074                HAL_RCC_GetSysClockFreq
 .text.HAL_RCC_ClockConfig
                0x0800228c      0x294 CMakeFiles/750XBH6_LVGL.elf.dir/Drivers/STM32H7xx_HAL_Driver/Src/stm32h7xx_hal_rcc.c.obj
                0x0800228c                HAL_RCC_ClockConfig
 .text.HAL_RCC_GetHCLKFreq
                0x08002520       0x44 CMakeFiles/750XBH6_LVGL.elf.dir/Drivers/STM32H7xx_HAL_Driver/Src/stm32h7xx_hal_rcc.c.obj
                0x08002520                HAL_RCC_GetHCLKFreq
 .text.HAL_RCC_GetPCLK1Freq
                0x08002564       0x24 CMakeFiles/750XBH6_LVGL.elf.dir/Drivers/STM32H7xx_HAL_Driver/Src/stm32h7xx_hal_rcc.c.obj
                0x08002564                HAL_RCC_GetPCLK1Freq
 .text.HAL_RCC_GetPCLK2Freq
                0x08002588       0x24 CMakeFiles/750XBH6_LVGL.elf.dir/Drivers/STM32H7xx_HAL_Driver/Src/stm32h7xx_hal_rcc.c.obj
                0x08002588                HAL_RCC_GetPCLK2Freq
 .text.RCCEx_PLL2_Config
                0x080025ac      0x10c CMakeFiles/750XBH6_LVGL.elf.dir/Drivers/STM32H7xx_HAL_Driver/Src/stm32h7xx_hal_rcc_ex.c.obj
 .text.RCCEx_PLL3_Config
                0x080026b8      0x10c CMakeFiles/750XBH6_LVGL.elf.dir/Drivers/STM32H7xx_HAL_Driver/Src/stm32h7xx_hal_rcc_ex.c.obj
 .text.HAL_RCCEx_PeriphCLKConfig
                0x080027c4      0xa8c CMakeFiles/750XBH6_LVGL.elf.dir/Drivers/STM32H7xx_HAL_Driver/Src/stm32h7xx_hal_rcc_ex.c.obj
                0x080027c4                HAL_RCCEx_PeriphCLKConfig
 .text.HAL_RCCEx_GetD3PCLK1Freq
                0x08003250       0x24 CMakeFiles/750XBH6_LVGL.elf.dir/Drivers/STM32H7xx_HAL_Driver/Src/stm32h7xx_hal_rcc_ex.c.obj
                0x08003250                HAL_RCCEx_GetD3PCLK1Freq
 .text.HAL_RCCEx_GetPLL2ClockFreq
                0x08003274      0x234 CMakeFiles/750XBH6_LVGL.elf.dir/Drivers/STM32H7xx_HAL_Driver/Src/stm32h7xx_hal_rcc_ex.c.obj
                0x08003274                HAL_RCCEx_GetPLL2ClockFreq
 .text.HAL_RCCEx_GetPLL3ClockFreq
                0x080034a8      0x234 CMakeFiles/750XBH6_LVGL.elf.dir/Drivers/STM32H7xx_HAL_Driver/Src/stm32h7xx_hal_rcc_ex.c.obj
                0x080034a8                HAL_RCCEx_GetPLL3ClockFreq
 .text.HAL_SDRAM_Init
                0x080036dc       0x50 CMakeFiles/750XBH6_LVGL.elf.dir/Drivers/STM32H7xx_HAL_Driver/Src/stm32h7xx_hal_sdram.c.obj
                0x080036dc                HAL_SDRAM_Init
 .text.HAL_SDRAM_RefreshErrorCallback
                0x0800372c        0x2 CMakeFiles/750XBH6_LVGL.elf.dir/Drivers/STM32H7xx_HAL_Driver/Src/stm32h7xx_hal_sdram.c.obj
                0x0800372c                HAL_SDRAM_RefreshErrorCallback
 .text.HAL_SDRAM_IRQHandler
                0x0800372e       0x20 CMakeFiles/750XBH6_LVGL.elf.dir/Drivers/STM32H7xx_HAL_Driver/Src/stm32h7xx_hal_sdram.c.obj
                0x0800372e                HAL_SDRAM_IRQHandler
 .text.HAL_SDRAM_SendCommand
                0x0800374e       0x42 CMakeFiles/750XBH6_LVGL.elf.dir/Drivers/STM32H7xx_HAL_Driver/Src/stm32h7xx_hal_sdram.c.obj
                0x0800374e                HAL_SDRAM_SendCommand
 .text.HAL_SDRAM_ProgramRefreshRate
                0x08003790       0x32 CMakeFiles/750XBH6_LVGL.elf.dir/Drivers/STM32H7xx_HAL_Driver/Src/stm32h7xx_hal_sdram.c.obj
                0x08003790                HAL_SDRAM_ProgramRefreshRate
 *fill*         0x080037c2        0x2 
 .text.UART_EndRxTransfer
                0x080037c4       0x58 CMakeFiles/750XBH6_LVGL.elf.dir/Drivers/STM32H7xx_HAL_Driver/Src/stm32h7xx_hal_uart.c.obj
 .text.UART_SetConfig
                0x0800381c      0x5f4 CMakeFiles/750XBH6_LVGL.elf.dir/Drivers/STM32H7xx_HAL_Driver/Src/stm32h7xx_hal_uart.c.obj
                0x0800381c                UART_SetConfig
 .text.UART_AdvFeatureConfig
                0x08003e10       0xca CMakeFiles/750XBH6_LVGL.elf.dir/Drivers/STM32H7xx_HAL_Driver/Src/stm32h7xx_hal_uart.c.obj
                0x08003e10                UART_AdvFeatureConfig
 .text.UART_WaitOnFlagUntilTimeout
                0x08003eda       0x9a CMakeFiles/750XBH6_LVGL.elf.dir/Drivers/STM32H7xx_HAL_Driver/Src/stm32h7xx_hal_uart.c.obj
                0x08003eda                UART_WaitOnFlagUntilTimeout
 .text.HAL_UART_Transmit
                0x08003f74       0xd0 CMakeFiles/750XBH6_LVGL.elf.dir/Drivers/STM32H7xx_HAL_Driver/Src/stm32h7xx_hal_uart.c.obj
                0x08003f74                HAL_UART_Transmit
 .text.UART_CheckIdleState
                0x08004044       0xca CMakeFiles/750XBH6_LVGL.elf.dir/Drivers/STM32H7xx_HAL_Driver/Src/stm32h7xx_hal_uart.c.obj
                0x08004044                UART_CheckIdleState
 .text.HAL_UART_Init
                0x0800410e       0x66 CMakeFiles/750XBH6_LVGL.elf.dir/Drivers/STM32H7xx_HAL_Driver/Src/stm32h7xx_hal_uart.c.obj
                0x0800410e                HAL_UART_Init
 .text.UARTEx_SetNbDataToProcess
                0x08004174       0x4c CMakeFiles/750XBH6_LVGL.elf.dir/Drivers/STM32H7xx_HAL_Driver/Src/stm32h7xx_hal_uart_ex.c.obj
 .text.HAL_UARTEx_DisableFifoMode
                0x080041c0       0x3e CMakeFiles/750XBH6_LVGL.elf.dir/Drivers/STM32H7xx_HAL_Driver/Src/stm32h7xx_hal_uart_ex.c.obj
                0x080041c0                HAL_UARTEx_DisableFifoMode
 .text.HAL_UARTEx_SetTxFifoThreshold
                0x080041fe       0x4a CMakeFiles/750XBH6_LVGL.elf.dir/Drivers/STM32H7xx_HAL_Driver/Src/stm32h7xx_hal_uart_ex.c.obj
                0x080041fe                HAL_UARTEx_SetTxFifoThreshold
 .text.HAL_UARTEx_SetRxFifoThreshold
                0x08004248       0x4a CMakeFiles/750XBH6_LVGL.elf.dir/Drivers/STM32H7xx_HAL_Driver/Src/stm32h7xx_hal_uart_ex.c.obj
                0x08004248                HAL_UARTEx_SetRxFifoThreshold
 *fill*         0x08004292        0x2 
 .text.FMC_SDRAM_Init
                0x08004294       0x74 CMakeFiles/750XBH6_LVGL.elf.dir/Drivers/STM32H7xx_HAL_Driver/Src/stm32h7xx_ll_fmc.c.obj
                0x08004294                FMC_SDRAM_Init
 .text.FMC_SDRAM_Timing_Init
                0x08004308       0xb4 CMakeFiles/750XBH6_LVGL.elf.dir/Drivers/STM32H7xx_HAL_Driver/Src/stm32h7xx_ll_fmc.c.obj
                0x08004308                FMC_SDRAM_Timing_Init
 .text.FMC_SDRAM_SendCommand
                0x080043bc       0x2c CMakeFiles/750XBH6_LVGL.elf.dir/Drivers/STM32H7xx_HAL_Driver/Src/stm32h7xx_ll_fmc.c.obj
                0x080043bc                FMC_SDRAM_SendCommand
 .text.FMC_SDRAM_ProgramRefreshRate
                0x080043e8       0x14 CMakeFiles/750XBH6_LVGL.elf.dir/Drivers/STM32H7xx_HAL_Driver/Src/stm32h7xx_ll_fmc.c.obj
                0x080043e8                FMC_SDRAM_ProgramRefreshRate
 .text.__errno  0x080043fc        0xc c:/progra~2/gnuarm~1/102021~1.10/bin/../lib/gcc/arm-none-eabi/10.3.1/../../../../arm-none-eabi/lib/thumb/v7e-m/nofp\libg.a(lib_a-errno.o)
                0x080043fc                __errno
 .text.__libc_init_array
                0x08004408       0x48 c:/progra~2/gnuarm~1/102021~1.10/bin/../lib/gcc/arm-none-eabi/10.3.1/../../../../arm-none-eabi/lib/thumb/v7e-m/nofp\libg.a(lib_a-init.o)
                0x08004408                __libc_init_array
 .text.memset   0x08004450       0xa4 c:/progra~2/gnuarm~1/102021~1.10/bin/../lib/gcc/arm-none-eabi/10.3.1/../../../../arm-none-eabi/lib/thumb/v7e-m/nofp\libg.a(lib_a-memset.o)
                0x08004450                memset
 .text._puts_r  0x080044f4       0x9c c:/progra~2/gnuarm~1/102021~1.10/bin/../lib/gcc/arm-none-eabi/10.3.1/../../../../arm-none-eabi/lib/thumb/v7e-m/nofp\libg.a(lib_a-puts.o)
                0x080044f4                _puts_r
 .text.puts     0x08004590       0x10 c:/progra~2/gnuarm~1/102021~1.10/bin/../lib/gcc/arm-none-eabi/10.3.1/../../../../arm-none-eabi/lib/thumb/v7e-m/nofp\libg.a(lib_a-puts.o)
                0x08004590                puts
 .text.startup.register_fini
                0x080045a0       0x14 c:/progra~2/gnuarm~1/102021~1.10/bin/../lib/gcc/arm-none-eabi/10.3.1/../../../../arm-none-eabi/lib/thumb/v7e-m/nofp\libg.a(lib_a-__call_atexit.o)
 .text.atexit   0x080045b4        0xc c:/progra~2/gnuarm~1/102021~1.10/bin/../lib/gcc/arm-none-eabi/10.3.1/../../../../arm-none-eabi/lib/thumb/v7e-m/nofp\libg.a(lib_a-atexit.o)
                0x080045b4                atexit
 .text._cleanup_r
                0x080045c0        0xc c:/progra~2/gnuarm~1/102021~1.10/bin/../lib/gcc/arm-none-eabi/10.3.1/../../../../arm-none-eabi/lib/thumb/v7e-m/nofp\libg.a(lib_a-findfp.o)
                0x080045c0                _cleanup_r
 .text.__sinit  0x080045cc      0x10c c:/progra~2/gnuarm~1/102021~1.10/bin/../lib/gcc/arm-none-eabi/10.3.1/../../../../arm-none-eabi/lib/thumb/v7e-m/nofp\libg.a(lib_a-findfp.o)
                0x080045cc                __sinit
 .text.__sfp_lock_acquire
                0x080046d8        0xc c:/progra~2/gnuarm~1/102021~1.10/bin/../lib/gcc/arm-none-eabi/10.3.1/../../../../arm-none-eabi/lib/thumb/v7e-m/nofp\libg.a(lib_a-findfp.o)
                0x080046d8                __sfp_lock_acquire
 .text.__sfp_lock_release
                0x080046e4        0xc c:/progra~2/gnuarm~1/102021~1.10/bin/../lib/gcc/arm-none-eabi/10.3.1/../../../../arm-none-eabi/lib/thumb/v7e-m/nofp\libg.a(lib_a-findfp.o)
                0x080046e4                __sfp_lock_release
 .text.__libc_fini_array
                0x080046f0       0x2c c:/progra~2/gnuarm~1/102021~1.10/bin/../lib/gcc/arm-none-eabi/10.3.1/../../../../arm-none-eabi/lib/thumb/v7e-m/nofp\libg.a(lib_a-fini.o)
                0x080046f0                __libc_fini_array
 .text.__sfvwrite_r
                0x0800471c      0x2e8 c:/progra~2/gnuarm~1/102021~1.10/bin/../lib/gcc/arm-none-eabi/10.3.1/../../../../arm-none-eabi/lib/thumb/v7e-m/nofp\libg.a(lib_a-fvwrite.o)
                0x0800471c                __sfvwrite_r
 .text._fwalk_reent
                0x08004a04       0x48 c:/progra~2/gnuarm~1/102021~1.10/bin/../lib/gcc/arm-none-eabi/10.3.1/../../../../arm-none-eabi/lib/thumb/v7e-m/nofp\libg.a(lib_a-fwalk.o)
                0x08004a04                _fwalk_reent
 .text.__retarget_lock_init_recursive
                0x08004a4c        0x4 c:/progra~2/gnuarm~1/102021~1.10/bin/../lib/gcc/arm-none-eabi/10.3.1/../../../../arm-none-eabi/lib/thumb/v7e-m/nofp\libg.a(lib_a-lock.o)
                0x08004a4c                __retarget_lock_init_recursive
 .text.__retarget_lock_close_recursive
                0x08004a50        0x4 c:/progra~2/gnuarm~1/102021~1.10/bin/../lib/gcc/arm-none-eabi/10.3.1/../../../../arm-none-eabi/lib/thumb/v7e-m/nofp\libg.a(lib_a-lock.o)
                0x08004a50                __retarget_lock_close_recursive
 .text.__retarget_lock_acquire_recursive
                0x08004a54        0x4 c:/progra~2/gnuarm~1/102021~1.10/bin/../lib/gcc/arm-none-eabi/10.3.1/../../../../arm-none-eabi/lib/thumb/v7e-m/nofp\libg.a(lib_a-lock.o)
                0x08004a54                __retarget_lock_acquire_recursive
 .text.__retarget_lock_release_recursive
                0x08004a58        0x4 c:/progra~2/gnuarm~1/102021~1.10/bin/../lib/gcc/arm-none-eabi/10.3.1/../../../../arm-none-eabi/lib/thumb/v7e-m/nofp\libg.a(lib_a-lock.o)
                0x08004a58                __retarget_lock_release_recursive
 .text._malloc_r
                0x08004a5c      0x560 c:/progra~2/gnuarm~1/102021~1.10/bin/../lib/gcc/arm-none-eabi/10.3.1/../../../../arm-none-eabi/lib/thumb/v7e-m/nofp\libg.a(lib_a-mallocr.o)
                0x08004a5c                _malloc_r
 .text.memmove  0x08004fbc       0xf8 c:/progra~2/gnuarm~1/102021~1.10/bin/../lib/gcc/arm-none-eabi/10.3.1/../../../../arm-none-eabi/lib/thumb/v7e-m/nofp\libg.a(lib_a-memmove.o)
                0x08004fbc                memmove
 .text.__malloc_lock
                0x080050b4        0xc c:/progra~2/gnuarm~1/102021~1.10/bin/../lib/gcc/arm-none-eabi/10.3.1/../../../../arm-none-eabi/lib/thumb/v7e-m/nofp\libg.a(lib_a-mlock.o)
                0x080050b4                __malloc_lock
 .text.__malloc_unlock
                0x080050c0        0xc c:/progra~2/gnuarm~1/102021~1.10/bin/../lib/gcc/arm-none-eabi/10.3.1/../../../../arm-none-eabi/lib/thumb/v7e-m/nofp\libg.a(lib_a-mlock.o)
                0x080050c0                __malloc_unlock
 .text._realloc_r
                0x080050cc      0x3d8 c:/progra~2/gnuarm~1/102021~1.10/bin/../lib/gcc/arm-none-eabi/10.3.1/../../../../arm-none-eabi/lib/thumb/v7e-m/nofp\libg.a(lib_a-reallocr.o)
                0x080050cc                _realloc_r
 .text._sbrk_r  0x080054a4       0x24 c:/progra~2/gnuarm~1/102021~1.10/bin/../lib/gcc/arm-none-eabi/10.3.1/../../../../arm-none-eabi/lib/thumb/v7e-m/nofp\libg.a(lib_a-sbrkr.o)
                0x080054a4                _sbrk_r
 .text.__sread  0x080054c8       0x24 c:/progra~2/gnuarm~1/102021~1.10/bin/../lib/gcc/arm-none-eabi/10.3.1/../../../../arm-none-eabi/lib/thumb/v7e-m/nofp\libg.a(lib_a-stdio.o)
                0x080054c8                __sread
 .text.__swrite
                0x080054ec       0x40 c:/progra~2/gnuarm~1/102021~1.10/bin/../lib/gcc/arm-none-eabi/10.3.1/../../../../arm-none-eabi/lib/thumb/v7e-m/nofp\libg.a(lib_a-stdio.o)
                0x080054ec                __swrite
 .text.__sseek  0x0800552c       0x20 c:/progra~2/gnuarm~1/102021~1.10/bin/../lib/gcc/arm-none-eabi/10.3.1/../../../../arm-none-eabi/lib/thumb/v7e-m/nofp\libg.a(lib_a-stdio.o)
                0x0800552c                __sseek
 .text.__sclose
                0x0800554c        0x8 c:/progra~2/gnuarm~1/102021~1.10/bin/../lib/gcc/arm-none-eabi/10.3.1/../../../../arm-none-eabi/lib/thumb/v7e-m/nofp\libg.a(lib_a-stdio.o)
                0x0800554c                __sclose
 .text._write_r
                0x08005554       0x2c c:/progra~2/gnuarm~1/102021~1.10/bin/../lib/gcc/arm-none-eabi/10.3.1/../../../../arm-none-eabi/lib/thumb/v7e-m/nofp\libg.a(lib_a-writer.o)
                0x08005554                _write_r
 .text.__swsetup_r
                0x08005580       0xd4 c:/progra~2/gnuarm~1/102021~1.10/bin/../lib/gcc/arm-none-eabi/10.3.1/../../../../arm-none-eabi/lib/thumb/v7e-m/nofp\libg.a(lib_a-wsetup.o)
                0x08005580                __swsetup_r
 .text.__register_exitproc
                0x08005654       0x8c c:/progra~2/gnuarm~1/102021~1.10/bin/../lib/gcc/arm-none-eabi/10.3.1/../../../../arm-none-eabi/lib/thumb/v7e-m/nofp\libg.a(lib_a-__atexit.o)
                0x08005654                __register_exitproc
 .text._close_r
                0x080056e0       0x24 c:/progra~2/gnuarm~1/102021~1.10/bin/../lib/gcc/arm-none-eabi/10.3.1/../../../../arm-none-eabi/lib/thumb/v7e-m/nofp\libg.a(lib_a-closer.o)
                0x080056e0                _close_r
 .text._fclose_r
                0x08005704       0xcc c:/progra~2/gnuarm~1/102021~1.10/bin/../lib/gcc/arm-none-eabi/10.3.1/../../../../arm-none-eabi/lib/thumb/v7e-m/nofp\libg.a(lib_a-fclose.o)
                0x08005704                _fclose_r
 .text.__sflush_r
                0x080057d0      0x120 c:/progra~2/gnuarm~1/102021~1.10/bin/../lib/gcc/arm-none-eabi/10.3.1/../../../../arm-none-eabi/lib/thumb/v7e-m/nofp\libg.a(lib_a-fflush.o)
                0x080057d0                __sflush_r
 .text._fflush_r
                0x080058f0       0x5c c:/progra~2/gnuarm~1/102021~1.10/bin/../lib/gcc/arm-none-eabi/10.3.1/../../../../arm-none-eabi/lib/thumb/v7e-m/nofp\libg.a(lib_a-fflush.o)
                0x080058f0                _fflush_r
 .text._malloc_trim_r
                0x0800594c       0xa0 c:/progra~2/gnuarm~1/102021~1.10/bin/../lib/gcc/arm-none-eabi/10.3.1/../../../../arm-none-eabi/lib/thumb/v7e-m/nofp\libg.a(lib_a-freer.o)
                0x0800594c                _malloc_trim_r
 .text._free_r  0x080059ec      0x20c c:/progra~2/gnuarm~1/102021~1.10/bin/../lib/gcc/arm-none-eabi/10.3.1/../../../../arm-none-eabi/lib/thumb/v7e-m/nofp\libg.a(lib_a-freer.o)
                0x080059ec                _free_r
 .text._lseek_r
                0x08005bf8       0x2c c:/progra~2/gnuarm~1/102021~1.10/bin/../lib/gcc/arm-none-eabi/10.3.1/../../../../arm-none-eabi/lib/thumb/v7e-m/nofp\libg.a(lib_a-lseekr.o)
                0x08005bf8                _lseek_r
 .text.__smakebuf_r
                0x08005c24       0xe0 c:/progra~2/gnuarm~1/102021~1.10/bin/../lib/gcc/arm-none-eabi/10.3.1/../../../../arm-none-eabi/lib/thumb/v7e-m/nofp\libg.a(lib_a-makebuf.o)
                0x08005c24                __smakebuf_r
 .text._read_r  0x08005d04       0x2c c:/progra~2/gnuarm~1/102021~1.10/bin/../lib/gcc/arm-none-eabi/10.3.1/../../../../arm-none-eabi/lib/thumb/v7e-m/nofp\libg.a(lib_a-readr.o)
                0x08005d04                _read_r
 .text._fstat_r
                0x08005d30       0x2c c:/progra~2/gnuarm~1/102021~1.10/bin/../lib/gcc/arm-none-eabi/10.3.1/../../../../arm-none-eabi/lib/thumb/v7e-m/nofp\libg.a(lib_a-fstatr.o)
                0x08005d30                _fstat_r
 .text._isatty_r
                0x08005d5c       0x24 c:/progra~2/gnuarm~1/102021~1.10/bin/../lib/gcc/arm-none-eabi/10.3.1/../../../../arm-none-eabi/lib/thumb/v7e-m/nofp\libg.a(lib_a-isattyr.o)
                0x08005d5c                _isatty_r
 *(.glue_7)
 .glue_7        0x08005d80        0x0 linker stubs
 *(.glue_7t)
 .glue_7t       0x08005d80        0x0 linker stubs
 *(.eh_frame)
 .eh_frame      0x08005d80        0x0 c:/progra~2/gnuarm~1/102021~1.10/bin/../lib/gcc/arm-none-eabi/10.3.1/thumb/v7e-m/nofp/crtbegin.o
 *(.init)
 .init          0x08005d80        0x4 c:/progra~2/gnuarm~1/102021~1.10/bin/../lib/gcc/arm-none-eabi/10.3.1/thumb/v7e-m/nofp/crti.o
                0x08005d80                _init
 .init          0x08005d84        0x8 c:/progra~2/gnuarm~1/102021~1.10/bin/../lib/gcc/arm-none-eabi/10.3.1/thumb/v7e-m/nofp/crtn.o
 *(.fini)
 .fini          0x08005d8c        0x4 c:/progra~2/gnuarm~1/102021~1.10/bin/../lib/gcc/arm-none-eabi/10.3.1/thumb/v7e-m/nofp/crti.o
                0x08005d8c                _fini
 .fini          0x08005d90        0x8 c:/progra~2/gnuarm~1/102021~1.10/bin/../lib/gcc/arm-none-eabi/10.3.1/thumb/v7e-m/nofp/crtn.o
                0x08005d98                . = ALIGN (0x4)
                0x08005d98                _etext = .

.vfp11_veneer   0x08005d98        0x0
 .vfp11_veneer  0x08005d98        0x0 linker stubs

.v4_bx          0x08005d98        0x0
 .v4_bx         0x08005d98        0x0 linker stubs

.iplt           0x08005d98        0x0
 .iplt          0x08005d98        0x0 c:/progra~2/gnuarm~1/102021~1.10/bin/../lib/gcc/arm-none-eabi/10.3.1/thumb/v7e-m/nofp/crtbegin.o

.rodata         0x08005d98       0xa0
                0x08005d98                . = ALIGN (0x4)
 *(.rodata)
 *(.rodata*)
 .rodata.main.str1.4
                0x08005d98       0x5d CMakeFiles/750XBH6_LVGL.elf.dir/Core/Src/main.c.obj
 *fill*         0x08005df5        0x3 
 .rodata.D1CorePrescTable
                0x08005df8       0x10 CMakeFiles/750XBH6_LVGL.elf.dir/Core/Src/system_stm32h7xx.c.obj
                0x08005df8                D1CorePrescTable
 .rodata.UARTPrescTable
                0x08005e08       0x18 CMakeFiles/750XBH6_LVGL.elf.dir/Drivers/STM32H7xx_HAL_Driver/Src/stm32h7xx_hal_uart.c.obj
                0x08005e08                UARTPrescTable
 .rodata.denominator.0
                0x08005e20        0x8 CMakeFiles/750XBH6_LVGL.elf.dir/Drivers/STM32H7xx_HAL_Driver/Src/stm32h7xx_hal_uart_ex.c.obj
 .rodata.numerator.1
                0x08005e28        0x8 CMakeFiles/750XBH6_LVGL.elf.dir/Drivers/STM32H7xx_HAL_Driver/Src/stm32h7xx_hal_uart_ex.c.obj
 .rodata._global_impure_ptr
                0x08005e30        0x4 c:/progra~2/gnuarm~1/102021~1.10/bin/../lib/gcc/arm-none-eabi/10.3.1/../../../../arm-none-eabi/lib/thumb/v7e-m/nofp\libg.a(lib_a-impure.o)
                0x08005e30                _global_impure_ptr
 .rodata._puts_r.str1.4
                0x08005e34        0x2 c:/progra~2/gnuarm~1/102021~1.10/bin/../lib/gcc/arm-none-eabi/10.3.1/../../../../arm-none-eabi/lib/thumb/v7e-m/nofp\libg.a(lib_a-puts.o)
                0x08005e38                . = ALIGN (0x4)
 *fill*         0x08005e36        0x2 

.ARM.extab
 *(.ARM.extab* .gnu.linkonce.armextab.*)

.ARM            0x08005e38        0x8
                0x08005e38                __exidx_start = .
 *(.ARM.exidx*)
 .ARM.exidx     0x08005e38        0x8 c:/progra~2/gnuarm~1/102021~1.10/bin/../lib/gcc/arm-none-eabi/10.3.1/thumb/v7e-m/nofp\libgcc.a(_udivmoddi4.o)
                0x08005e40                __exidx_end = .

.rel.dyn        0x08005e40        0x0
 .rel.iplt      0x08005e40        0x0 c:/progra~2/gnuarm~1/102021~1.10/bin/../lib/gcc/arm-none-eabi/10.3.1/thumb/v7e-m/nofp/crtbegin.o

.preinit_array  0x08005e40        0x0
                0x08005e40                PROVIDE (__preinit_array_start = .)
 *(.preinit_array*)
                0x08005e40                PROVIDE (__preinit_array_end = .)

.init_array     0x08005e40        0x8
                0x08005e40                PROVIDE (__init_array_start = .)
 *(SORT_BY_NAME(.init_array.*))
 .init_array.00000
                0x08005e40        0x4 c:/progra~2/gnuarm~1/102021~1.10/bin/../lib/gcc/arm-none-eabi/10.3.1/../../../../arm-none-eabi/lib/thumb/v7e-m/nofp\libg.a(lib_a-__call_atexit.o)
 *(.init_array*)
 .init_array    0x08005e44        0x4 c:/progra~2/gnuarm~1/102021~1.10/bin/../lib/gcc/arm-none-eabi/10.3.1/thumb/v7e-m/nofp/crtbegin.o
                0x08005e48                PROVIDE (__init_array_end = .)

.fini_array     0x08005e48        0x4
                0x08005e48                PROVIDE (__fini_array_start = .)
 *(SORT_BY_NAME(.fini_array.*))
 *(.fini_array*)
 .fini_array    0x08005e48        0x4 c:/progra~2/gnuarm~1/102021~1.10/bin/../lib/gcc/arm-none-eabi/10.3.1/thumb/v7e-m/nofp/crtbegin.o
                0x08005e4c                PROVIDE (__fini_array_end = .)
                0x08005e4c                _sidata = LOADADDR (.data)

.data           0x24000000      0x854 load address 0x08005e4c
                0x24000000                . = ALIGN (0x4)
                0x24000000                _sdata = .
 *(.data)
 *(.data*)
 .data.SystemCoreClock
                0x24000000        0x4 CMakeFiles/750XBH6_LVGL.elf.dir/Core/Src/system_stm32h7xx.c.obj
                0x24000000                SystemCoreClock
 .data.SystemD2Clock
                0x24000004        0x4 CMakeFiles/750XBH6_LVGL.elf.dir/Core/Src/system_stm32h7xx.c.obj
                0x24000004                SystemD2Clock
 .data.uwTickFreq
                0x24000008        0x1 CMakeFiles/750XBH6_LVGL.elf.dir/Drivers/STM32H7xx_HAL_Driver/Src/stm32h7xx_hal.c.obj
                0x24000008                uwTickFreq
 *fill*         0x24000009        0x3 
 .data.uwTickPrio
                0x2400000c        0x4 CMakeFiles/750XBH6_LVGL.elf.dir/Drivers/STM32H7xx_HAL_Driver/Src/stm32h7xx_hal.c.obj
                0x2400000c                uwTickPrio
 .data._impure_ptr
                0x24000010        0x4 c:/progra~2/gnuarm~1/102021~1.10/bin/../lib/gcc/arm-none-eabi/10.3.1/../../../../arm-none-eabi/lib/thumb/v7e-m/nofp\libg.a(lib_a-impure.o)
                0x24000010                _impure_ptr
 *fill*         0x24000014        0x4 
 .data.impure_data
                0x24000018      0x428 c:/progra~2/gnuarm~1/102021~1.10/bin/../lib/gcc/arm-none-eabi/10.3.1/../../../../arm-none-eabi/lib/thumb/v7e-m/nofp\libg.a(lib_a-impure.o)
 .data.__atexit_recursive_mutex
                0x24000440        0x4 c:/progra~2/gnuarm~1/102021~1.10/bin/../lib/gcc/arm-none-eabi/10.3.1/../../../../arm-none-eabi/lib/thumb/v7e-m/nofp\libg.a(lib_a-__call_atexit.o)
                0x24000440                __atexit_recursive_mutex
 .data.__malloc_av_
                0x24000444      0x408 c:/progra~2/gnuarm~1/102021~1.10/bin/../lib/gcc/arm-none-eabi/10.3.1/../../../../arm-none-eabi/lib/thumb/v7e-m/nofp\libg.a(lib_a-mallocr.o)
                0x24000444                __malloc_av_
 .data.__malloc_sbrk_base
                0x2400084c        0x4 c:/progra~2/gnuarm~1/102021~1.10/bin/../lib/gcc/arm-none-eabi/10.3.1/../../../../arm-none-eabi/lib/thumb/v7e-m/nofp\libg.a(lib_a-mallocr.o)
                0x2400084c                __malloc_sbrk_base
 .data.__malloc_trim_threshold
                0x24000850        0x4 c:/progra~2/gnuarm~1/102021~1.10/bin/../lib/gcc/arm-none-eabi/10.3.1/../../../../arm-none-eabi/lib/thumb/v7e-m/nofp\libg.a(lib_a-mallocr.o)
                0x24000850                __malloc_trim_threshold
 *(.RamFunc)
 *(.RamFunc*)
                0x24000854                . = ALIGN (0x4)
                0x24000854                _edata = .

.igot.plt       0x24000854        0x0 load address 0x080066a0
 .igot.plt      0x24000854        0x0 c:/progra~2/gnuarm~1/102021~1.10/bin/../lib/gcc/arm-none-eabi/10.3.1/thumb/v7e-m/nofp/crtbegin.o
                0x24000854                . = ALIGN (0x4)

.bss            0x24000854      0x138 load address 0x080066a0
                0x24000854                _sbss = .
                0x24000854                __bss_start__ = _sbss
 *(.bss)
 .bss           0x24000854       0x1c c:/progra~2/gnuarm~1/102021~1.10/bin/../lib/gcc/arm-none-eabi/10.3.1/thumb/v7e-m/nofp/crtbegin.o
 *(.bss*)
 .bss.FMC_Initialized
                0x24000870        0x4 CMakeFiles/750XBH6_LVGL.elf.dir/Core/Src/fmc.c.obj
 .bss.hsdram1   0x24000874       0x34 CMakeFiles/750XBH6_LVGL.elf.dir/Core/Src/fmc.c.obj
                0x24000874                hsdram1
 .bss.__sbrk_heap_end
                0x240008a8        0x4 CMakeFiles/750XBH6_LVGL.elf.dir/Core/Src/sysmem.c.obj
 .bss.huart4    0x240008ac       0x94 CMakeFiles/750XBH6_LVGL.elf.dir/Core/Src/usart.c.obj
                0x240008ac                huart4
 .bss.uwTick    0x24000940        0x4 CMakeFiles/750XBH6_LVGL.elf.dir/Drivers/STM32H7xx_HAL_Driver/Src/stm32h7xx_hal.c.obj
                0x24000940                uwTick
 .bss.__lock___atexit_recursive_mutex
                0x24000944        0x1 c:/progra~2/gnuarm~1/102021~1.10/bin/../lib/gcc/arm-none-eabi/10.3.1/../../../../arm-none-eabi/lib/thumb/v7e-m/nofp\libg.a(lib_a-lock.o)
                0x24000944                __lock___atexit_recursive_mutex
 *fill*         0x24000945        0x3 
 .bss.__lock___malloc_recursive_mutex
                0x24000948        0x1 c:/progra~2/gnuarm~1/102021~1.10/bin/../lib/gcc/arm-none-eabi/10.3.1/../../../../arm-none-eabi/lib/thumb/v7e-m/nofp\libg.a(lib_a-lock.o)
                0x24000948                __lock___malloc_recursive_mutex
 *fill*         0x24000949        0x3 
 .bss.__lock___sfp_recursive_mutex
                0x2400094c        0x1 c:/progra~2/gnuarm~1/102021~1.10/bin/../lib/gcc/arm-none-eabi/10.3.1/../../../../arm-none-eabi/lib/thumb/v7e-m/nofp\libg.a(lib_a-lock.o)
                0x2400094c                __lock___sfp_recursive_mutex
 *fill*         0x2400094d        0x3 
 .bss.__lock___sinit_recursive_mutex
                0x24000950        0x1 c:/progra~2/gnuarm~1/102021~1.10/bin/../lib/gcc/arm-none-eabi/10.3.1/../../../../arm-none-eabi/lib/thumb/v7e-m/nofp\libg.a(lib_a-lock.o)
                0x24000950                __lock___sinit_recursive_mutex
 *fill*         0x24000951        0x3 
 .bss.__malloc_current_mallinfo
                0x24000954       0x28 c:/progra~2/gnuarm~1/102021~1.10/bin/../lib/gcc/arm-none-eabi/10.3.1/../../../../arm-none-eabi/lib/thumb/v7e-m/nofp\libg.a(lib_a-mallocr.o)
                0x24000954                __malloc_current_mallinfo
 .bss.__malloc_max_sbrked_mem
                0x2400097c        0x4 c:/progra~2/gnuarm~1/102021~1.10/bin/../lib/gcc/arm-none-eabi/10.3.1/../../../../arm-none-eabi/lib/thumb/v7e-m/nofp\libg.a(lib_a-mallocr.o)
                0x2400097c                __malloc_max_sbrked_mem
 .bss.__malloc_max_total_mem
                0x24000980        0x4 c:/progra~2/gnuarm~1/102021~1.10/bin/../lib/gcc/arm-none-eabi/10.3.1/../../../../arm-none-eabi/lib/thumb/v7e-m/nofp\libg.a(lib_a-mallocr.o)
                0x24000980                __malloc_max_total_mem
 .bss.__malloc_top_pad
                0x24000984        0x4 c:/progra~2/gnuarm~1/102021~1.10/bin/../lib/gcc/arm-none-eabi/10.3.1/../../../../arm-none-eabi/lib/thumb/v7e-m/nofp\libg.a(lib_a-mallocr.o)
                0x24000984                __malloc_top_pad
 .bss.errno     0x24000988        0x4 c:/progra~2/gnuarm~1/102021~1.10/bin/../lib/gcc/arm-none-eabi/10.3.1/../../../../arm-none-eabi/lib/thumb/v7e-m/nofp\libg.a(lib_a-reent.o)
                0x24000988                errno
 *(COMMON)
                0x2400098c                . = ALIGN (0x4)
                0x2400098c                _ebss = .
                0x2400098c                __bss_end__ = _ebss

._user_heap_stack
                0x2400098c     0x4004 load address 0x080066a0
                0x24000990                . = ALIGN (0x8)
 *fill*         0x2400098c        0x4 
                [!provide]                PROVIDE (end = .)
                0x24000990                PROVIDE (_end = .)
                0x24002990                . = (. + _Min_Heap_Size)
 *fill*         0x24000990     0x2000 
                0x24004990                . = (. + _Min_Stack_Size)
 *fill*         0x24002990     0x2000 
                0x24004990                . = ALIGN (0x8)

/DISCARD/
 libc.a(*)
 libm.a(*)
 libgcc.a(*)

.ARM.attributes
                0x00000000       0x2a
 *(.ARM.attributes)
 .ARM.attributes
                0x00000000       0x1e c:/progra~2/gnuarm~1/102021~1.10/bin/../lib/gcc/arm-none-eabi/10.3.1/thumb/v7e-m/nofp/crti.o
 .ARM.attributes
                0x0000001e       0x2e c:/progra~2/gnuarm~1/102021~1.10/bin/../lib/gcc/arm-none-eabi/10.3.1/thumb/v7e-m/nofp/crtbegin.o
 .ARM.attributes
                0x0000004c       0x2e CMakeFiles/750XBH6_LVGL.elf.dir/Core/Src/fmc.c.obj
 .ARM.attributes
                0x0000007a       0x2e CMakeFiles/750XBH6_LVGL.elf.dir/Core/Src/gpio.c.obj
 .ARM.attributes
                0x000000a8       0x2e CMakeFiles/750XBH6_LVGL.elf.dir/Core/Src/main.c.obj
 .ARM.attributes
                0x000000d6       0x2e CMakeFiles/750XBH6_LVGL.elf.dir/Core/Src/stm32h7xx_hal_msp.c.obj
 .ARM.attributes
                0x00000104       0x2e CMakeFiles/750XBH6_LVGL.elf.dir/Core/Src/stm32h7xx_it.c.obj
 .ARM.attributes
                0x00000132       0x2e CMakeFiles/750XBH6_LVGL.elf.dir/Core/Src/syscalls.c.obj
 .ARM.attributes
                0x00000160       0x2e CMakeFiles/750XBH6_LVGL.elf.dir/Core/Src/sysmem.c.obj
 .ARM.attributes
                0x0000018e       0x2e CMakeFiles/750XBH6_LVGL.elf.dir/Core/Src/system_stm32h7xx.c.obj
 .ARM.attributes
                0x000001bc       0x2e CMakeFiles/750XBH6_LVGL.elf.dir/Core/Src/usart.c.obj
 .ARM.attributes
                0x000001ea       0x21 CMakeFiles/750XBH6_LVGL.elf.dir/Core/Startup/startup_stm32h750xbhx.s.obj
 .ARM.attributes
                0x0000020b       0x2e CMakeFiles/750XBH6_LVGL.elf.dir/Drivers/STM32H7xx_HAL_Driver/Src/stm32h7xx_hal.c.obj
 .ARM.attributes
                0x00000239       0x2e CMakeFiles/750XBH6_LVGL.elf.dir/Drivers/STM32H7xx_HAL_Driver/Src/stm32h7xx_hal_cortex.c.obj
 .ARM.attributes
                0x00000267       0x2e CMakeFiles/750XBH6_LVGL.elf.dir/Drivers/STM32H7xx_HAL_Driver/Src/stm32h7xx_hal_gpio.c.obj
 .ARM.attributes
                0x00000295       0x2e CMakeFiles/750XBH6_LVGL.elf.dir/Drivers/STM32H7xx_HAL_Driver/Src/stm32h7xx_hal_pwr_ex.c.obj
 .ARM.attributes
                0x000002c3       0x2e CMakeFiles/750XBH6_LVGL.elf.dir/Drivers/STM32H7xx_HAL_Driver/Src/stm32h7xx_hal_rcc.c.obj
 .ARM.attributes
                0x000002f1       0x2e CMakeFiles/750XBH6_LVGL.elf.dir/Drivers/STM32H7xx_HAL_Driver/Src/stm32h7xx_hal_rcc_ex.c.obj
 .ARM.attributes
                0x0000031f       0x2e CMakeFiles/750XBH6_LVGL.elf.dir/Drivers/STM32H7xx_HAL_Driver/Src/stm32h7xx_hal_sdram.c.obj
 .ARM.attributes
                0x0000034d       0x2e CMakeFiles/750XBH6_LVGL.elf.dir/Drivers/STM32H7xx_HAL_Driver/Src/stm32h7xx_hal_uart.c.obj
 .ARM.attributes
                0x0000037b       0x2e CMakeFiles/750XBH6_LVGL.elf.dir/Drivers/STM32H7xx_HAL_Driver/Src/stm32h7xx_hal_uart_ex.c.obj
 .ARM.attributes
                0x000003a9       0x2e CMakeFiles/750XBH6_LVGL.elf.dir/Drivers/STM32H7xx_HAL_Driver/Src/stm32h7xx_ll_fmc.c.obj
 .ARM.attributes
                0x000003d7       0x1e c:/progra~2/gnuarm~1/102021~1.10/bin/../lib/gcc/arm-none-eabi/10.3.1/thumb/v7e-m/nofp\libgcc.a(_arm_addsubsf3.o)
 .ARM.attributes
                0x000003f5       0x1e c:/progra~2/gnuarm~1/102021~1.10/bin/../lib/gcc/arm-none-eabi/10.3.1/thumb/v7e-m/nofp\libgcc.a(_arm_muldivsf3.o)
 .ARM.attributes
                0x00000413       0x1e c:/progra~2/gnuarm~1/102021~1.10/bin/../lib/gcc/arm-none-eabi/10.3.1/thumb/v7e-m/nofp\libgcc.a(_arm_fixunssfsi.o)
 .ARM.attributes
                0x00000431       0x1e c:/progra~2/gnuarm~1/102021~1.10/bin/../lib/gcc/arm-none-eabi/10.3.1/thumb/v7e-m/nofp\libgcc.a(_aeabi_uldivmod.o)
 .ARM.attributes
                0x0000044f       0x2e c:/progra~2/gnuarm~1/102021~1.10/bin/../lib/gcc/arm-none-eabi/10.3.1/thumb/v7e-m/nofp\libgcc.a(_udivmoddi4.o)
 .ARM.attributes
                0x0000047d       0x1e c:/progra~2/gnuarm~1/102021~1.10/bin/../lib/gcc/arm-none-eabi/10.3.1/thumb/v7e-m/nofp\libgcc.a(_dvmd_tls.o)
 .ARM.attributes
                0x0000049b       0x2e c:/progra~2/gnuarm~1/102021~1.10/bin/../lib/gcc/arm-none-eabi/10.3.1/../../../../arm-none-eabi/lib/thumb/v7e-m/nofp\libg.a(lib_a-errno.o)
 .ARM.attributes
                0x000004c9       0x2e c:/progra~2/gnuarm~1/102021~1.10/bin/../lib/gcc/arm-none-eabi/10.3.1/../../../../arm-none-eabi/lib/thumb/v7e-m/nofp\libg.a(lib_a-impure.o)
 .ARM.attributes
                0x000004f7       0x2e c:/progra~2/gnuarm~1/102021~1.10/bin/../lib/gcc/arm-none-eabi/10.3.1/../../../../arm-none-eabi/lib/thumb/v7e-m/nofp\libg.a(lib_a-init.o)
 .ARM.attributes
                0x00000525       0x2e c:/progra~2/gnuarm~1/102021~1.10/bin/../lib/gcc/arm-none-eabi/10.3.1/../../../../arm-none-eabi/lib/thumb/v7e-m/nofp\libg.a(lib_a-memset.o)
 .ARM.attributes
                0x00000553       0x2e c:/progra~2/gnuarm~1/102021~1.10/bin/../lib/gcc/arm-none-eabi/10.3.1/../../../../arm-none-eabi/lib/thumb/v7e-m/nofp\libg.a(lib_a-puts.o)
 .ARM.attributes
                0x00000581       0x1c c:/progra~2/gnuarm~1/102021~1.10/bin/../lib/gcc/arm-none-eabi/10.3.1/../../../../arm-none-eabi/lib/thumb/v7e-m/nofp\libg.a(lib_a-strlen.o)
 .ARM.attributes
                0x0000059d       0x2e c:/progra~2/gnuarm~1/102021~1.10/bin/../lib/gcc/arm-none-eabi/10.3.1/../../../../arm-none-eabi/lib/thumb/v7e-m/nofp\libg.a(lib_a-__call_atexit.o)
 .ARM.attributes
                0x000005cb       0x2e c:/progra~2/gnuarm~1/102021~1.10/bin/../lib/gcc/arm-none-eabi/10.3.1/../../../../arm-none-eabi/lib/thumb/v7e-m/nofp\libg.a(lib_a-atexit.o)
 .ARM.attributes
                0x000005f9       0x2e c:/progra~2/gnuarm~1/102021~1.10/bin/../lib/gcc/arm-none-eabi/10.3.1/../../../../arm-none-eabi/lib/thumb/v7e-m/nofp\libg.a(lib_a-findfp.o)
 .ARM.attributes
                0x00000627       0x2e c:/progra~2/gnuarm~1/102021~1.10/bin/../lib/gcc/arm-none-eabi/10.3.1/../../../../arm-none-eabi/lib/thumb/v7e-m/nofp\libg.a(lib_a-fini.o)
 .ARM.attributes
                0x00000655       0x2e c:/progra~2/gnuarm~1/102021~1.10/bin/../lib/gcc/arm-none-eabi/10.3.1/../../../../arm-none-eabi/lib/thumb/v7e-m/nofp\libg.a(lib_a-fvwrite.o)
 .ARM.attributes
                0x00000683       0x2e c:/progra~2/gnuarm~1/102021~1.10/bin/../lib/gcc/arm-none-eabi/10.3.1/../../../../arm-none-eabi/lib/thumb/v7e-m/nofp\libg.a(lib_a-fwalk.o)
 .ARM.attributes
                0x000006b1       0x2e c:/progra~2/gnuarm~1/102021~1.10/bin/../lib/gcc/arm-none-eabi/10.3.1/../../../../arm-none-eabi/lib/thumb/v7e-m/nofp\libg.a(lib_a-lock.o)
 .ARM.attributes
                0x000006df       0x2e c:/progra~2/gnuarm~1/102021~1.10/bin/../lib/gcc/arm-none-eabi/10.3.1/../../../../arm-none-eabi/lib/thumb/v7e-m/nofp\libg.a(lib_a-mallocr.o)
 .ARM.attributes
                0x0000070d       0x1c c:/progra~2/gnuarm~1/102021~1.10/bin/../lib/gcc/arm-none-eabi/10.3.1/../../../../arm-none-eabi/lib/thumb/v7e-m/nofp\libg.a(lib_a-memchr.o)
 .ARM.attributes
                0x00000729       0x1c c:/progra~2/gnuarm~1/102021~1.10/bin/../lib/gcc/arm-none-eabi/10.3.1/../../../../arm-none-eabi/lib/thumb/v7e-m/nofp\libg.a(lib_a-memcpy.o)
 .ARM.attributes
                0x00000745       0x2e c:/progra~2/gnuarm~1/102021~1.10/bin/../lib/gcc/arm-none-eabi/10.3.1/../../../../arm-none-eabi/lib/thumb/v7e-m/nofp\libg.a(lib_a-memmove.o)
 .ARM.attributes
                0x00000773       0x2e c:/progra~2/gnuarm~1/102021~1.10/bin/../lib/gcc/arm-none-eabi/10.3.1/../../../../arm-none-eabi/lib/thumb/v7e-m/nofp\libg.a(lib_a-mlock.o)
 .ARM.attributes
                0x000007a1       0x2e c:/progra~2/gnuarm~1/102021~1.10/bin/../lib/gcc/arm-none-eabi/10.3.1/../../../../arm-none-eabi/lib/thumb/v7e-m/nofp\libg.a(lib_a-reallocr.o)
 .ARM.attributes
                0x000007cf       0x2e c:/progra~2/gnuarm~1/102021~1.10/bin/../lib/gcc/arm-none-eabi/10.3.1/../../../../arm-none-eabi/lib/thumb/v7e-m/nofp\libg.a(lib_a-sbrkr.o)
 .ARM.attributes
                0x000007fd       0x2e c:/progra~2/gnuarm~1/102021~1.10/bin/../lib/gcc/arm-none-eabi/10.3.1/../../../../arm-none-eabi/lib/thumb/v7e-m/nofp\libg.a(lib_a-stdio.o)
 .ARM.attributes
                0x0000082b       0x2e c:/progra~2/gnuarm~1/102021~1.10/bin/../lib/gcc/arm-none-eabi/10.3.1/../../../../arm-none-eabi/lib/thumb/v7e-m/nofp\libg.a(lib_a-writer.o)
 .ARM.attributes
                0x00000859       0x2e c:/progra~2/gnuarm~1/102021~1.10/bin/../lib/gcc/arm-none-eabi/10.3.1/../../../../arm-none-eabi/lib/thumb/v7e-m/nofp\libg.a(lib_a-wsetup.o)
 .ARM.attributes
                0x00000887       0x2e c:/progra~2/gnuarm~1/102021~1.10/bin/../lib/gcc/arm-none-eabi/10.3.1/../../../../arm-none-eabi/lib/thumb/v7e-m/nofp\libg.a(lib_a-__atexit.o)
 .ARM.attributes
                0x000008b5       0x2e c:/progra~2/gnuarm~1/102021~1.10/bin/../lib/gcc/arm-none-eabi/10.3.1/../../../../arm-none-eabi/lib/thumb/v7e-m/nofp\libg.a(lib_a-closer.o)
 .ARM.attributes
                0x000008e3       0x2e c:/progra~2/gnuarm~1/102021~1.10/bin/../lib/gcc/arm-none-eabi/10.3.1/../../../../arm-none-eabi/lib/thumb/v7e-m/nofp\libg.a(lib_a-fclose.o)
 .ARM.attributes
                0x00000911       0x2e c:/progra~2/gnuarm~1/102021~1.10/bin/../lib/gcc/arm-none-eabi/10.3.1/../../../../arm-none-eabi/lib/thumb/v7e-m/nofp\libg.a(lib_a-fflush.o)
 .ARM.attributes
                0x0000093f       0x2e c:/progra~2/gnuarm~1/102021~1.10/bin/../lib/gcc/arm-none-eabi/10.3.1/../../../../arm-none-eabi/lib/thumb/v7e-m/nofp\libg.a(lib_a-freer.o)
 .ARM.attributes
                0x0000096d       0x2e c:/progra~2/gnuarm~1/102021~1.10/bin/../lib/gcc/arm-none-eabi/10.3.1/../../../../arm-none-eabi/lib/thumb/v7e-m/nofp\libg.a(lib_a-lseekr.o)
 .ARM.attributes
                0x0000099b       0x2e c:/progra~2/gnuarm~1/102021~1.10/bin/../lib/gcc/arm-none-eabi/10.3.1/../../../../arm-none-eabi/lib/thumb/v7e-m/nofp\libg.a(lib_a-makebuf.o)
 .ARM.attributes
                0x000009c9       0x2e c:/progra~2/gnuarm~1/102021~1.10/bin/../lib/gcc/arm-none-eabi/10.3.1/../../../../arm-none-eabi/lib/thumb/v7e-m/nofp\libg.a(lib_a-readr.o)
 .ARM.attributes
                0x000009f7       0x2e c:/progra~2/gnuarm~1/102021~1.10/bin/../lib/gcc/arm-none-eabi/10.3.1/../../../../arm-none-eabi/lib/thumb/v7e-m/nofp\libg.a(lib_a-reent.o)
 .ARM.attributes
                0x00000a25       0x2e c:/progra~2/gnuarm~1/102021~1.10/bin/../lib/gcc/arm-none-eabi/10.3.1/../../../../arm-none-eabi/lib/thumb/v7e-m/nofp\libg.a(lib_a-fstatr.o)
 .ARM.attributes
                0x00000a53       0x2e c:/progra~2/gnuarm~1/102021~1.10/bin/../lib/gcc/arm-none-eabi/10.3.1/../../../../arm-none-eabi/lib/thumb/v7e-m/nofp\libg.a(lib_a-isattyr.o)
 .ARM.attributes
                0x00000a81       0x1e c:/progra~2/gnuarm~1/102021~1.10/bin/../lib/gcc/arm-none-eabi/10.3.1/thumb/v7e-m/nofp/crtn.o
OUTPUT(750XBH6_LVGL.elf elf32-littlearm)
LOAD linker stubs
LOAD c:/progra~2/gnuarm~1/102021~1.10/bin/../lib/gcc/arm-none-eabi/10.3.1/../../../../arm-none-eabi/lib/thumb/v7e-m/nofp\libc.a
LOAD c:/progra~2/gnuarm~1/102021~1.10/bin/../lib/gcc/arm-none-eabi/10.3.1/../../../../arm-none-eabi/lib/thumb/v7e-m/nofp\libm.a
LOAD c:/progra~2/gnuarm~1/102021~1.10/bin/../lib/gcc/arm-none-eabi/10.3.1/thumb/v7e-m/nofp\libgcc.a

.debug_info     0x00000000    0x175df
 .debug_info    0x00000000     0x1878 CMakeFiles/750XBH6_LVGL.elf.dir/Core/Src/fmc.c.obj
 .debug_info    0x00001878      0x54e CMakeFiles/750XBH6_LVGL.elf.dir/Core/Src/gpio.c.obj
 .debug_info    0x00001dc6      0xed1 CMakeFiles/750XBH6_LVGL.elf.dir/Core/Src/main.c.obj
 .debug_info    0x00002c97      0x4a0 CMakeFiles/750XBH6_LVGL.elf.dir/Core/Src/stm32h7xx_hal_msp.c.obj
 .debug_info    0x00003137      0x717 CMakeFiles/750XBH6_LVGL.elf.dir/Core/Src/stm32h7xx_it.c.obj
 .debug_info    0x0000384e      0x7af CMakeFiles/750XBH6_LVGL.elf.dir/Core/Src/syscalls.c.obj
 .debug_info    0x00003ffd      0x174 CMakeFiles/750XBH6_LVGL.elf.dir/Core/Src/sysmem.c.obj
 .debug_info    0x00004171      0xaf5 CMakeFiles/750XBH6_LVGL.elf.dir/Core/Src/system_stm32h7xx.c.obj
 .debug_info    0x00004c66     0x11b5 CMakeFiles/750XBH6_LVGL.elf.dir/Core/Src/usart.c.obj
 .debug_info    0x00005e1b       0x22 CMakeFiles/750XBH6_LVGL.elf.dir/Core/Startup/startup_stm32h750xbhx.s.obj
 .debug_info    0x00005e3d     0x16a6 CMakeFiles/750XBH6_LVGL.elf.dir/Drivers/STM32H7xx_HAL_Driver/Src/stm32h7xx_hal.c.obj
 .debug_info    0x000074e3     0x13f0 CMakeFiles/750XBH6_LVGL.elf.dir/Drivers/STM32H7xx_HAL_Driver/Src/stm32h7xx_hal_cortex.c.obj
 .debug_info    0x000088d3      0xd66 CMakeFiles/750XBH6_LVGL.elf.dir/Drivers/STM32H7xx_HAL_Driver/Src/stm32h7xx_hal_gpio.c.obj
 .debug_info    0x00009639     0x122e CMakeFiles/750XBH6_LVGL.elf.dir/Drivers/STM32H7xx_HAL_Driver/Src/stm32h7xx_hal_pwr_ex.c.obj
 .debug_info    0x0000a867     0x13c5 CMakeFiles/750XBH6_LVGL.elf.dir/Drivers/STM32H7xx_HAL_Driver/Src/stm32h7xx_hal_rcc.c.obj
 .debug_info    0x0000bc2c     0x2034 CMakeFiles/750XBH6_LVGL.elf.dir/Drivers/STM32H7xx_HAL_Driver/Src/stm32h7xx_hal_rcc_ex.c.obj
 .debug_info    0x0000dc60     0x12bd CMakeFiles/750XBH6_LVGL.elf.dir/Drivers/STM32H7xx_HAL_Driver/Src/stm32h7xx_hal_sdram.c.obj
 .debug_info    0x0000ef1d     0x674e CMakeFiles/750XBH6_LVGL.elf.dir/Drivers/STM32H7xx_HAL_Driver/Src/stm32h7xx_hal_uart.c.obj
 .debug_info    0x0001566b     0x124f CMakeFiles/750XBH6_LVGL.elf.dir/Drivers/STM32H7xx_HAL_Driver/Src/stm32h7xx_hal_uart_ex.c.obj
 .debug_info    0x000168ba      0xd25 CMakeFiles/750XBH6_LVGL.elf.dir/Drivers/STM32H7xx_HAL_Driver/Src/stm32h7xx_ll_fmc.c.obj

.debug_abbrev   0x00000000     0x2800
 .debug_abbrev  0x00000000      0x2e3 CMakeFiles/750XBH6_LVGL.elf.dir/Core/Src/fmc.c.obj
 .debug_abbrev  0x000002e3       0xe2 CMakeFiles/750XBH6_LVGL.elf.dir/Core/Src/gpio.c.obj
 .debug_abbrev  0x000003c5      0x252 CMakeFiles/750XBH6_LVGL.elf.dir/Core/Src/main.c.obj
 .debug_abbrev  0x00000617       0xd7 CMakeFiles/750XBH6_LVGL.elf.dir/Core/Src/stm32h7xx_hal_msp.c.obj
 .debug_abbrev  0x000006ee      0x179 CMakeFiles/750XBH6_LVGL.elf.dir/Core/Src/stm32h7xx_it.c.obj
 .debug_abbrev  0x00000867      0x1a3 CMakeFiles/750XBH6_LVGL.elf.dir/Core/Src/syscalls.c.obj
 .debug_abbrev  0x00000a0a       0xe7 CMakeFiles/750XBH6_LVGL.elf.dir/Core/Src/sysmem.c.obj
 .debug_abbrev  0x00000af1      0x162 CMakeFiles/750XBH6_LVGL.elf.dir/Core/Src/system_stm32h7xx.c.obj
 .debug_abbrev  0x00000c53      0x20b CMakeFiles/750XBH6_LVGL.elf.dir/Core/Src/usart.c.obj
 .debug_abbrev  0x00000e5e       0x12 CMakeFiles/750XBH6_LVGL.elf.dir/Core/Startup/startup_stm32h750xbhx.s.obj
 .debug_abbrev  0x00000e70      0x264 CMakeFiles/750XBH6_LVGL.elf.dir/Drivers/STM32H7xx_HAL_Driver/Src/stm32h7xx_hal.c.obj
 .debug_abbrev  0x000010d4      0x37d CMakeFiles/750XBH6_LVGL.elf.dir/Drivers/STM32H7xx_HAL_Driver/Src/stm32h7xx_hal_cortex.c.obj
 .debug_abbrev  0x00001451      0x239 CMakeFiles/750XBH6_LVGL.elf.dir/Drivers/STM32H7xx_HAL_Driver/Src/stm32h7xx_hal_gpio.c.obj
 .debug_abbrev  0x0000168a      0x29b CMakeFiles/750XBH6_LVGL.elf.dir/Drivers/STM32H7xx_HAL_Driver/Src/stm32h7xx_hal_pwr_ex.c.obj
 .debug_abbrev  0x00001925      0x28c CMakeFiles/750XBH6_LVGL.elf.dir/Drivers/STM32H7xx_HAL_Driver/Src/stm32h7xx_hal_rcc.c.obj
 .debug_abbrev  0x00001bb1      0x285 CMakeFiles/750XBH6_LVGL.elf.dir/Drivers/STM32H7xx_HAL_Driver/Src/stm32h7xx_hal_rcc_ex.c.obj
 .debug_abbrev  0x00001e36      0x200 CMakeFiles/750XBH6_LVGL.elf.dir/Drivers/STM32H7xx_HAL_Driver/Src/stm32h7xx_hal_sdram.c.obj
 .debug_abbrev  0x00002036      0x337 CMakeFiles/750XBH6_LVGL.elf.dir/Drivers/STM32H7xx_HAL_Driver/Src/stm32h7xx_hal_uart.c.obj
 .debug_abbrev  0x0000236d      0x2e7 CMakeFiles/750XBH6_LVGL.elf.dir/Drivers/STM32H7xx_HAL_Driver/Src/stm32h7xx_hal_uart_ex.c.obj
 .debug_abbrev  0x00002654      0x1ac CMakeFiles/750XBH6_LVGL.elf.dir/Drivers/STM32H7xx_HAL_Driver/Src/stm32h7xx_ll_fmc.c.obj

.debug_loc      0x00000000     0xc74f
 .debug_loc     0x00000000      0x375 CMakeFiles/750XBH6_LVGL.elf.dir/Core/Src/fmc.c.obj
 .debug_loc     0x00000375       0x23 CMakeFiles/750XBH6_LVGL.elf.dir/Core/Src/main.c.obj
 .debug_loc     0x00000398      0x3c5 CMakeFiles/750XBH6_LVGL.elf.dir/Core/Src/syscalls.c.obj
 .debug_loc     0x0000075d       0x64 CMakeFiles/750XBH6_LVGL.elf.dir/Core/Src/sysmem.c.obj
 .debug_loc     0x000007c1      0x21e CMakeFiles/750XBH6_LVGL.elf.dir/Core/Src/system_stm32h7xx.c.obj
 .debug_loc     0x000009df       0x64 CMakeFiles/750XBH6_LVGL.elf.dir/Core/Src/usart.c.obj
 .debug_loc     0x00000a43      0x3fa CMakeFiles/750XBH6_LVGL.elf.dir/Drivers/STM32H7xx_HAL_Driver/Src/stm32h7xx_hal.c.obj
 .debug_loc     0x00000e3d      0x726 CMakeFiles/750XBH6_LVGL.elf.dir/Drivers/STM32H7xx_HAL_Driver/Src/stm32h7xx_hal_cortex.c.obj
 .debug_loc     0x00001563      0x3c6 CMakeFiles/750XBH6_LVGL.elf.dir/Drivers/STM32H7xx_HAL_Driver/Src/stm32h7xx_hal_gpio.c.obj
 .debug_loc     0x00001929      0x4df CMakeFiles/750XBH6_LVGL.elf.dir/Drivers/STM32H7xx_HAL_Driver/Src/stm32h7xx_hal_pwr_ex.c.obj
 .debug_loc     0x00001e08      0x996 CMakeFiles/750XBH6_LVGL.elf.dir/Drivers/STM32H7xx_HAL_Driver/Src/stm32h7xx_hal_rcc.c.obj
 .debug_loc     0x0000279e     0x1fbe CMakeFiles/750XBH6_LVGL.elf.dir/Drivers/STM32H7xx_HAL_Driver/Src/stm32h7xx_hal_rcc_ex.c.obj
 .debug_loc     0x0000475c      0xfad CMakeFiles/750XBH6_LVGL.elf.dir/Drivers/STM32H7xx_HAL_Driver/Src/stm32h7xx_hal_sdram.c.obj
 .debug_loc     0x00005709     0x5d4e CMakeFiles/750XBH6_LVGL.elf.dir/Drivers/STM32H7xx_HAL_Driver/Src/stm32h7xx_hal_uart.c.obj
 .debug_loc     0x0000b457      0xba5 CMakeFiles/750XBH6_LVGL.elf.dir/Drivers/STM32H7xx_HAL_Driver/Src/stm32h7xx_hal_uart_ex.c.obj
 .debug_loc     0x0000bffc      0x753 CMakeFiles/750XBH6_LVGL.elf.dir/Drivers/STM32H7xx_HAL_Driver/Src/stm32h7xx_ll_fmc.c.obj

.debug_aranges  0x00000000      0xc98
 .debug_aranges
                0x00000000       0x58 CMakeFiles/750XBH6_LVGL.elf.dir/Core/Src/fmc.c.obj
 .debug_aranges
                0x00000058       0x20 CMakeFiles/750XBH6_LVGL.elf.dir/Core/Src/gpio.c.obj
 .debug_aranges
                0x00000078       0x38 CMakeFiles/750XBH6_LVGL.elf.dir/Core/Src/main.c.obj
 .debug_aranges
                0x000000b0       0x20 CMakeFiles/750XBH6_LVGL.elf.dir/Core/Src/stm32h7xx_hal_msp.c.obj
 .debug_aranges
                0x000000d0       0x68 CMakeFiles/750XBH6_LVGL.elf.dir/Core/Src/stm32h7xx_it.c.obj
 .debug_aranges
                0x00000138       0xa8 CMakeFiles/750XBH6_LVGL.elf.dir/Core/Src/syscalls.c.obj
 .debug_aranges
                0x000001e0       0x20 CMakeFiles/750XBH6_LVGL.elf.dir/Core/Src/sysmem.c.obj
 .debug_aranges
                0x00000200       0x28 CMakeFiles/750XBH6_LVGL.elf.dir/Core/Src/system_stm32h7xx.c.obj
 .debug_aranges
                0x00000228       0x30 CMakeFiles/750XBH6_LVGL.elf.dir/Core/Src/usart.c.obj
 .debug_aranges
                0x00000258       0x28 CMakeFiles/750XBH6_LVGL.elf.dir/Core/Startup/startup_stm32h750xbhx.s.obj
 .debug_aranges
                0x00000280      0x198 CMakeFiles/750XBH6_LVGL.elf.dir/Drivers/STM32H7xx_HAL_Driver/Src/stm32h7xx_hal.c.obj
 .debug_aranges
                0x00000418       0xb0 CMakeFiles/750XBH6_LVGL.elf.dir/Drivers/STM32H7xx_HAL_Driver/Src/stm32h7xx_hal_cortex.c.obj
 .debug_aranges
                0x000004c8       0x58 CMakeFiles/750XBH6_LVGL.elf.dir/Drivers/STM32H7xx_HAL_Driver/Src/stm32h7xx_hal_gpio.c.obj
 .debug_aranges
                0x00000520      0x158 CMakeFiles/750XBH6_LVGL.elf.dir/Drivers/STM32H7xx_HAL_Driver/Src/stm32h7xx_hal_pwr_ex.c.obj
 .debug_aranges
                0x00000678       0x88 CMakeFiles/750XBH6_LVGL.elf.dir/Drivers/STM32H7xx_HAL_Driver/Src/stm32h7xx_hal_rcc.c.obj
 .debug_aranges
                0x00000700       0xf8 CMakeFiles/750XBH6_LVGL.elf.dir/Drivers/STM32H7xx_HAL_Driver/Src/stm32h7xx_hal_rcc_ex.c.obj
 .debug_aranges
                0x000007f8       0xe8 CMakeFiles/750XBH6_LVGL.elf.dir/Drivers/STM32H7xx_HAL_Driver/Src/stm32h7xx_hal_sdram.c.obj
 .debug_aranges
                0x000008e0      0x248 CMakeFiles/750XBH6_LVGL.elf.dir/Drivers/STM32H7xx_HAL_Driver/Src/stm32h7xx_hal_uart.c.obj
 .debug_aranges
                0x00000b28       0xa8 CMakeFiles/750XBH6_LVGL.elf.dir/Drivers/STM32H7xx_HAL_Driver/Src/stm32h7xx_hal_uart_ex.c.obj
 .debug_aranges
                0x00000bd0       0xc8 CMakeFiles/750XBH6_LVGL.elf.dir/Drivers/STM32H7xx_HAL_Driver/Src/stm32h7xx_ll_fmc.c.obj

.debug_ranges   0x00000000      0xc90
 .debug_ranges  0x00000000       0x48 CMakeFiles/750XBH6_LVGL.elf.dir/Core/Src/fmc.c.obj
 .debug_ranges  0x00000048       0x10 CMakeFiles/750XBH6_LVGL.elf.dir/Core/Src/gpio.c.obj
 .debug_ranges  0x00000058       0x28 CMakeFiles/750XBH6_LVGL.elf.dir/Core/Src/main.c.obj
 .debug_ranges  0x00000080       0x10 CMakeFiles/750XBH6_LVGL.elf.dir/Core/Src/stm32h7xx_hal_msp.c.obj
 .debug_ranges  0x00000090       0x58 CMakeFiles/750XBH6_LVGL.elf.dir/Core/Src/stm32h7xx_it.c.obj
 .debug_ranges  0x000000e8       0x98 CMakeFiles/750XBH6_LVGL.elf.dir/Core/Src/syscalls.c.obj
 .debug_ranges  0x00000180       0x10 CMakeFiles/750XBH6_LVGL.elf.dir/Core/Src/sysmem.c.obj
 .debug_ranges  0x00000190       0x18 CMakeFiles/750XBH6_LVGL.elf.dir/Core/Src/system_stm32h7xx.c.obj
 .debug_ranges  0x000001a8       0x20 CMakeFiles/750XBH6_LVGL.elf.dir/Core/Src/usart.c.obj
 .debug_ranges  0x000001c8       0x20 CMakeFiles/750XBH6_LVGL.elf.dir/Core/Startup/startup_stm32h750xbhx.s.obj
 .debug_ranges  0x000001e8      0x188 CMakeFiles/750XBH6_LVGL.elf.dir/Drivers/STM32H7xx_HAL_Driver/Src/stm32h7xx_hal.c.obj
 .debug_ranges  0x00000370      0x100 CMakeFiles/750XBH6_LVGL.elf.dir/Drivers/STM32H7xx_HAL_Driver/Src/stm32h7xx_hal_cortex.c.obj
 .debug_ranges  0x00000470       0x48 CMakeFiles/750XBH6_LVGL.elf.dir/Drivers/STM32H7xx_HAL_Driver/Src/stm32h7xx_hal_gpio.c.obj
 .debug_ranges  0x000004b8      0x1a8 CMakeFiles/750XBH6_LVGL.elf.dir/Drivers/STM32H7xx_HAL_Driver/Src/stm32h7xx_hal_pwr_ex.c.obj
 .debug_ranges  0x00000660       0xe8 CMakeFiles/750XBH6_LVGL.elf.dir/Drivers/STM32H7xx_HAL_Driver/Src/stm32h7xx_hal_rcc.c.obj
 .debug_ranges  0x00000748       0xe8 CMakeFiles/750XBH6_LVGL.elf.dir/Drivers/STM32H7xx_HAL_Driver/Src/stm32h7xx_hal_rcc_ex.c.obj
 .debug_ranges  0x00000830       0xd8 CMakeFiles/750XBH6_LVGL.elf.dir/Drivers/STM32H7xx_HAL_Driver/Src/stm32h7xx_hal_sdram.c.obj
 .debug_ranges  0x00000908      0x238 CMakeFiles/750XBH6_LVGL.elf.dir/Drivers/STM32H7xx_HAL_Driver/Src/stm32h7xx_hal_uart.c.obj
 .debug_ranges  0x00000b40       0x98 CMakeFiles/750XBH6_LVGL.elf.dir/Drivers/STM32H7xx_HAL_Driver/Src/stm32h7xx_hal_uart_ex.c.obj
 .debug_ranges  0x00000bd8       0xb8 CMakeFiles/750XBH6_LVGL.elf.dir/Drivers/STM32H7xx_HAL_Driver/Src/stm32h7xx_ll_fmc.c.obj

.debug_line     0x00000000     0xfd76
 .debug_line    0x00000000      0x77d CMakeFiles/750XBH6_LVGL.elf.dir/Core/Src/fmc.c.obj
 .debug_line    0x0000077d      0x195 CMakeFiles/750XBH6_LVGL.elf.dir/Core/Src/gpio.c.obj
 .debug_line    0x00000912      0x46d CMakeFiles/750XBH6_LVGL.elf.dir/Core/Src/main.c.obj
 .debug_line    0x00000d7f      0x17e CMakeFiles/750XBH6_LVGL.elf.dir/Core/Src/stm32h7xx_hal_msp.c.obj
 .debug_line    0x00000efd      0x339 CMakeFiles/750XBH6_LVGL.elf.dir/Core/Src/stm32h7xx_it.c.obj
 .debug_line    0x00001236      0x405 CMakeFiles/750XBH6_LVGL.elf.dir/Core/Src/syscalls.c.obj
 .debug_line    0x0000163b      0x1b3 CMakeFiles/750XBH6_LVGL.elf.dir/Core/Src/sysmem.c.obj
 .debug_line    0x000017ee      0x418 CMakeFiles/750XBH6_LVGL.elf.dir/Core/Src/system_stm32h7xx.c.obj
 .debug_line    0x00001c06      0x3e6 CMakeFiles/750XBH6_LVGL.elf.dir/Core/Src/usart.c.obj
 .debug_line    0x00001fec       0xac CMakeFiles/750XBH6_LVGL.elf.dir/Core/Startup/startup_stm32h750xbhx.s.obj
 .debug_line    0x00002098      0x934 CMakeFiles/750XBH6_LVGL.elf.dir/Drivers/STM32H7xx_HAL_Driver/Src/stm32h7xx_hal.c.obj
 .debug_line    0x000029cc      0x7ff CMakeFiles/750XBH6_LVGL.elf.dir/Drivers/STM32H7xx_HAL_Driver/Src/stm32h7xx_hal_cortex.c.obj
 .debug_line    0x000031cb      0x704 CMakeFiles/750XBH6_LVGL.elf.dir/Drivers/STM32H7xx_HAL_Driver/Src/stm32h7xx_hal_gpio.c.obj
 .debug_line    0x000038cf      0xaf4 CMakeFiles/750XBH6_LVGL.elf.dir/Drivers/STM32H7xx_HAL_Driver/Src/stm32h7xx_hal_pwr_ex.c.obj
 .debug_line    0x000043c3     0x12de CMakeFiles/750XBH6_LVGL.elf.dir/Drivers/STM32H7xx_HAL_Driver/Src/stm32h7xx_hal_rcc.c.obj
 .debug_line    0x000056a1     0x1f98 CMakeFiles/750XBH6_LVGL.elf.dir/Drivers/STM32H7xx_HAL_Driver/Src/stm32h7xx_hal_rcc_ex.c.obj
 .debug_line    0x00007639      0xc31 CMakeFiles/750XBH6_LVGL.elf.dir/Drivers/STM32H7xx_HAL_Driver/Src/stm32h7xx_hal_sdram.c.obj
 .debug_line    0x0000826a     0x672b CMakeFiles/750XBH6_LVGL.elf.dir/Drivers/STM32H7xx_HAL_Driver/Src/stm32h7xx_hal_uart.c.obj
 .debug_line    0x0000e995      0xce4 CMakeFiles/750XBH6_LVGL.elf.dir/Drivers/STM32H7xx_HAL_Driver/Src/stm32h7xx_hal_uart_ex.c.obj
 .debug_line    0x0000f679      0x6fd CMakeFiles/750XBH6_LVGL.elf.dir/Drivers/STM32H7xx_HAL_Driver/Src/stm32h7xx_ll_fmc.c.obj

.debug_str      0x00000000     0x5494
 .debug_str     0x00000000     0x16cc CMakeFiles/750XBH6_LVGL.elf.dir/Core/Src/fmc.c.obj
                               0x17f6 (size before relaxing)
 .debug_str     0x000016cc       0x44 CMakeFiles/750XBH6_LVGL.elf.dir/Core/Src/gpio.c.obj
                                0x42c (size before relaxing)
 .debug_str     0x00001710      0x776 CMakeFiles/750XBH6_LVGL.elf.dir/Core/Src/main.c.obj
                                0xb2c (size before relaxing)
 .debug_str     0x00001e86       0x50 CMakeFiles/750XBH6_LVGL.elf.dir/Core/Src/stm32h7xx_hal_msp.c.obj
                                0x438 (size before relaxing)
 .debug_str     0x00001ed6       0xff CMakeFiles/750XBH6_LVGL.elf.dir/Core/Src/stm32h7xx_it.c.obj
                                0x786 (size before relaxing)
 .debug_str     0x00001fd5      0x22f CMakeFiles/750XBH6_LVGL.elf.dir/Core/Src/syscalls.c.obj
                                0x43d (size before relaxing)
 .debug_str     0x00002204       0x99 CMakeFiles/750XBH6_LVGL.elf.dir/Core/Src/sysmem.c.obj
                                0x269 (size before relaxing)
 .debug_str     0x0000229d      0x2a7 CMakeFiles/750XBH6_LVGL.elf.dir/Core/Src/system_stm32h7xx.c.obj
                                0x6ae (size before relaxing)
 .debug_str     0x00002544       0xcc CMakeFiles/750XBH6_LVGL.elf.dir/Core/Src/usart.c.obj
                                0xeae (size before relaxing)
 .debug_str     0x00002610       0x5a CMakeFiles/750XBH6_LVGL.elf.dir/Core/Startup/startup_stm32h750xbhx.s.obj
                                 0x9d (size before relaxing)
 .debug_str     0x0000266a      0x753 CMakeFiles/750XBH6_LVGL.elf.dir/Drivers/STM32H7xx_HAL_Driver/Src/stm32h7xx_hal.c.obj
                               0x1505 (size before relaxing)
 .debug_str     0x00002dbd      0x553 CMakeFiles/750XBH6_LVGL.elf.dir/Drivers/STM32H7xx_HAL_Driver/Src/stm32h7xx_hal_cortex.c.obj
                               0x109d (size before relaxing)
 .debug_str     0x00003310      0x13a CMakeFiles/750XBH6_LVGL.elf.dir/Drivers/STM32H7xx_HAL_Driver/Src/stm32h7xx_hal_gpio.c.obj
                                0x71a (size before relaxing)
 .debug_str     0x0000344a      0x578 CMakeFiles/750XBH6_LVGL.elf.dir/Drivers/STM32H7xx_HAL_Driver/Src/stm32h7xx_hal_pwr_ex.c.obj
                                0xa8f (size before relaxing)
 .debug_str     0x000039c2      0x1b6 CMakeFiles/750XBH6_LVGL.elf.dir/Drivers/STM32H7xx_HAL_Driver/Src/stm32h7xx_hal_rcc.c.obj
                                0xaa2 (size before relaxing)
 .debug_str     0x00003b78      0x5e9 CMakeFiles/750XBH6_LVGL.elf.dir/Drivers/STM32H7xx_HAL_Driver/Src/stm32h7xx_hal_rcc_ex.c.obj
                                0xfad (size before relaxing)
 .debug_str     0x00004161      0x378 CMakeFiles/750XBH6_LVGL.elf.dir/Drivers/STM32H7xx_HAL_Driver/Src/stm32h7xx_hal_sdram.c.obj
                                0xbfa (size before relaxing)
 .debug_str     0x000044d9      0x95f CMakeFiles/750XBH6_LVGL.elf.dir/Drivers/STM32H7xx_HAL_Driver/Src/stm32h7xx_hal_uart.c.obj
                               0x14f9 (size before relaxing)
 .debug_str     0x00004e38      0x26d CMakeFiles/750XBH6_LVGL.elf.dir/Drivers/STM32H7xx_HAL_Driver/Src/stm32h7xx_hal_uart_ex.c.obj
                                0xbe2 (size before relaxing)
 .debug_str     0x000050a5      0x3ef CMakeFiles/750XBH6_LVGL.elf.dir/Drivers/STM32H7xx_HAL_Driver/Src/stm32h7xx_ll_fmc.c.obj
                                0x8ff (size before relaxing)

.comment        0x00000000       0x49
 .comment       0x00000000       0x49 CMakeFiles/750XBH6_LVGL.elf.dir/Core/Src/fmc.c.obj
                                 0x4a (size before relaxing)
 .comment       0x00000049       0x4a CMakeFiles/750XBH6_LVGL.elf.dir/Core/Src/gpio.c.obj
 .comment       0x00000049       0x4a CMakeFiles/750XBH6_LVGL.elf.dir/Core/Src/main.c.obj
 .comment       0x00000049       0x4a CMakeFiles/750XBH6_LVGL.elf.dir/Core/Src/stm32h7xx_hal_msp.c.obj
 .comment       0x00000049       0x4a CMakeFiles/750XBH6_LVGL.elf.dir/Core/Src/stm32h7xx_it.c.obj
 .comment       0x00000049       0x4a CMakeFiles/750XBH6_LVGL.elf.dir/Core/Src/syscalls.c.obj
 .comment       0x00000049       0x4a CMakeFiles/750XBH6_LVGL.elf.dir/Core/Src/sysmem.c.obj
 .comment       0x00000049       0x4a CMakeFiles/750XBH6_LVGL.elf.dir/Core/Src/system_stm32h7xx.c.obj
 .comment       0x00000049       0x4a CMakeFiles/750XBH6_LVGL.elf.dir/Core/Src/usart.c.obj
 .comment       0x00000049       0x4a CMakeFiles/750XBH6_LVGL.elf.dir/Drivers/STM32H7xx_HAL_Driver/Src/stm32h7xx_hal.c.obj
 .comment       0x00000049       0x4a CMakeFiles/750XBH6_LVGL.elf.dir/Drivers/STM32H7xx_HAL_Driver/Src/stm32h7xx_hal_cortex.c.obj
 .comment       0x00000049       0x4a CMakeFiles/750XBH6_LVGL.elf.dir/Drivers/STM32H7xx_HAL_Driver/Src/stm32h7xx_hal_gpio.c.obj
 .comment       0x00000049       0x4a CMakeFiles/750XBH6_LVGL.elf.dir/Drivers/STM32H7xx_HAL_Driver/Src/stm32h7xx_hal_pwr_ex.c.obj
 .comment       0x00000049       0x4a CMakeFiles/750XBH6_LVGL.elf.dir/Drivers/STM32H7xx_HAL_Driver/Src/stm32h7xx_hal_rcc.c.obj
 .comment       0x00000049       0x4a CMakeFiles/750XBH6_LVGL.elf.dir/Drivers/STM32H7xx_HAL_Driver/Src/stm32h7xx_hal_rcc_ex.c.obj
 .comment       0x00000049       0x4a CMakeFiles/750XBH6_LVGL.elf.dir/Drivers/STM32H7xx_HAL_Driver/Src/stm32h7xx_hal_sdram.c.obj
 .comment       0x00000049       0x4a CMakeFiles/750XBH6_LVGL.elf.dir/Drivers/STM32H7xx_HAL_Driver/Src/stm32h7xx_hal_uart.c.obj
 .comment       0x00000049       0x4a CMakeFiles/750XBH6_LVGL.elf.dir/Drivers/STM32H7xx_HAL_Driver/Src/stm32h7xx_hal_uart_ex.c.obj
 .comment       0x00000049       0x4a CMakeFiles/750XBH6_LVGL.elf.dir/Drivers/STM32H7xx_HAL_Driver/Src/stm32h7xx_ll_fmc.c.obj

.debug_frame    0x00000000     0x2858
 .debug_frame   0x00000000       0xfc CMakeFiles/750XBH6_LVGL.elf.dir/Core/Src/fmc.c.obj
 .debug_frame   0x000000fc       0x28 CMakeFiles/750XBH6_LVGL.elf.dir/Core/Src/gpio.c.obj
 .debug_frame   0x00000124       0x74 CMakeFiles/750XBH6_LVGL.elf.dir/Core/Src/main.c.obj
 .debug_frame   0x00000198       0x28 CMakeFiles/750XBH6_LVGL.elf.dir/Core/Src/stm32h7xx_hal_msp.c.obj
 .debug_frame   0x000001c0       0xc0 CMakeFiles/750XBH6_LVGL.elf.dir/Core/Src/stm32h7xx_it.c.obj
 .debug_frame   0x00000280      0x190 CMakeFiles/750XBH6_LVGL.elf.dir/Core/Src/syscalls.c.obj
 .debug_frame   0x00000410       0x28 CMakeFiles/750XBH6_LVGL.elf.dir/Core/Src/sysmem.c.obj
 .debug_frame   0x00000438       0x40 CMakeFiles/750XBH6_LVGL.elf.dir/Core/Src/system_stm32h7xx.c.obj
 .debug_frame   0x00000478       0x64 CMakeFiles/750XBH6_LVGL.elf.dir/Core/Src/usart.c.obj
 .debug_frame   0x000004dc      0x360 CMakeFiles/750XBH6_LVGL.elf.dir/Drivers/STM32H7xx_HAL_Driver/Src/stm32h7xx_hal.c.obj
 .debug_frame   0x0000083c      0x158 CMakeFiles/750XBH6_LVGL.elf.dir/Drivers/STM32H7xx_HAL_Driver/Src/stm32h7xx_hal_cortex.c.obj
 .debug_frame   0x00000994       0xd0 CMakeFiles/750XBH6_LVGL.elf.dir/Drivers/STM32H7xx_HAL_Driver/Src/stm32h7xx_hal_gpio.c.obj
 .debug_frame   0x00000a64      0x2f4 CMakeFiles/750XBH6_LVGL.elf.dir/Drivers/STM32H7xx_HAL_Driver/Src/stm32h7xx_hal_pwr_ex.c.obj
 .debug_frame   0x00000d58      0x188 CMakeFiles/750XBH6_LVGL.elf.dir/Drivers/STM32H7xx_HAL_Driver/Src/stm32h7xx_hal_rcc.c.obj
 .debug_frame   0x00000ee0      0x284 CMakeFiles/750XBH6_LVGL.elf.dir/Drivers/STM32H7xx_HAL_Driver/Src/stm32h7xx_hal_rcc_ex.c.obj
 .debug_frame   0x00001164      0x27c CMakeFiles/750XBH6_LVGL.elf.dir/Drivers/STM32H7xx_HAL_Driver/Src/stm32h7xx_hal_sdram.c.obj
 .debug_frame   0x000013e0      0x680 CMakeFiles/750XBH6_LVGL.elf.dir/Drivers/STM32H7xx_HAL_Driver/Src/stm32h7xx_hal_uart.c.obj
 .debug_frame   0x00001a60      0x1c8 CMakeFiles/750XBH6_LVGL.elf.dir/Drivers/STM32H7xx_HAL_Driver/Src/stm32h7xx_hal_uart_ex.c.obj
 .debug_frame   0x00001c28      0x1c8 CMakeFiles/750XBH6_LVGL.elf.dir/Drivers/STM32H7xx_HAL_Driver/Src/stm32h7xx_ll_fmc.c.obj
 .debug_frame   0x00001df0       0x4c c:/progra~2/gnuarm~1/102021~1.10/bin/../lib/gcc/arm-none-eabi/10.3.1/thumb/v7e-m/nofp\libgcc.a(_arm_addsubsf3.o)
 .debug_frame   0x00001e3c       0x38 c:/progra~2/gnuarm~1/102021~1.10/bin/../lib/gcc/arm-none-eabi/10.3.1/thumb/v7e-m/nofp\libgcc.a(_arm_muldivsf3.o)
 .debug_frame   0x00001e74       0x24 c:/progra~2/gnuarm~1/102021~1.10/bin/../lib/gcc/arm-none-eabi/10.3.1/thumb/v7e-m/nofp\libgcc.a(_arm_fixunssfsi.o)
 .debug_frame   0x00001e98       0x2c c:/progra~2/gnuarm~1/102021~1.10/bin/../lib/gcc/arm-none-eabi/10.3.1/thumb/v7e-m/nofp\libgcc.a(_aeabi_uldivmod.o)
 .debug_frame   0x00001ec4       0x34 c:/progra~2/gnuarm~1/102021~1.10/bin/../lib/gcc/arm-none-eabi/10.3.1/thumb/v7e-m/nofp\libgcc.a(_udivmoddi4.o)
 .debug_frame   0x00001ef8       0x20 c:/progra~2/gnuarm~1/102021~1.10/bin/../lib/gcc/arm-none-eabi/10.3.1/../../../../arm-none-eabi/lib/thumb/v7e-m/nofp\libg.a(lib_a-errno.o)
 .debug_frame   0x00001f18       0x2c c:/progra~2/gnuarm~1/102021~1.10/bin/../lib/gcc/arm-none-eabi/10.3.1/../../../../arm-none-eabi/lib/thumb/v7e-m/nofp\libg.a(lib_a-init.o)
 .debug_frame   0x00001f44       0x2c c:/progra~2/gnuarm~1/102021~1.10/bin/../lib/gcc/arm-none-eabi/10.3.1/../../../../arm-none-eabi/lib/thumb/v7e-m/nofp\libg.a(lib_a-memset.o)
 .debug_frame   0x00001f70       0x4c c:/progra~2/gnuarm~1/102021~1.10/bin/../lib/gcc/arm-none-eabi/10.3.1/../../../../arm-none-eabi/lib/thumb/v7e-m/nofp\libg.a(lib_a-puts.o)
 .debug_frame   0x00001fbc       0x5c c:/progra~2/gnuarm~1/102021~1.10/bin/../lib/gcc/arm-none-eabi/10.3.1/../../../../arm-none-eabi/lib/thumb/v7e-m/nofp\libg.a(lib_a-__call_atexit.o)
 .debug_frame   0x00002018       0x20 c:/progra~2/gnuarm~1/102021~1.10/bin/../lib/gcc/arm-none-eabi/10.3.1/../../../../arm-none-eabi/lib/thumb/v7e-m/nofp\libg.a(lib_a-atexit.o)
 .debug_frame   0x00002038      0x154 c:/progra~2/gnuarm~1/102021~1.10/bin/../lib/gcc/arm-none-eabi/10.3.1/../../../../arm-none-eabi/lib/thumb/v7e-m/nofp\libg.a(lib_a-findfp.o)
 .debug_frame   0x0000218c       0x34 c:/progra~2/gnuarm~1/102021~1.10/bin/../lib/gcc/arm-none-eabi/10.3.1/../../../../arm-none-eabi/lib/thumb/v7e-m/nofp\libg.a(lib_a-fini.o)
 .debug_frame   0x000021c0       0x64 c:/progra~2/gnuarm~1/102021~1.10/bin/../lib/gcc/arm-none-eabi/10.3.1/../../../../arm-none-eabi/lib/thumb/v7e-m/nofp\libg.a(lib_a-fvwrite.o)
 .debug_frame   0x00002224       0x54 c:/progra~2/gnuarm~1/102021~1.10/bin/../lib/gcc/arm-none-eabi/10.3.1/../../../../arm-none-eabi/lib/thumb/v7e-m/nofp\libg.a(lib_a-fwalk.o)
 .debug_frame   0x00002278       0xb0 c:/progra~2/gnuarm~1/102021~1.10/bin/../lib/gcc/arm-none-eabi/10.3.1/../../../../arm-none-eabi/lib/thumb/v7e-m/nofp\libg.a(lib_a-lock.o)
 .debug_frame   0x00002328       0x4c c:/progra~2/gnuarm~1/102021~1.10/bin/../lib/gcc/arm-none-eabi/10.3.1/../../../../arm-none-eabi/lib/thumb/v7e-m/nofp\libg.a(lib_a-mallocr.o)
 .debug_frame   0x00002374       0x40 c:/progra~2/gnuarm~1/102021~1.10/bin/../lib/gcc/arm-none-eabi/10.3.1/../../../../arm-none-eabi/lib/thumb/v7e-m/nofp\libg.a(lib_a-memmove.o)
 .debug_frame   0x000023b4       0x30 c:/progra~2/gnuarm~1/102021~1.10/bin/../lib/gcc/arm-none-eabi/10.3.1/../../../../arm-none-eabi/lib/thumb/v7e-m/nofp\libg.a(lib_a-mlock.o)
 .debug_frame   0x000023e4       0x48 c:/progra~2/gnuarm~1/102021~1.10/bin/../lib/gcc/arm-none-eabi/10.3.1/../../../../arm-none-eabi/lib/thumb/v7e-m/nofp\libg.a(lib_a-reallocr.o)
 .debug_frame   0x0000242c       0x2c c:/progra~2/gnuarm~1/102021~1.10/bin/../lib/gcc/arm-none-eabi/10.3.1/../../../../arm-none-eabi/lib/thumb/v7e-m/nofp\libg.a(lib_a-sbrkr.o)
 .debug_frame   0x00002458       0x8c c:/progra~2/gnuarm~1/102021~1.10/bin/../lib/gcc/arm-none-eabi/10.3.1/../../../../arm-none-eabi/lib/thumb/v7e-m/nofp\libg.a(lib_a-stdio.o)
 .debug_frame   0x000024e4       0x2c c:/progra~2/gnuarm~1/102021~1.10/bin/../lib/gcc/arm-none-eabi/10.3.1/../../../../arm-none-eabi/lib/thumb/v7e-m/nofp\libg.a(lib_a-writer.o)
 .debug_frame   0x00002510       0x2c c:/progra~2/gnuarm~1/102021~1.10/bin/../lib/gcc/arm-none-eabi/10.3.1/../../../../arm-none-eabi/lib/thumb/v7e-m/nofp\libg.a(lib_a-wsetup.o)
 .debug_frame   0x0000253c       0x34 c:/progra~2/gnuarm~1/102021~1.10/bin/../lib/gcc/arm-none-eabi/10.3.1/../../../../arm-none-eabi/lib/thumb/v7e-m/nofp\libg.a(lib_a-__atexit.o)
 .debug_frame   0x00002570       0x2c c:/progra~2/gnuarm~1/102021~1.10/bin/../lib/gcc/arm-none-eabi/10.3.1/../../../../arm-none-eabi/lib/thumb/v7e-m/nofp\libg.a(lib_a-closer.o)
 .debug_frame   0x0000259c       0x3c c:/progra~2/gnuarm~1/102021~1.10/bin/../lib/gcc/arm-none-eabi/10.3.1/../../../../arm-none-eabi/lib/thumb/v7e-m/nofp\libg.a(lib_a-fclose.o)
 .debug_frame   0x000025d8       0x70 c:/progra~2/gnuarm~1/102021~1.10/bin/../lib/gcc/arm-none-eabi/10.3.1/../../../../arm-none-eabi/lib/thumb/v7e-m/nofp\libg.a(lib_a-fflush.o)
 .debug_frame   0x00002648       0x8c c:/progra~2/gnuarm~1/102021~1.10/bin/../lib/gcc/arm-none-eabi/10.3.1/../../../../arm-none-eabi/lib/thumb/v7e-m/nofp\libg.a(lib_a-freer.o)
 .debug_frame   0x000026d4       0x2c c:/progra~2/gnuarm~1/102021~1.10/bin/../lib/gcc/arm-none-eabi/10.3.1/../../../../arm-none-eabi/lib/thumb/v7e-m/nofp\libg.a(lib_a-lseekr.o)
 .debug_frame   0x00002700       0x70 c:/progra~2/gnuarm~1/102021~1.10/bin/../lib/gcc/arm-none-eabi/10.3.1/../../../../arm-none-eabi/lib/thumb/v7e-m/nofp\libg.a(lib_a-makebuf.o)
 .debug_frame   0x00002770       0x2c c:/progra~2/gnuarm~1/102021~1.10/bin/../lib/gcc/arm-none-eabi/10.3.1/../../../../arm-none-eabi/lib/thumb/v7e-m/nofp\libg.a(lib_a-readr.o)
 .debug_frame   0x0000279c       0x64 c:/progra~2/gnuarm~1/102021~1.10/bin/../lib/gcc/arm-none-eabi/10.3.1/../../../../arm-none-eabi/lib/thumb/v7e-m/nofp\libg.a(lib_a-reent.o)
 .debug_frame   0x00002800       0x2c c:/progra~2/gnuarm~1/102021~1.10/bin/../lib/gcc/arm-none-eabi/10.3.1/../../../../arm-none-eabi/lib/thumb/v7e-m/nofp\libg.a(lib_a-fstatr.o)
 .debug_frame   0x0000282c       0x2c c:/progra~2/gnuarm~1/102021~1.10/bin/../lib/gcc/arm-none-eabi/10.3.1/../../../../arm-none-eabi/lib/thumb/v7e-m/nofp\libg.a(lib_a-isattyr.o)
